worker-d1-urllc-1-1  | INFO:httpx:HTTP Request: POST http://broker-d1:8080/result "HTTP/1.1 200 OK"
worker-d1-urllc-1-1  | INFO:     172.28.0.2:50982 - "POST /execute HTTP/1.1" 200 OK
broker-d1-1          | INFO:httpx:HTTP Request: POST http://172.28.0.3:8081/execute "HTTP/1.1 200 OK"
broker-d1-1          | INFO:     172.29.0.4:32896 - "POST /publish HTTP/1.1" 200 OK
workload-1           | INFO:httpx:HTTP Request: POST http://broker-d1:8080/publish "HTTP/1.1 200 OK"
broker-d1-1          | INFO:     172.27.0.3:36974 - "POST /result HTTP/1.1" 200 OK
worker-d1-embb-1-1   | INFO:httpx:HTTP Request: POST http://broker-d1:8080/result "HTTP/1.1 200 OK"
worker-d1-embb-1-1   | INFO:     172.27.0.2:55452 - "POST /execute HTTP/1.1" 200 OK
broker-d1-1          | INFO:httpx:HTTP Request: POST http://172.27.0.3:8081/execute "HTTP/1.1 200 OK"
broker-d1-1          | INFO:     172.28.0.4:42240 - "POST /result HTTP/1.1" 200 OK
worker-d1-urllc-2-1  | INFO:httpx:HTTP Request: POST http://broker-d1:8080/result "HTTP/1.1 200 OK"
worker-d1-urllc-2-1  | INFO:     172.28.0.2:56320 - "POST /execute HTTP/1.1" 200 OK
broker-d1-1          | INFO:httpx:HTTP Request: POST http://172.28.0.4:8081/execute "HTTP/1.1 200 OK"
broker-d1-1          | INFO:     172.28.0.3:42996 - "POST /result HTTP/1.1" 200 OK
worker-d1-urllc-1-1  | INFO:httpx:HTTP Request: POST http://broker-d1:8080/result "HTTP/1.1 200 OK"
worker-d1-urllc-1-1  | INFO:     172.28.0.2:51024 - "POST /execute HTTP/1.1" 200 OK
broker-d1-1          | INFO:httpx:HTTP Request: POST http://172.28.0.3:8081/execute "HTTP/1.1 200 OK"
broker-d1-1          | INFO:     172.29.0.4:45802 - "POST /publish HTTP/1.1" 200 OK
workload-1           | INFO:httpx:HTTP Request: POST http://broker-d1:8080/publish "HTTP/1.1 200 OK"
broker-d1-1          | INFO:     172.28.0.4:42292 - "POST /result HTTP/1.1" 200 OK
worker-d1-urllc-2-1  | INFO:httpx:HTTP Request: POST http://broker-d1:8080/result "HTTP/1.1 200 OK"
worker-d1-urllc-2-1  | INFO:     172.28.0.2:56320 - "POST /execute HTTP/1.1" 200 OK
broker-d1-1          | INFO:httpx:HTTP Request: POST http://172.28.0.4:8081/execute "HTTP/1.1 200 OK"
broker-d1-1          | INFO:     172.28.0.3:42982 - "POST /result HTTP/1.1" 200 OK
worker-d1-urllc-1-1  | INFO:httpx:HTTP Request: POST http://broker-d1:8080/result "HTTP/1.1 200 OK"
worker-d1-urllc-1-1  | INFO:     172.28.0.2:51016 - "POST /execute HTTP/1.1" 200 OK
broker-d1-1          | INFO:httpx:HTTP Request: POST http://172.28.0.3:8081/execute "HTTP/1.1 200 OK"
broker-d1-1          | INFO:     172.27.0.3:41530 - "POST /result HTTP/1.1" 200 OK
worker-d1-embb-1-1   | INFO:httpx:HTTP Request: POST http://broker-d1:8080/result "HTTP/1.1 200 OK"
worker-d1-embb-1-1   | INFO:     172.27.0.2:55364 - "POST /execute HTTP/1.1" 200 OK
broker-d1-1          | INFO:httpx:HTTP Request: POST http://172.27.0.3:8081/execute "HTTP/1.1 200 OK"
broker-d1-1          | INFO:     172.28.0.4:42292 - "POST /result HTTP/1.1" 200 OK
worker-d1-urllc-2-1  | INFO:httpx:HTTP Request: POST http://broker-d1:8080/result "HTTP/1.1 200 OK"
broker-d1-1          | INFO:     172.28.0.4:39466 - "POST /result HTTP/1.1" 200 OK
broker-d1-1          | INFO:     172.28.0.4:39460 - "POST /result HTTP/1.1" 200 OK
worker-d1-urllc-2-1  | INFO:     172.28.0.2:56324 - "POST /execute HTTP/1.1" 200 OK
worker-d1-urllc-2-1  | INFO:httpx:HTTP Request: POST http://broker-d1:8080/result "HTTP/1.1 200 OK"
broker-d1-1          | INFO:httpx:HTTP Request: POST http://172.28.0.4:8081/execute "HTTP/1.1 200 OK"
worker-d1-urllc-2-1  | INFO:httpx:HTTP Request: POST http://broker-d1:8080/result "HTTP/1.1 200 OK"
broker-d1-1          | INFO:     172.28.0.3:42996 - "POST /result HTTP/1.1" 200 OK
worker-d1-urllc-2-1  | INFO:     172.28.0.2:56336 - "POST /execute HTTP/1.1" 200 OK
broker-d1-1          | INFO:httpx:HTTP Request: POST http://172.28.0.4:8081/execute "HTTP/1.1 200 OK"
worker-d1-urllc-1-1  | INFO:httpx:HTTP Request: POST http://broker-d1:8080/result "HTTP/1.1 200 OK"
worker-d1-urllc-2-1  | INFO:     172.28.0.2:56344 - "POST /execute HTTP/1.1" 200 OK
broker-d1-1          | INFO:httpx:HTTP Request: POST http://172.28.0.4:8081/execute "HTTP/1.1 200 OK"
broker-d1-1          | INFO:     172.28.0.3:42988 - "POST /result HTTP/1.1" 200 OK
worker-d1-urllc-1-1  | INFO:     172.28.0.2:50982 - "POST /execute HTTP/1.1" 200 OK
broker-d1-1          | INFO:     172.28.0.3:43000 - "POST /result HTTP/1.1" 200 OK
worker-d1-urllc-1-1  | INFO:httpx:HTTP Request: POST http://broker-d1:8080/result "HTTP/1.1 200 OK"
broker-d1-1          | INFO:httpx:HTTP Request: POST http://172.28.0.3:8081/execute "HTTP/1.1 200 OK"
worker-d1-urllc-1-1  | INFO:     172.28.0.2:51032 - "POST /execute HTTP/1.1" 200 OK
worker-d1-urllc-1-1  | INFO:httpx:HTTP Request: POST http://broker-d1:8080/result "HTTP/1.1 200 OK"
broker-d1-1          | INFO:httpx:HTTP Request: POST http://172.28.0.3:8081/execute "HTTP/1.1 200 OK"
broker-d1-1          | INFO:     172.27.0.3:41534 - "POST /result HTTP/1.1" 200 OK
broker-d1-1          | INFO:     172.28.0.3:39868 - "POST /result HTTP/1.1" 200 OK
worker-d1-urllc-1-1  | INFO:     172.28.0.2:51018 - "POST /execute HTTP/1.1" 200 OK
worker-d1-embb-1-1   | INFO:httpx:HTTP Request: POST http://broker-d1:8080/result "HTTP/1.1 200 OK"
broker-d1-1          | INFO:httpx:HTTP Request: POST http://172.28.0.3:8081/execute "HTTP/1.1 200 OK"
worker-d1-urllc-1-1  | INFO:httpx:HTTP Request: POST http://broker-d1:8080/result "HTTP/1.1 200 OK"
worker-d1-urllc-1-1  | INFO:     172.28.0.2:50992 - "POST /execute HTTP/1.1" 200 OK
broker-d1-1          | INFO:     172.27.0.3:60574 - "POST /result HTTP/1.1" 200 OK
worker-d1-embb-1-1   | INFO:     172.27.0.2:55400 - "POST /execute HTTP/1.1" 200 OK
broker-d1-1          | INFO:httpx:HTTP Request: POST http://172.28.0.3:8081/execute "HTTP/1.1 200 OK"
worker-d1-embb-1-1   | INFO:httpx:HTTP Request: POST http://broker-d1:8080/result "HTTP/1.1 200 OK"
broker-d1-1          | INFO:httpx:HTTP Request: POST http://172.27.0.3:8081/execute "HTTP/1.1 200 OK"
worker-d1-embb-1-1   | INFO:     172.27.0.2:55424 - "POST /execute HTTP/1.1" 200 OK
broker-d1-1          | INFO:     172.28.0.4:54176 - "POST /result HTTP/1.1" 200 OK
broker-d1-1          | INFO:httpx:HTTP Request: POST http://172.27.0.3:8081/execute "HTTP/1.1 200 OK"
worker-d1-urllc-2-1  | INFO:httpx:HTTP Request: POST http://broker-d1:8080/result "HTTP/1.1 200 OK"
broker-d1-1          | INFO:     172.28.0.3:44594 - "POST /result HTTP/1.1" 200 OK
worker-d1-urllc-2-1  | INFO:     172.28.0.2:56270 - "POST /execute HTTP/1.1" 200 OK
broker-d1-1          | INFO:httpx:HTTP Request: POST http://172.28.0.4:8081/execute "HTTP/1.1 200 OK"
worker-d1-urllc-1-1  | INFO:httpx:HTTP Request: POST http://broker-d1:8080/result "HTTP/1.1 200 OK"
worker-d1-urllc-1-1  | INFO:     172.28.0.2:50988 - "POST /execute HTTP/1.1" 200 OK
broker-d1-1          | INFO:httpx:HTTP Request: POST http://172.28.0.3:8081/execute "HTTP/1.1 200 OK"
broker-d1-1          | INFO:     172.29.0.4:32886 - "POST /publish HTTP/1.1" 200 OK
workload-1           | INFO:httpx:HTTP Request: POST http://broker-d1:8080/publish "HTTP/1.1 200 OK"
broker-d1-1          | INFO:     172.28.0.3:44594 - "POST /result HTTP/1.1" 200 OK
worker-d1-urllc-1-1  | INFO:httpx:HTTP Request: POST http://broker-d1:8080/result "HTTP/1.1 200 OK"
worker-d1-urllc-1-1  | INFO:     172.28.0.2:51060 - "POST /execute HTTP/1.1" 200 OK
broker-d1-1          | INFO:httpx:HTTP Request: POST http://172.28.0.3:8081/execute "HTTP/1.1 200 OK"
broker-d1-1          | INFO:     172.27.0.3:36980 - "POST /result HTTP/1.1" 200 OK
worker-d1-embb-1-1   | INFO:httpx:HTTP Request: POST http://broker-d1:8080/result "HTTP/1.1 200 OK"
worker-d1-embb-1-1   | INFO:     172.27.0.2:55452 - "POST /execute HTTP/1.1" 200 OK
broker-d1-1          | INFO:httpx:HTTP Request: POST http://172.27.0.3:8081/execute "HTTP/1.1 200 OK"
broker-d1-1          | INFO:     172.28.0.4:42216 - "POST /result HTTP/1.1" 200 OK
worker-d1-urllc-2-1  | INFO:httpx:HTTP Request: POST http://broker-d1:8080/result "HTTP/1.1 200 OK"
worker-d1-urllc-2-1  | INFO:     172.28.0.2:56292 - "POST /execute HTTP/1.1" 200 OK
broker-d1-1          | INFO:httpx:HTTP Request: POST http://172.28.0.4:8081/execute "HTTP/1.1 200 OK"
broker-d1-1          | INFO:     172.29.0.4:32896 - "POST /publish HTTP/1.1" 200 OK
workload-1           | INFO:httpx:HTTP Request: POST http://broker-d1:8080/publish "HTTP/1.1 200 OK"
broker-d1-1          | INFO:     172.28.0.3:44594 - "POST /result HTTP/1.1" 200 OK
worker-d1-urllc-1-1  | INFO:httpx:HTTP Request: POST http://broker-d1:8080/result "HTTP/1.1 200 OK"
worker-d1-urllc-1-1  | INFO:     172.28.0.2:51066 - "POST /execute HTTP/1.1" 200 OK
broker-d1-1          | INFO:httpx:HTTP Request: POST http://172.28.0.3:8081/execute "HTTP/1.1 200 OK"
broker-d1-1          | INFO:     172.27.0.3:36984 - "POST /result HTTP/1.1" 200 OK
worker-d1-embb-1-1   | INFO:httpx:HTTP Request: POST http://broker-d1:8080/result "HTTP/1.1 200 OK"
worker-d1-embb-1-1   | INFO:     172.27.0.2:55464 - "POST /execute HTTP/1.1" 200 OK
broker-d1-1          | INFO:httpx:HTTP Request: POST http://172.27.0.3:8081/execute "HTTP/1.1 200 OK"
broker-d1-1          | INFO:     172.28.0.4:42224 - "POST /result HTTP/1.1" 200 OK
worker-d1-urllc-2-1  | INFO:httpx:HTTP Request: POST http://broker-d1:8080/result "HTTP/1.1 200 OK"
worker-d1-urllc-2-1  | INFO:     172.28.0.2:56290 - "POST /execute HTTP/1.1" 200 OK
broker-d1-1          | INFO:httpx:HTTP Request: POST http://172.28.0.4:8081/execute "HTTP/1.1 200 OK"
broker-d1-1          | INFO:     172.28.0.3:44594 - "POST /result HTTP/1.1" 200 OK
broker-d1-1          | INFO:     172.28.0.3:39868 - "POST /result HTTP/1.1" 200 OK
worker-d1-urllc-1-1  | INFO:httpx:HTTP Request: POST http://broker-d1:8080/result "HTTP/1.1 200 OK"
worker-d1-urllc-1-1  | INFO:     172.28.0.2:51078 - "POST /execute HTTP/1.1" 200 OK
worker-d1-urllc-1-1  | INFO:httpx:HTTP Request: POST http://broker-d1:8080/result "HTTP/1.1 200 OK"
broker-d1-1          | INFO:httpx:HTTP Request: POST http://172.28.0.3:8081/execute "HTTP/1.1 200 OK"
worker-d1-urllc-1-1  | INFO:     172.28.0.2:51080 - "POST /execute HTTP/1.1" 200 OK
broker-d1-1          | INFO:     172.28.0.3:42982 - "POST /result HTTP/1.1" 200 OK
broker-d1-1          | INFO:     172.27.0.3:41530 - "POST /result HTTP/1.1" 200 OK
worker-d1-urllc-1-1  | INFO:httpx:HTTP Request: POST http://broker-d1:8080/result "HTTP/1.1 200 OK"
broker-d1-1          | INFO:httpx:HTTP Request: POST http://172.28.0.3:8081/execute "HTTP/1.1 200 OK"
broker-d1-1          | INFO:     172.27.0.3:37000 - "POST /result HTTP/1.1" 200 OK
worker-d1-embb-1-1   | INFO:httpx:HTTP Request: POST http://broker-d1:8080/result "HTTP/1.1 200 OK"
worker-d1-urllc-1-1  | INFO:     172.28.0.2:51082 - "POST /execute HTTP/1.1" 200 OK
broker-d1-1          | INFO:httpx:HTTP Request: POST http://172.28.0.3:8081/execute "HTTP/1.1 200 OK"
worker-d1-embb-1-1   | INFO:     172.27.0.2:55478 - "POST /execute HTTP/1.1" 200 OK
broker-d1-1          | INFO:     172.27.0.3:37006 - "POST /result HTTP/1.1" 200 OK
worker-d1-embb-1-1   | INFO:httpx:HTTP Request: POST http://broker-d1:8080/result "HTTP/1.1 200 OK"
broker-d1-1          | INFO:httpx:HTTP Request: POST http://172.27.0.3:8081/execute "HTTP/1.1 200 OK"
worker-d1-embb-1-1   | INFO:     172.27.0.2:55492 - "POST /execute HTTP/1.1" 200 OK
broker-d1-1          | INFO:     172.28.0.3:42976 - "POST /result HTTP/1.1" 200 OK
worker-d1-embb-1-1   | INFO:httpx:HTTP Request: POST http://broker-d1:8080/result "HTTP/1.1 200 OK"
broker-d1-1          | INFO:httpx:HTTP Request: POST http://172.27.0.3:8081/execute "HTTP/1.1 200 OK"
worker-d1-embb-1-1   | INFO:     172.27.0.2:55508 - "POST /execute HTTP/1.1" 200 OK
worker-d1-urllc-1-1  | INFO:httpx:HTTP Request: POST http://broker-d1:8080/result "HTTP/1.1 200 OK"
broker-d1-1          | INFO:     172.28.0.4:42240 - "POST /result HTTP/1.1" 200 OK
broker-d1-1          | INFO:httpx:HTTP Request: POST http://172.27.0.3:8081/execute "HTTP/1.1 200 OK"
broker-d1-1          | INFO:     172.28.0.4:42252 - "POST /result HTTP/1.1" 200 OK
worker-d1-urllc-1-1  | INFO:     172.28.0.2:51024 - "POST /execute HTTP/1.1" 200 OK
broker-d1-1          | INFO:httpx:HTTP Request: POST http://172.28.0.3:8081/execute "HTTP/1.1 200 OK"
worker-d1-urllc-2-1  | INFO:httpx:HTTP Request: POST http://broker-d1:8080/result "HTTP/1.1 200 OK"
worker-d1-urllc-2-1  | INFO:     172.28.0.2:56304 - "POST /execute HTTP/1.1" 200 OK
worker-d1-urllc-2-1  | INFO:httpx:HTTP Request: POST http://broker-d1:8080/result "HTTP/1.1 200 OK"
broker-d1-1          | INFO:httpx:HTTP Request: POST http://172.28.0.4:8081/execute "HTTP/1.1 200 OK"
worker-d1-urllc-2-1  | INFO:     172.28.0.2:56318 - "POST /execute HTTP/1.1" 200 OK
broker-d1-1          | INFO:httpx:HTTP Request: POST http://172.28.0.4:8081/execute "HTTP/1.1 200 OK"
broker-d1-1          | INFO:     172.27.0.3:36974 - "POST /result HTTP/1.1" 200 OK
broker-d1-1          | INFO:     172.28.0.3:42974 - "POST /result HTTP/1.1" 200 OK
worker-d1-embb-1-1   | INFO:httpx:HTTP Request: POST http://broker-d1:8080/result "HTTP/1.1 200 OK"
worker-d1-urllc-1-1  | INFO:httpx:HTTP Request: POST http://broker-d1:8080/result "HTTP/1.1 200 OK"
worker-d1-embb-1-1   | INFO:     172.27.0.2:55440 - "POST /execute HTTP/1.1" 200 OK
worker-d1-urllc-1-1  | INFO:     172.28.0.2:51046 - "POST /execute HTTP/1.1" 200 OK
broker-d1-1          | INFO:httpx:HTTP Request: POST http://172.27.0.3:8081/execute "HTTP/1.1 200 OK"
broker-d1-1          | INFO:httpx:HTTP Request: POST http://172.28.0.3:8081/execute "HTTP/1.1 200 OK"
broker-d1-1          | INFO:     172.29.0.4:32874 - "POST /publish HTTP/1.1" 200 OK
workload-1           | INFO:httpx:HTTP Request: POST http://broker-d1:8080/publish "HTTP/1.1 200 OK"
broker-d1-1          | INFO:     172.28.0.3:44594 - "POST /result HTTP/1.1" 200 OK
worker-d1-urllc-1-1  | INFO:httpx:HTTP Request: POST http://broker-d1:8080/result "HTTP/1.1 200 OK"
worker-d1-urllc-1-1  | INFO:     172.28.0.2:51086 - "POST /execute HTTP/1.1" 200 OK
broker-d1-1          | INFO:httpx:HTTP Request: POST http://172.28.0.3:8081/execute "HTTP/1.1 200 OK"
broker-d1-1          | INFO:     172.27.0.3:41534 - "POST /result HTTP/1.1" 200 OK
worker-d1-embb-1-1   | INFO:httpx:HTTP Request: POST http://broker-d1:8080/result "HTTP/1.1 200 OK"
worker-d1-embb-1-1   | INFO:     172.27.0.2:55510 - "POST /execute HTTP/1.1" 200 OK
broker-d1-1          | INFO:httpx:HTTP Request: POST http://172.27.0.3:8081/execute "HTTP/1.1 200 OK"
broker-d1-1          | INFO:     172.28.0.4:42256 - "POST /result HTTP/1.1" 200 OK
worker-d1-urllc-2-1  | INFO:httpx:HTTP Request: POST http://broker-d1:8080/result "HTTP/1.1 200 OK"
worker-d1-urllc-2-1  | INFO:     172.28.0.2:56350 - "POST /execute HTTP/1.1" 200 OK
broker-d1-1          | INFO:httpx:HTTP Request: POST http://172.28.0.4:8081/execute "HTTP/1.1 200 OK"
broker-d1-1          | INFO:     172.29.0.4:45784 - "POST /publish HTTP/1.1" 200 OK
workload-1           | INFO:httpx:HTTP Request: POST http://broker-d1:8080/publish "HTTP/1.1 200 OK"
broker-d1-1          | INFO:     172.28.0.3:44594 - "POST /result HTTP/1.1" 200 OK
worker-d1-urllc-1-1  | INFO:httpx:HTTP Request: POST http://broker-d1:8080/result "HTTP/1.1 200 OK"
worker-d1-urllc-1-1  | INFO:     172.28.0.2:51088 - "POST /execute HTTP/1.1" 200 OK
broker-d1-1          | INFO:httpx:HTTP Request: POST http://172.28.0.3:8081/execute "HTTP/1.1 200 OK"
broker-d1-1          | INFO:     172.27.0.3:60574 - "POST /result HTTP/1.1" 200 OK
worker-d1-embb-1-1   | INFO:httpx:HTTP Request: POST http://broker-d1:8080/result "HTTP/1.1 200 OK"
worker-d1-embb-1-1   | INFO:     172.27.0.2:55516 - "POST /execute HTTP/1.1" 200 OK
broker-d1-1          | INFO:httpx:HTTP Request: POST http://172.27.0.3:8081/execute "HTTP/1.1 200 OK"
broker-d1-1          | INFO:     172.28.0.4:42286 - "POST /result HTTP/1.1" 200 OK
worker-d1-urllc-2-1  | INFO:httpx:HTTP Request: POST http://broker-d1:8080/result "HTTP/1.1 200 OK"
worker-d1-urllc-2-1  | INFO:     172.28.0.2:56358 - "POST /execute HTTP/1.1" 200 OK
broker-d1-1          | INFO:httpx:HTTP Request: POST http://172.28.0.4:8081/execute "HTTP/1.1 200 OK"
broker-d1-1          | INFO:     172.29.0.4:45796 - "POST /publish HTTP/1.1" 200 OK
workload-1           | INFO:httpx:HTTP Request: POST http://broker-d1:8080/publish "HTTP/1.1 200 OK"
broker-d1-1          | INFO:     172.28.0.3:42976 - "POST /result HTTP/1.1" 200 OK
worker-d1-urllc-1-1  | INFO:httpx:HTTP Request: POST http://broker-d1:8080/result "HTTP/1.1 200 OK"
worker-d1-urllc-1-1  | INFO:     172.28.0.2:51024 - "POST /execute HTTP/1.1" 200 OK
broker-d1-1          | INFO:httpx:HTTP Request: POST http://172.28.0.3:8081/execute "HTTP/1.1 200 OK"
broker-d1-1          | INFO:     172.27.0.3:41530 - "POST /result HTTP/1.1" 200 OK
worker-d1-embb-1-1   | INFO:httpx:HTTP Request: POST http://broker-d1:8080/result "HTTP/1.1 200 OK"
worker-d1-embb-1-1   | INFO:     172.27.0.2:55440 - "POST /execute HTTP/1.1" 200 OK
broker-d1-1          | INFO:httpx:HTTP Request: POST http://172.27.0.3:8081/execute "HTTP/1.1 200 OK"
broker-d1-1          | INFO:     172.28.0.4:54176 - "POST /result HTTP/1.1" 200 OK
worker-d1-urllc-2-1  | INFO:httpx:HTTP Request: POST http://broker-d1:8080/result "HTTP/1.1 200 OK"
worker-d1-urllc-2-1  | INFO:     172.28.0.2:56290 - "POST /execute HTTP/1.1" 200 OK
broker-d1-1          | INFO:httpx:HTTP Request: POST http://172.28.0.4:8081/execute "HTTP/1.1 200 OK"
broker-d1-1          | INFO:     172.29.0.4:32874 - "POST /publish HTTP/1.1" 200 OK
workload-1           | INFO:httpx:HTTP Request: POST http://broker-d1:8080/publish "HTTP/1.1 200 OK"
broker-d1-1          | INFO:     172.27.0.3:41530 - "POST /result HTTP/1.1" 200 OK
worker-d1-embb-1-1   | INFO:httpx:HTTP Request: POST http://broker-d1:8080/result "HTTP/1.1 200 OK"
worker-d1-embb-1-1   | INFO:     172.27.0.2:36434 - "POST /execute HTTP/1.1" 200 OK
broker-d1-1          | INFO:     172.27.0.3:60574 - "POST /result HTTP/1.1" 200 OK
worker-d1-embb-1-1   | INFO:httpx:HTTP Request: POST http://broker-d1:8080/result "HTTP/1.1 200 OK"
broker-d1-1          | INFO:httpx:HTTP Request: POST http://172.27.0.3:8081/execute "HTTP/1.1 200 OK"
worker-d1-embb-1-1   | INFO:     172.27.0.2:55440 - "POST /execute HTTP/1.1" 200 OK
broker-d1-1          | INFO:httpx:HTTP Request: POST http://172.27.0.3:8081/execute "HTTP/1.1 200 OK"
broker-d1-1          | INFO:     172.28.0.4:42256 - "POST /result HTTP/1.1" 200 OK
broker-d1-1          | INFO:     172.28.0.4:54176 - "POST /result HTTP/1.1" 200 OK
worker-d1-urllc-2-1  | INFO:httpx:HTTP Request: POST http://broker-d1:8080/result "HTTP/1.1 200 OK"
worker-d1-urllc-2-1  | INFO:     172.28.0.2:56358 - "POST /execute HTTP/1.1" 200 OK
worker-d1-urllc-2-1  | INFO:httpx:HTTP Request: POST http://broker-d1:8080/result "HTTP/1.1 200 OK"
broker-d1-1          | INFO:httpx:HTTP Request: POST http://172.28.0.4:8081/execute "HTTP/1.1 200 OK"
worker-d1-urllc-2-1  | INFO:     172.28.0.2:56372 - "POST /execute HTTP/1.1" 200 OK
broker-d1-1          | INFO:     172.28.0.4:42216 - "POST /result HTTP/1.1" 200 OK
worker-d1-urllc-2-1  | INFO:httpx:HTTP Request: POST http://broker-d1:8080/result "HTTP/1.1 200 OK"
broker-d1-1          | INFO:httpx:HTTP Request: POST http://172.28.0.4:8081/execute "HTTP/1.1 200 OK"
worker-d1-urllc-2-1  | INFO:     172.28.0.2:56304 - "POST /execute HTTP/1.1" 200 OK
broker-d1-1          | INFO:     172.28.0.3:39868 - "POST /result HTTP/1.1" 200 OK
broker-d1-1          | INFO:httpx:HTTP Request: POST http://172.28.0.4:8081/execute "HTTP/1.1 200 OK"
worker-d1-urllc-1-1  | INFO:httpx:HTTP Request: POST http://broker-d1:8080/result "HTTP/1.1 200 OK"
worker-d1-urllc-1-1  | INFO:     172.28.0.2:51078 - "POST /execute HTTP/1.1" 200 OK
broker-d1-1          | INFO:httpx:HTTP Request: POST http://172.28.0.3:8081/execute "HTTP/1.1 200 OK"
broker-d1-1          | INFO:     172.29.0.4:32896 - "POST /publish HTTP/1.1" 200 OK
workload-1           | INFO:httpx:HTTP Request: POST http://broker-d1:8080/publish "HTTP/1.1 200 OK"
broker-d1-1          | INFO:     172.27.0.3:41530 - "POST /result HTTP/1.1" 200 OK
worker-d1-embb-1-1   | INFO:httpx:HTTP Request: POST http://broker-d1:8080/result "HTTP/1.1 200 OK"
worker-d1-embb-1-1   | INFO:     172.27.0.2:55516 - "POST /execute HTTP/1.1" 200 OK
broker-d1-1          | INFO:httpx:HTTP Request: POST http://172.27.0.3:8081/execute "HTTP/1.1 200 OK"
broker-d1-1          | INFO:     172.28.0.4:42252 - "POST /result HTTP/1.1" 200 OK
worker-d1-urllc-2-1  | INFO:httpx:HTTP Request: POST http://broker-d1:8080/result "HTTP/1.1 200 OK"
worker-d1-urllc-2-1  | INFO:     172.28.0.2:56394 - "POST /execute HTTP/1.1" 200 OK
broker-d1-1          | INFO:httpx:HTTP Request: POST http://172.28.0.4:8081/execute "HTTP/1.1 200 OK"
broker-d1-1          | INFO:     172.28.0.3:42982 - "POST /result HTTP/1.1" 200 OK
worker-d1-urllc-1-1  | INFO:httpx:HTTP Request: POST http://broker-d1:8080/result "HTTP/1.1 200 OK"
worker-d1-urllc-1-1  | INFO:     172.28.0.2:51080 - "POST /execute HTTP/1.1" 200 OK
broker-d1-1          | INFO:httpx:HTTP Request: POST http://172.28.0.3:8081/execute "HTTP/1.1 200 OK"
broker-d1-1          | INFO:     172.29.0.4:45784 - "POST /publish HTTP/1.1" 200 OK
workload-1           | INFO:httpx:HTTP Request: POST http://broker-d1:8080/publish "HTTP/1.1 200 OK"
broker-d1-1          | INFO:     172.27.0.3:41530 - "POST /result HTTP/1.1" 200 OK
worker-d1-embb-1-1   | INFO:httpx:HTTP Request: POST http://broker-d1:8080/result "HTTP/1.1 200 OK"
broker-d1-1          | INFO:     172.27.0.3:60574 - "POST /result HTTP/1.1" 200 OK
worker-d1-embb-1-1   | INFO:     172.27.0.2:36442 - "POST /execute HTTP/1.1" 200 OK
broker-d1-1          | INFO:     172.27.0.3:36974 - "POST /result HTTP/1.1" 200 OK
worker-d1-embb-1-1   | INFO:httpx:HTTP Request: POST http://broker-d1:8080/result "HTTP/1.1 200 OK"
worker-d1-embb-1-1   | INFO:     172.27.0.2:36448 - "POST /execute HTTP/1.1" 200 OK
broker-d1-1          | INFO:httpx:HTTP Request: POST http://172.27.0.3:8081/execute "HTTP/1.1 200 OK"
worker-d1-embb-1-1   | INFO:httpx:HTTP Request: POST http://broker-d1:8080/result "HTTP/1.1 200 OK"
worker-d1-embb-1-1   | INFO:     172.27.0.2:36450 - "POST /execute HTTP/1.1" 200 OK
broker-d1-1          | INFO:     172.28.0.4:42292 - "POST /result HTTP/1.1" 200 OK
worker-d1-urllc-2-1  | INFO:httpx:HTTP Request: POST http://broker-d1:8080/result "HTTP/1.1 200 OK"
broker-d1-1          | INFO:httpx:HTTP Request: POST http://172.27.0.3:8081/execute "HTTP/1.1 200 OK"
broker-d1-1          | INFO:httpx:HTTP Request: POST http://172.27.0.3:8081/execute "HTTP/1.1 200 OK"
worker-d1-urllc-2-1  | INFO:     172.28.0.2:56378 - "POST /execute HTTP/1.1" 200 OK
broker-d1-1          | INFO:     172.28.0.4:42286 - "POST /result HTTP/1.1" 200 OK
worker-d1-urllc-2-1  | INFO:httpx:HTTP Request: POST http://broker-d1:8080/result "HTTP/1.1 200 OK"
broker-d1-1          | INFO:httpx:HTTP Request: POST http://172.28.0.4:8081/execute "HTTP/1.1 200 OK"
worker-d1-urllc-2-1  | INFO:     172.28.0.2:56386 - "POST /execute HTTP/1.1" 200 OK
broker-d1-1          | INFO:     172.28.0.4:39466 - "POST /result HTTP/1.1" 200 OK
worker-d1-urllc-2-1  | INFO:httpx:HTTP Request: POST http://broker-d1:8080/result "HTTP/1.1 200 OK"
worker-d1-urllc-2-1  | INFO:     172.28.0.2:56392 - "POST /execute HTTP/1.1" 200 OK
broker-d1-1          | INFO:httpx:HTTP Request: POST http://172.28.0.4:8081/execute "HTTP/1.1 200 OK"
broker-d1-1          | INFO:     172.28.0.3:42974 - "POST /result HTTP/1.1" 200 OK
worker-d1-urllc-1-1  | INFO:httpx:HTTP Request: POST http://broker-d1:8080/result "HTTP/1.1 200 OK"
broker-d1-1          | INFO:httpx:HTTP Request: POST http://172.28.0.4:8081/execute "HTTP/1.1 200 OK"
worker-d1-urllc-1-1  | INFO:     172.28.0.2:51066 - "POST /execute HTTP/1.1" 200 OK
broker-d1-1          | INFO:     172.28.0.4:42224 - "POST /result HTTP/1.1" 200 OK
broker-d1-1          | INFO:     172.28.0.4:42240 - "POST /result HTTP/1.1" 200 OK
broker-d1-1          | INFO:httpx:HTTP Request: POST http://172.28.0.3:8081/execute "HTTP/1.1 200 OK"
worker-d1-urllc-2-1  | INFO:httpx:HTTP Request: POST http://broker-d1:8080/result "HTTP/1.1 200 OK"
worker-d1-urllc-2-1  | INFO:     172.28.0.2:56318 - "POST /execute HTTP/1.1" 200 OK
worker-d1-urllc-2-1  | INFO:httpx:HTTP Request: POST http://broker-d1:8080/result "HTTP/1.1 200 OK"
broker-d1-1          | INFO:httpx:HTTP Request: POST http://172.28.0.4:8081/execute "HTTP/1.1 200 OK"
worker-d1-urllc-2-1  | INFO:     172.28.0.2:56350 - "POST /execute HTTP/1.1" 200 OK
broker-d1-1          | INFO:     172.27.0.3:41534 - "POST /result HTTP/1.1" 200 OK
broker-d1-1          | INFO:httpx:HTTP Request: POST http://172.28.0.4:8081/execute "HTTP/1.1 200 OK"
worker-d1-embb-1-1   | INFO:httpx:HTTP Request: POST http://broker-d1:8080/result "HTTP/1.1 200 OK"
worker-d1-embb-1-1   | INFO:     172.27.0.2:55464 - "POST /execute HTTP/1.1" 200 OK
broker-d1-1          | INFO:     172.28.0.3:44594 - "POST /result HTTP/1.1" 200 OK
broker-d1-1          | INFO:httpx:HTTP Request: POST http://172.27.0.3:8081/execute "HTTP/1.1 200 OK"
worker-d1-urllc-1-1  | INFO:httpx:HTTP Request: POST http://broker-d1:8080/result "HTTP/1.1 200 OK"
worker-d1-urllc-1-1  | INFO:     172.28.0.2:51046 - "POST /execute HTTP/1.1" 200 OK
broker-d1-1          | INFO:httpx:HTTP Request: POST http://172.28.0.3:8081/execute "HTTP/1.1 200 OK"
broker-d1-1          | INFO:     172.29.0.4:32886 - "POST /publish HTTP/1.1" 200 OK
workload-1           | INFO:httpx:HTTP Request: POST http://broker-d1:8080/publish "HTTP/1.1 200 OK"
broker-d1-1          | INFO:     172.27.0.3:41530 - "POST /result HTTP/1.1" 200 OK
worker-d1-embb-1-1   | INFO:httpx:HTTP Request: POST http://broker-d1:8080/result "HTTP/1.1 200 OK"
worker-d1-embb-1-1   | INFO:     172.27.0.2:55516 - "POST /execute HTTP/1.1" 200 OK
broker-d1-1          | INFO:httpx:HTTP Request: POST http://172.27.0.3:8081/execute "HTTP/1.1 200 OK"
broker-d1-1          | INFO:     172.28.0.4:54176 - "POST /result HTTP/1.1" 200 OK
worker-d1-urllc-2-1  | INFO:httpx:HTTP Request: POST http://broker-d1:8080/result "HTTP/1.1 200 OK"
worker-d1-urllc-2-1  | INFO:     172.28.0.2:33186 - "POST /execute HTTP/1.1" 200 OK
broker-d1-1          | INFO:httpx:HTTP Request: POST http://172.28.0.4:8081/execute "HTTP/1.1 200 OK"
broker-d1-1          | INFO:     172.28.0.3:42976 - "POST /result HTTP/1.1" 200 OK
worker-d1-urllc-1-1  | INFO:httpx:HTTP Request: POST http://broker-d1:8080/result "HTTP/1.1 200 OK"
worker-d1-urllc-1-1  | INFO:     172.28.0.2:45140 - "POST /execute HTTP/1.1" 200 OK
broker-d1-1          | INFO:httpx:HTTP Request: POST http://172.28.0.3:8081/execute "HTTP/1.1 200 OK"
broker-d1-1          | INFO:     172.29.0.4:32874 - "POST /publish HTTP/1.1" 200 OK
workload-1           | INFO:httpx:HTTP Request: POST http://broker-d1:8080/publish "HTTP/1.1 200 OK"
broker-d1-1          | INFO:     172.27.0.3:41530 - "POST /result HTTP/1.1" 200 OK
worker-d1-embb-1-1   | INFO:httpx:HTTP Request: POST http://broker-d1:8080/result "HTTP/1.1 200 OK"
worker-d1-embb-1-1   | INFO:     172.27.0.2:55464 - "POST /execute HTTP/1.1" 200 OK
broker-d1-1          | INFO:httpx:HTTP Request: POST http://172.27.0.3:8081/execute "HTTP/1.1 200 OK"
broker-d1-1          | INFO:     172.28.0.4:42216 - "POST /result HTTP/1.1" 200 OK
worker-d1-urllc-2-1  | INFO:httpx:HTTP Request: POST http://broker-d1:8080/result "HTTP/1.1 200 OK"
worker-d1-urllc-2-1  | INFO:     172.28.0.2:56304 - "POST /execute HTTP/1.1" 200 OK
broker-d1-1          | INFO:httpx:HTTP Request: POST http://172.28.0.4:8081/execute "HTTP/1.1 200 OK"
broker-d1-1          | INFO:     172.28.0.3:39868 - "POST /result HTTP/1.1" 200 OK
worker-d1-urllc-1-1  | INFO:httpx:HTTP Request: POST http://broker-d1:8080/result "HTTP/1.1 200 OK"
worker-d1-urllc-1-1  | INFO:     172.28.0.2:51078 - "POST /execute HTTP/1.1" 200 OK
broker-d1-1          | INFO:httpx:HTTP Request: POST http://172.28.0.3:8081/execute "HTTP/1.1 200 OK"
broker-d1-1          | INFO:     172.29.0.4:32896 - "POST /publish HTTP/1.1" 200 OK
workload-1           | INFO:httpx:HTTP Request: POST http://broker-d1:8080/publish "HTTP/1.1 200 OK"
broker-d1-1          | INFO:     172.28.0.4:42224 - "POST /result HTTP/1.1" 200 OK
worker-d1-urllc-2-1  | INFO:httpx:HTTP Request: POST http://broker-d1:8080/result "HTTP/1.1 200 OK"
worker-d1-urllc-2-1  | INFO:     172.28.0.2:56372 - "POST /execute HTTP/1.1" 200 OK
broker-d1-1          | INFO:httpx:HTTP Request: POST http://172.28.0.4:8081/execute "HTTP/1.1 200 OK"
broker-d1-1          | INFO:     172.28.0.3:42982 - "POST /result HTTP/1.1" 200 OK
worker-d1-urllc-1-1  | INFO:httpx:HTTP Request: POST http://broker-d1:8080/result "HTTP/1.1 200 OK"
worker-d1-urllc-1-1  | INFO:     172.28.0.2:51080 - "POST /execute HTTP/1.1" 200 OK
broker-d1-1          | INFO:httpx:HTTP Request: POST http://172.28.0.3:8081/execute "HTTP/1.1 200 OK"
broker-d1-1          | INFO:     172.28.0.3:44594 - "POST /result HTTP/1.1" 200 OK
worker-d1-urllc-1-1  | INFO:httpx:HTTP Request: POST http://broker-d1:8080/result "HTTP/1.1 200 OK"
worker-d1-urllc-1-1  | INFO:     172.28.0.2:51046 - "POST /execute HTTP/1.1" 200 OK
broker-d1-1          | INFO:httpx:HTTP Request: POST http://172.28.0.3:8081/execute "HTTP/1.1 200 OK"
broker-d1-1          | INFO:     127.0.0.1:34894 - "GET /health HTTP/1.1" 200 OK
broker-d2-1          | INFO:     127.0.0.1:34896 - "GET /health HTTP/1.1" 200 OK
broker-d1-1          | INFO:     172.28.0.4:42224 - "POST /result HTTP/1.1" 200 OK
worker-d1-urllc-2-1  | INFO:httpx:HTTP Request: POST http://broker-d1:8080/result "HTTP/1.1 200 OK"
broker-d1-1          | INFO:     172.28.0.4:42240 - "POST /result HTTP/1.1" 200 OK
worker-d1-urllc-2-1  | INFO:     172.28.0.2:56378 - "POST /execute HTTP/1.1" 200 OK
broker-d1-1          | INFO:httpx:HTTP Request: POST http://172.28.0.4:8081/execute "HTTP/1.1 200 OK"
worker-d1-urllc-2-1  | INFO:httpx:HTTP Request: POST http://broker-d1:8080/result "HTTP/1.1 200 OK"
worker-d1-urllc-2-1  | INFO:     172.28.0.2:56386 - "POST /execute HTTP/1.1" 200 OK
broker-d1-1          | INFO:     172.28.0.4:42252 - "POST /result HTTP/1.1" 200 OK
broker-d1-1          | INFO:     172.28.0.3:42976 - "POST /result HTTP/1.1" 200 OK
worker-d1-urllc-2-1  | INFO:httpx:HTTP Request: POST http://broker-d1:8080/result "HTTP/1.1 200 OK"
broker-d1-1          | INFO:httpx:HTTP Request: POST http://172.28.0.4:8081/execute "HTTP/1.1 200 OK"
worker-d1-urllc-2-1  | INFO:     172.28.0.2:56392 - "POST /execute HTTP/1.1" 200 OK
worker-d1-urllc-1-1  | INFO:httpx:HTTP Request: POST http://broker-d1:8080/result "HTTP/1.1 200 OK"
worker-d1-urllc-1-1  | INFO:     172.28.0.2:45140 - "POST /execute HTTP/1.1" 200 OK
broker-d1-1          | INFO:httpx:HTTP Request: POST http://172.28.0.4:8081/execute "HTTP/1.1 200 OK"
broker-d1-1          | INFO:     172.28.0.3:49048 - "POST /result HTTP/1.1" 200 OK
worker-d1-urllc-1-1  | INFO:httpx:HTTP Request: POST http://broker-d1:8080/result "HTTP/1.1 200 OK"
worker-d1-urllc-1-1  | INFO:     172.28.0.2:45158 - "POST /execute HTTP/1.1" 200 OK
broker-d1-1          | INFO:httpx:HTTP Request: POST http://172.28.0.3:8081/execute "HTTP/1.1 200 OK"
broker-d1-1          | INFO:     172.28.0.3:49050 - "POST /result HTTP/1.1" 200 OK
worker-d1-urllc-1-1  | INFO:httpx:HTTP Request: POST http://broker-d1:8080/result "HTTP/1.1 200 OK"
worker-d1-urllc-1-1  | INFO:     172.28.0.2:45150 - "POST /execute HTTP/1.1" 200 OK
broker-d1-1          | INFO:httpx:HTTP Request: POST http://172.28.0.3:8081/execute "HTTP/1.1 200 OK"
broker-d1-1          | INFO:     172.28.0.3:39868 - "POST /result HTTP/1.1" 200 OK
worker-d1-urllc-1-1  | INFO:httpx:HTTP Request: POST http://broker-d1:8080/result "HTTP/1.1 200 OK"
worker-d1-urllc-1-1  | INFO:     172.28.0.2:51066 - "POST /execute HTTP/1.1" 200 OK
broker-d1-1          | INFO:httpx:HTTP Request: POST http://172.28.0.3:8081/execute "HTTP/1.1 200 OK"
broker-d1-1          | INFO:     172.28.0.3:42974 - "POST /result HTTP/1.1" 200 OK
worker-d1-urllc-1-1  | INFO:httpx:HTTP Request: POST http://broker-d1:8080/result "HTTP/1.1 200 OK"
broker-d1-1          | INFO:     172.28.0.4:42216 - "POST /result HTTP/1.1" 200 OK
broker-d1-1          | INFO:httpx:HTTP Request: POST http://172.28.0.3:8081/execute "HTTP/1.1 200 OK"
worker-d1-urllc-2-1  | INFO:httpx:HTTP Request: POST http://broker-d1:8080/result "HTTP/1.1 200 OK"
worker-d1-urllc-1-1  | INFO:     172.28.0.2:51078 - "POST /execute HTTP/1.1" 200 OK
worker-d1-urllc-2-1  | INFO:     172.28.0.2:56318 - "POST /execute HTTP/1.1" 200 OK
broker-d1-1          | INFO:httpx:HTTP Request: POST http://172.28.0.3:8081/execute "HTTP/1.1 200 OK"
broker-d1-1          | INFO:httpx:HTTP Request: POST http://172.28.0.4:8081/execute "HTTP/1.1 200 OK"
broker-d1-1          | INFO:     172.28.0.4:54176 - "POST /result HTTP/1.1" 200 OK
worker-d1-urllc-2-1  | INFO:httpx:HTTP Request: POST http://broker-d1:8080/result "HTTP/1.1 200 OK"
worker-d1-urllc-2-1  | INFO:     172.28.0.2:56304 - "POST /execute HTTP/1.1" 200 OK
worker-d1-embb-1-1   | INFO:httpx:HTTP Request: POST http://broker-d1:8080/result "HTTP/1.1 200 OK"
broker-d1-1          | INFO:     172.27.0.3:41530 - "POST /result HTTP/1.1" 200 OK
broker-d1-1          | INFO:httpx:HTTP Request: POST http://172.28.0.4:8081/execute "HTTP/1.1 200 OK"
worker-d1-embb-1-1   | INFO:     172.27.0.2:55464 - "POST /execute HTTP/1.1" 200 OK
broker-d1-1          | INFO:httpx:HTTP Request: POST http://172.27.0.3:8081/execute "HTTP/1.1 200 OK"
broker-d1-1          | INFO:     172.29.0.4:32874 - "POST /publish HTTP/1.1" 200 OK
workload-1           | INFO:httpx:HTTP Request: POST http://broker-d1:8080/publish "HTTP/1.1 200 OK"
worker-d1-urllc-2-1  | INFO:httpx:HTTP Request: POST http://broker-d1:8080/result "HTTP/1.1 200 OK"
worker-d1-urllc-2-1  | INFO:     172.28.0.2:33186 - "POST /execute HTTP/1.1" 200 OK
broker-d1-1          | INFO:     172.28.0.4:54176 - "POST /result HTTP/1.1" 200 OK
broker-d1-1          | INFO:httpx:HTTP Request: POST http://172.28.0.4:8081/execute "HTTP/1.1 200 OK"
broker-d1-1          | INFO:     172.28.0.3:44594 - "POST /result HTTP/1.1" 200 OK
worker-d1-urllc-1-1  | INFO:httpx:HTTP Request: POST http://broker-d1:8080/result "HTTP/1.1 200 OK"
worker-d1-urllc-1-1  | INFO:     172.28.0.2:45160 - "POST /execute HTTP/1.1" 200 OK
broker-d1-1          | INFO:httpx:HTTP Request: POST http://172.28.0.3:8081/execute "HTTP/1.1 200 OK"
broker-d1-1          | INFO:     172.27.0.3:41534 - "POST /result HTTP/1.1" 200 OK
worker-d1-embb-1-1   | INFO:httpx:HTTP Request: POST http://broker-d1:8080/result "HTTP/1.1 200 OK"
worker-d1-embb-1-1   | INFO:     172.27.0.2:55516 - "POST /execute HTTP/1.1" 200 OK
broker-d1-1          | INFO:httpx:HTTP Request: POST http://172.27.0.3:8081/execute "HTTP/1.1 200 OK"
broker-d1-1          | INFO:     172.29.0.4:32886 - "POST /publish HTTP/1.1" 200 OK
workload-1           | INFO:httpx:HTTP Request: POST http://broker-d1:8080/publish "HTTP/1.1 200 OK"
broker-d1-1          | INFO:     172.28.0.4:54176 - "POST /result HTTP/1.1" 200 OK
worker-d1-urllc-2-1  | INFO:httpx:HTTP Request: POST http://broker-d1:8080/result "HTTP/1.1 200 OK"
worker-d1-urllc-2-1  | INFO:     172.28.0.2:56304 - "POST /execute HTTP/1.1" 200 OK
broker-d1-1          | INFO:httpx:HTTP Request: POST http://172.28.0.4:8081/execute "HTTP/1.1 200 OK"
broker-d1-1          | INFO:     172.28.0.3:39868 - "POST /result HTTP/1.1" 200 OK
worker-d1-urllc-1-1  | INFO:httpx:HTTP Request: POST http://broker-d1:8080/result "HTTP/1.1 200 OK"
worker-d1-urllc-1-1  | INFO:     172.28.0.2:45164 - "POST /execute HTTP/1.1" 200 OK
broker-d1-1          | INFO:httpx:HTTP Request: POST http://172.28.0.3:8081/execute "HTTP/1.1 200 OK"
broker-d1-1          | INFO:     172.27.0.3:60574 - "POST /result HTTP/1.1" 200 OK
worker-d1-embb-1-1   | INFO:httpx:HTTP Request: POST http://broker-d1:8080/result "HTTP/1.1 200 OK"
worker-d1-embb-1-1   | INFO:     172.27.0.2:36442 - "POST /execute HTTP/1.1" 200 OK
broker-d1-1          | INFO:httpx:HTTP Request: POST http://172.27.0.3:8081/execute "HTTP/1.1 200 OK"
broker-d1-1          | INFO:     172.29.0.4:32896 - "POST /publish HTTP/1.1" 200 OK
workload-1           | INFO:httpx:HTTP Request: POST http://broker-d1:8080/publish "HTTP/1.1 200 OK"
workload-1           | INFO:src.workload.generator:Workload generator finished: 125 requests in 60.6 s (actual rate=2.06 req/s).
broker-d1-1          | INFO:     172.29.0.4:36528 - "POST /metrics/export HTTP/1.1" 200 OK
workload-1           | INFO:httpx:HTTP Request: POST http://broker-d1:8080/metrics/export "HTTP/1.1 200 OK"
workload-1           | INFO:src.workload.generator:Metrics exported to /app/results/metrics.csv
[Kworkload-1 exited with code 0
 Compose Stopping Aborting on container exit...
 Container neural-pubsub-worker-d1-embb-1-1 Stopping 
 Container neural-pubsub-worker-d2-embb-2-1 Stopping 
 Container neural-pubsub-workload-1 Stopping 
 Container neural-pubsub-worker-d1-urllc-2-1 Stopping 
 Container neural-pubsub-worker-d2-embb-1-1 Stopping 
 Container neural-pubsub-worker-d1-urllc-1-1 Stopping 
 Container neural-pubsub-workload-1 Stopped 
worker-d1-urllc-2-1  | INFO:     Shutting down
worker-d2-embb-1-1   | INFO:     Shutting down
worker-d1-urllc-1-1  | INFO:     Shutting down
worker-d1-embb-1-1   | INFO:     Shutting down
worker-d2-embb-2-1   | INFO:     Shutting down
worker-d2-embb-1-1   | INFO:     Waiting for application shutdown.
worker-d2-embb-1-1   | INFO:     Application shutdown complete.
worker-d2-embb-1-1   | INFO:     Finished server process [1]
worker-d2-embb-1-1   | INFO:src.worker.worker:Worker 'd2-embb-1' server stopped.
worker-d1-urllc-2-1  | INFO:     Waiting for application shutdown.
worker-d1-urllc-2-1  | INFO:     Application shutdown complete.
worker-d1-urllc-2-1  | INFO:     Finished server process [1]
worker-d1-urllc-2-1  | INFO:src.worker.worker:Worker 'd1-urllc-2' server stopped.
worker-d1-urllc-1-1  | INFO:     Waiting for application shutdown.
worker-d1-urllc-1-1  | INFO:     Application shutdown complete.
worker-d1-urllc-1-1  | INFO:     Finished server process [1]
worker-d1-urllc-1-1  | INFO:src.worker.worker:Worker 'd1-urllc-1' server stopped.
worker-d1-embb-1-1   | INFO:     Waiting for application shutdown.
worker-d1-embb-1-1   | INFO:     Application shutdown complete.
worker-d1-embb-1-1   | INFO:     Finished server process [1]
worker-d1-embb-1-1   | INFO:src.worker.worker:Worker 'd1-embb-1' server stopped.
worker-d2-embb-2-1   | INFO:     Waiting for application shutdown.
worker-d2-embb-2-1   | INFO:     Application shutdown complete.
worker-d2-embb-2-1   | INFO:     Finished server process [1]
worker-d2-embb-2-1   | INFO:src.worker.worker:Worker 'd2-embb-2' server stopped.
 Container neural-pubsub-worker-d1-urllc-2-1 Stopped 
[Kworker-d1-urllc-2-1 exited with code 0
 Container neural-pubsub-worker-d2-embb-1-1 Stopped 
[Kworker-d2-embb-1-1 exited with code 0
 Container neural-pubsub-worker-d2-embb-2-1 Stopped 
 Container neural-pubsub-broker-d2-1 Stopping 
[Kworker-d2-embb-2-1 exited with code 0
broker-d2-1          | INFO:     Shutting down
 Container neural-pubsub-worker-d1-urllc-1-1 Stopped 
[Kworker-d1-urllc-1-1 exited with code 0
 Container neural-pubsub-worker-d1-embb-1-1 Stopped 
 Container neural-pubsub-broker-d1-1 Stopping 
[Kworker-d1-embb-1-1 exited with code 0
broker-d1-1          | INFO:     Shutting down
broker-d2-1          | INFO:     Waiting for application shutdown.
broker-d2-1          | INFO:     Application shutdown complete.
broker-d2-1          | INFO:     Finished server process [1]
broker-d1-1          | INFO:     Waiting for application shutdown.
broker-d1-1          | INFO:     Application shutdown complete.
broker-d1-1          | INFO:     Finished server process [1]
 Container neural-pubsub-broker-d2-1 Stopped 
[Kbroker-d2-1 exited with code 0
 Container neural-pubsub-broker-d1-1 Stopped 
[Kbroker-d1-1 exited with code 0
