+ [[ -n '' ]]
+ eval 'ARRIVAL_RATE=2.0 DURATION_S=60 SEED=42 RESULT_FILE=/app/results/metrics.csv BROKER_MODULE=src.broker.static_broker docker compose -f docker-compose.local.yaml up --abort-on-container-exit --timeout 120'
++ ARRIVAL_RATE=2.0
++ DURATION_S=60
++ SEED=42
++ RESULT_FILE=/app/results/metrics.csv
++ BROKER_MODULE=src.broker.static_broker
++ docker compose -f docker-compose.local.yaml up --abort-on-container-exit --timeout 120
 Image neural-pubsub:latest Pulling 
 Image neural-pubsub:latest Pulling 
 Image neural-pubsub:latest Pulling 
 Image neural-pubsub:latest Pulling 
 Image neural-pubsub:latest Pulling 
 Image neural-pubsub:latest Pulling 
 Image neural-pubsub:latest Pulling 
 Image neural-pubsub:latest Pulling 
 Image neural-pubsub:latest pull access denied for neural-pubsub, repository does not exist or may require 'docker login': denied: requested access to the resource is denied 
 Image neural-pubsub:latest pull access denied for neural-pubsub, repository does not exist or may require 'docker login': denied: requested access to the resource is denied 
 Image neural-pubsub:latest pull access denied for neural-pubsub, repository does not exist or may require 'docker login': denied: requested access to the resource is denied 
 Image neural-pubsub:latest pull access denied for neural-pubsub, repository does not exist or may require 'docker login': denied: requested access to the resource is denied 
 Image neural-pubsub:latest pull access denied for neural-pubsub, repository does not exist or may require 'docker login': denied: requested access to the resource is denied 
 Image neural-pubsub:latest pull access denied for neural-pubsub, repository does not exist or may require 'docker login': denied: requested access to the resource is denied 
 Image neural-pubsub:latest pull access denied for neural-pubsub, repository does not exist or may require 'docker login': denied: requested access to the resource is denied 
 Image neural-pubsub:latest pull access denied for neural-pubsub, repository does not exist or may require 'docker login': denied: requested access to the resource is denied 
 Image neural-pubsub:latest Building 
 Image neural-pubsub:latest Building 
 Image neural-pubsub:latest Building 
 Image neural-pubsub:latest Building 
 Image neural-pubsub:latest Building 
 Image neural-pubsub:latest Building 
 Image neural-pubsub:latest Building 
 Image neural-pubsub:latest Building 
#1 [internal] load local bake definitions
#1 reading from stdin 4.67kB done
#1 DONE 0.0s

#2 [worker-d2-embb-1 internal] load build definition from Dockerfile
#2 transferring dockerfile: 519B done
#2 DONE 0.0s

#3 [worker-d1-urllc-1 internal] load metadata for docker.io/library/python:3.11-slim
#3 ...

#4 [auth] library/python:pull token for registry-1.docker.io
#4 DONE 0.0s

#3 [worker-d1-urllc-1 internal] load metadata for docker.io/library/python:3.11-slim
#3 DONE 1.3s

#5 [worker-d1-embb-1 internal] load .dockerignore
#5 transferring context: 2B done
#5 DONE 0.0s

#6 [broker-d2 1/8] FROM docker.io/library/python:3.11-slim@sha256:9358444059ed78e2975ada2c189f1c1a3144a5dab6f35bff8c981afb38946634
#6 resolve docker.io/library/python:3.11-slim@sha256:9358444059ed78e2975ada2c189f1c1a3144a5dab6f35bff8c981afb38946634 done
#6 DONE 0.0s

#7 [worker-d1-urllc-2 internal] load build context
#7 transferring context: 105.03kB 0.0s done
#7 DONE 0.0s

#8 [workload 2/8] WORKDIR /app
#8 CACHED

#9 [workload 4/8] RUN apt-get update && apt-get install -y --no-install-recommends iproute2 && rm -rf /var/lib/apt/lists/*
#9 CACHED

#10 [workload 3/8] COPY requirements.txt .
#10 CACHED

#11 [workload 5/8] RUN pip install --no-cache-dir -r requirements.txt
#11 CACHED

#12 [worker-d2-embb-1 6/8] COPY src/ src/
#12 DONE 0.0s

#13 [broker-d2 7/8] COPY configs/ configs/
#13 DONE 0.0s

#14 [worker-d1-urllc-2 8/8] RUN python -c "from sentence_transformers import SentenceTransformer; SentenceTransformer('all-MiniLM-L6-v2')"
#14 6.016 Warning: You are sending unauthenticated requests to the HF Hub. Please set a HF_TOKEN to enable higher rate limits and faster downloads.
#14 10.48 Loading weights:   0%|          | 0/103 [00:00<?, ?it/s]Loading weights: 100%|██████████| 103/103 [00:00<00:00, 6989.38it/s]
#14 10.50 [1mBertModel LOAD REPORT[0m from: sentence-transformers/all-MiniLM-L6-v2
#14 10.50 Key                     | Status     |  | 
#14 10.50 ------------------------+------------+--+-
#14 10.50 embeddings.position_ids | UNEXPECTED |  | 
#14 10.50 
#14 10.50 [3mNotes:
#14 10.50 - UNEXPECTED[3m	:can be ignored when loading from different task/architecture; not ok if you expect identical arch.[0m
#14 DONE 13.4s

#15 [broker-d1] exporting to image
#15 exporting layers
#15 exporting layers 0.2s done
#15 writing image sha256:ef93273c4ab1dc82164a2b25b9fa883edf86d7c065697184256b5ab7705a9bc4 done
#15 naming to docker.io/library/neural-pubsub:latest 0.0s done
#15 DONE 0.2s

#16 [worker-d2-embb-1] exporting to image
#16 exporting layers 0.2s done
#16 writing image sha256:0d0463a713fc4b91cd592a96886000abb8e0c1034d6780eb9171bff1fa9430f0 done
#16 naming to docker.io/library/neural-pubsub:latest 0.0s done
#16 DONE 0.2s

#17 [worker-d1-urllc-2] exporting to image
#17 exporting layers 0.2s done
#17 writing image sha256:be8be64ad7b58dae3064e0b32cea379ef73264de717adee956d04095283174ca 0.0s done
#17 naming to docker.io/library/neural-pubsub:latest 0.0s done
#17 DONE 0.2s

#18 [worker-d2-embb-2] exporting to image
#18 exporting layers 0.2s done
#18 writing image sha256:62b0781037bbe9ef6f884ea9ca0a0bd9196a9670cca75b7bf3926779512c6b63 done
#18 naming to docker.io/library/neural-pubsub:latest 0.0s done
#18 DONE 0.2s

#19 [broker-d2] exporting to image
#19 exporting layers 0.2s done
#19 writing image sha256:76c26ae4c2a41cd7754ed4006a7b3319dd52f7d905e89009cc14407cd77948f1 done
#19 naming to docker.io/library/neural-pubsub:latest 0.0s done
#19 DONE 0.2s

#20 [workload] exporting to image
#20 exporting layers 0.2s done
#20 writing image sha256:e2f5607b1b05a532f8bcc55a3086155597ba83940cccdc0688783b3481568040 0.0s done
#20 naming to docker.io/library/neural-pubsub:latest 0.0s done
#20 DONE 0.3s

#21 [worker-d1-urllc-1] exporting to image
#21 exporting layers 0.2s done
#21 writing image sha256:9711d26e82267c8a41dd498cad85bab378dfdad9938d1a071651a893422e2339 0.0s done
#21 naming to docker.io/library/neural-pubsub:latest 0.0s done
#21 DONE 0.3s

#22 [worker-d1-embb-1] exporting to image
#22 exporting layers 0.2s done
#22 writing image sha256:f9405f155150d8b76f3c4a9317833515599b2fb6e084b697591ee75c3f371e78 0.0s done
#22 naming to docker.io/library/neural-pubsub:latest 0.0s done
#22 DONE 0.3s

#23 [worker-d1-urllc-2] resolving provenance for metadata file
#23 DONE 0.1s

#24 [broker-d2] resolving provenance for metadata file
#24 DONE 0.0s

#25 [worker-d1-embb-1] resolving provenance for metadata file
#25 DONE 0.1s

#26 [worker-d1-urllc-1] resolving provenance for metadata file
#26 DONE 0.0s

#27 [worker-d2-embb-1] resolving provenance for metadata file
#27 DONE 0.1s

#28 [broker-d1] resolving provenance for metadata file
#28 DONE 0.0s

#29 [workload] resolving provenance for metadata file
#29 DONE 0.0s

#30 [worker-d2-embb-2] resolving provenance for metadata file
#30 DONE 0.0s
 Image neural-pubsub:latest Built 
 Image neural-pubsub:latest Built 
 Image neural-pubsub:latest Built 
 Image neural-pubsub:latest Built 
 Image neural-pubsub:latest Built 
 Image neural-pubsub:latest Built 
 Image neural-pubsub:latest Built 
 Image neural-pubsub:latest Built 
 Network neural-pubsub_slice-eMBB-d2 Creating 
 Network neural-pubsub_slice-eMBB-d2 Created 
 Network neural-pubsub_slice-eMBB-d1 Creating 
 Network neural-pubsub_slice-eMBB-d1 Created 
 Network neural-pubsub_slice-URLLC-d1 Creating 
 Network neural-pubsub_slice-URLLC-d1 Created 
 Network neural-pubsub_federation Creating 
 Network neural-pubsub_federation Created 
 Container neural-pubsub-broker-d1-1 Creating 
 Container neural-pubsub-broker-d2-1 Creating 
 Container neural-pubsub-broker-d2-1 Created 
 Container neural-pubsub-worker-d2-embb-1-1 Creating 
 Container neural-pubsub-broker-d1-1 Created 
 Container neural-pubsub-worker-d1-embb-1-1 Creating 
 Container neural-pubsub-worker-d1-urllc-1-1 Creating 
 Container neural-pubsub-worker-d2-embb-2-1 Creating 
 Container neural-pubsub-worker-d1-urllc-2-1 Creating 
 Container neural-pubsub-workload-1 Creating 
 Container neural-pubsub-worker-d1-urllc-1-1 Created 
 Container neural-pubsub-worker-d1-embb-1-1 Created 
 Container neural-pubsub-workload-1 Created 
 Container neural-pubsub-worker-d2-embb-1-1 Created 
 Container neural-pubsub-worker-d1-urllc-2-1 Created 
 Container neural-pubsub-worker-d2-embb-2-1 Created 
Attaching to broker-d1-1, broker-d2-1, worker-d1-embb-1-1, worker-d1-urllc-1-1, worker-d1-urllc-2-1, worker-d2-embb-1-1, worker-d2-embb-2-1, workload-1
 Container neural-pubsub-broker-d1-1 Starting 
 Container neural-pubsub-broker-d2-1 Starting 
 Container neural-pubsub-broker-d2-1 Started 
 Container neural-pubsub-broker-d2-1 Waiting 
 Container neural-pubsub-broker-d2-1 Waiting 
 Container neural-pubsub-broker-d1-1 Started 
 Container neural-pubsub-broker-d1-1 Waiting 
 Container neural-pubsub-broker-d1-1 Waiting 
 Container neural-pubsub-broker-d1-1 Waiting 
 Container neural-pubsub-broker-d2-1 Waiting 
 Container neural-pubsub-broker-d1-1 Waiting 
broker-d2-1  | INFO:     Started server process [1]
broker-d2-1  | INFO:     Waiting for application startup.
broker-d1-1  | INFO:     Started server process [1]
broker-d1-1  | INFO:     Waiting for application startup.
broker-d2-1  | INFO:     Application startup complete.
broker-d2-1  | INFO:     Uvicorn running on http://0.0.0.0:8080 (Press CTRL+C to quit)
broker-d1-1  | INFO:     Application startup complete.
broker-d1-1  | INFO:     Uvicorn running on http://0.0.0.0:8080 (Press CTRL+C to quit)
broker-d2-1  | INFO:     127.0.0.1:58308 - "GET /health HTTP/1.1" 200 OK
broker-d1-1  | INFO:     127.0.0.1:58306 - "GET /health HTTP/1.1" 200 OK
 Container neural-pubsub-broker-d2-1 Healthy 
 Container neural-pubsub-worker-d2-embb-2-1 Starting 
 Container neural-pubsub-broker-d2-1 Healthy 
 Container neural-pubsub-worker-d2-embb-1-1 Starting 
 Container neural-pubsub-broker-d2-1 Healthy 
 Container neural-pubsub-broker-d1-1 Healthy 
 Container neural-pubsub-workload-1 Starting 
 Container neural-pubsub-broker-d1-1 Healthy 
 Container neural-pubsub-worker-d1-embb-1-1 Starting 
 Container neural-pubsub-broker-d1-1 Healthy 
 Container neural-pubsub-worker-d1-urllc-2-1 Starting 
 Container neural-pubsub-broker-d1-1 Healthy 
 Container neural-pubsub-worker-d1-urllc-1-1 Starting 
 Container neural-pubsub-worker-d1-urllc-1-1 Started 
 Container neural-pubsub-worker-d1-urllc-2-1 Started 
 Container neural-pubsub-worker-d1-embb-1-1 Started 
 Container neural-pubsub-worker-d2-embb-1-1 Started 
 Container neural-pubsub-worker-d2-embb-2-1 Started 
 Container neural-pubsub-workload-1 Started 
workload-1   | INFO:src.workload.generator:Workload generator starting: rate=2.00 req/s, duration=60.0 s, broker=http://broker-d1:8080.
broker-d1-1  | INFO:     172.28.0.3:44594 - "POST /register HTTP/1.1" 200 OK
worker-d1-urllc-1-1  | INFO:httpx:HTTP Request: POST http://broker-d1:8080/register "HTTP/1.1 200 OK"
worker-d1-urllc-1-1  | INFO:src.worker.worker:Worker 'd1-urllc-1' registered with broker at http://broker-d1:8080.
worker-d1-urllc-1-1  | INFO:     Started server process [1]
worker-d1-urllc-1-1  | INFO:     Waiting for application startup.
worker-d1-urllc-1-1  | INFO:     Application startup complete.
worker-d1-urllc-1-1  | INFO:     Uvicorn running on http://0.0.0.0:8081 (Press CTRL+C to quit)
broker-d1-1          | INFO:     172.27.0.3:41530 - "POST /register HTTP/1.1" 200 OK
worker-d1-embb-1-1   | INFO:httpx:HTTP Request: POST http://broker-d1:8080/register "HTTP/1.1 200 OK"
worker-d1-embb-1-1   | INFO:src.worker.worker:Worker 'd1-embb-1' registered with broker at http://broker-d1:8080.
worker-d1-embb-1-1   | INFO:     Started server process [1]
worker-d1-embb-1-1   | INFO:     Waiting for application startup.
worker-d1-embb-1-1   | INFO:     Application startup complete.
worker-d1-embb-1-1   | INFO:     Uvicorn running on http://0.0.0.0:8081 (Press CTRL+C to quit)
broker-d2-1          | INFO:     172.26.0.3:49176 - "POST /register HTTP/1.1" 200 OK
worker-d2-embb-1-1   | INFO:httpx:HTTP Request: POST http://broker-d2:8080/register "HTTP/1.1 200 OK"
worker-d2-embb-1-1   | INFO:src.worker.worker:Worker 'd2-embb-1' registered with broker at http://broker-d2:8080.
worker-d2-embb-1-1   | INFO:     Started server process [1]
worker-d2-embb-1-1   | INFO:     Waiting for application startup.
worker-d2-embb-1-1   | INFO:     Application startup complete.
worker-d2-embb-1-1   | INFO:     Uvicorn running on http://0.0.0.0:8081 (Press CTRL+C to quit)
broker-d1-1          | INFO:     172.28.0.4:54176 - "POST /register HTTP/1.1" 200 OK
worker-d1-urllc-2-1  | INFO:httpx:HTTP Request: POST http://broker-d1:8080/register "HTTP/1.1 200 OK"
worker-d1-urllc-2-1  | INFO:src.worker.worker:Worker 'd1-urllc-2' registered with broker at http://broker-d1:8080.
broker-d2-1          | INFO:     172.26.0.4:49800 - "POST /register HTTP/1.1" 200 OK
worker-d2-embb-2-1   | INFO:httpx:HTTP Request: POST http://broker-d2:8080/register "HTTP/1.1 200 OK"
worker-d1-urllc-2-1  | INFO:     Started server process [1]
worker-d1-urllc-2-1  | INFO:     Waiting for application startup.
worker-d1-urllc-2-1  | INFO:     Application startup complete.
worker-d1-urllc-2-1  | INFO:     Uvicorn running on http://0.0.0.0:8081 (Press CTRL+C to quit)
worker-d2-embb-2-1   | INFO:src.worker.worker:Worker 'd2-embb-2' registered with broker at http://broker-d2:8080.
worker-d2-embb-2-1   | INFO:     Started server process [1]
worker-d2-embb-2-1   | INFO:     Waiting for application startup.
worker-d2-embb-2-1   | INFO:     Application startup complete.
worker-d2-embb-2-1   | INFO:     Uvicorn running on http://0.0.0.0:8081 (Press CTRL+C to quit)
broker-d1-1          | INFO:     172.28.0.4:54176 - "POST /result HTTP/1.1" 200 OK
worker-d1-urllc-2-1  | INFO:httpx:HTTP Request: POST http://broker-d1:8080/result "HTTP/1.1 200 OK"
worker-d1-urllc-2-1  | INFO:     172.28.0.2:35928 - "POST /execute HTTP/1.1" 200 OK
broker-d1-1          | INFO:httpx:HTTP Request: POST http://172.28.0.4:8081/execute "HTTP/1.1 200 OK"
broker-d1-1          | INFO:     172.28.0.3:44594 - "POST /result HTTP/1.1" 200 OK
worker-d1-urllc-1-1  | INFO:httpx:HTTP Request: POST http://broker-d1:8080/result "HTTP/1.1 200 OK"
worker-d1-urllc-1-1  | INFO:     172.28.0.2:59154 - "POST /execute HTTP/1.1" 200 OK
broker-d1-1          | INFO:httpx:HTTP Request: POST http://172.28.0.3:8081/execute "HTTP/1.1 200 OK"
broker-d1-1          | INFO:     172.27.0.3:41530 - "POST /result HTTP/1.1" 200 OK
worker-d1-embb-1-1   | INFO:     172.27.0.2:44568 - "POST /execute HTTP/1.1" 200 OK
worker-d1-embb-1-1   | INFO:httpx:HTTP Request: POST http://broker-d1:8080/result "HTTP/1.1 200 OK"
broker-d1-1          | INFO:httpx:HTTP Request: POST http://172.27.0.3:8081/execute "HTTP/1.1 200 OK"
broker-d1-1          | INFO:     172.29.0.4:32874 - "POST /publish HTTP/1.1" 200 OK
workload-1           | INFO:httpx:HTTP Request: POST http://broker-d1:8080/publish "HTTP/1.1 200 OK"
broker-d1-1          | INFO:     172.28.0.4:54232 - "POST /result HTTP/1.1" 200 OK
worker-d1-urllc-2-1  | INFO:httpx:HTTP Request: POST http://broker-d1:8080/result "HTTP/1.1 200 OK"
worker-d1-urllc-2-1  | INFO:     172.28.0.2:35936 - "POST /execute HTTP/1.1" 200 OK
broker-d1-1          | INFO:httpx:HTTP Request: POST http://172.28.0.4:8081/execute "HTTP/1.1 200 OK"
broker-d1-1          | INFO:     172.28.0.3:44600 - "POST /result HTTP/1.1" 200 OK
worker-d1-urllc-1-1  | INFO:httpx:HTTP Request: POST http://broker-d1:8080/result "HTTP/1.1 200 OK"
worker-d1-urllc-1-1  | INFO:     172.28.0.2:59158 - "POST /execute HTTP/1.1" 200 OK
broker-d1-1          | INFO:httpx:HTTP Request: POST http://172.28.0.3:8081/execute "HTTP/1.1 200 OK"
broker-d1-1          | INFO:     172.27.0.3:41530 - "POST /result HTTP/1.1" 200 OK
worker-d1-embb-1-1   | INFO:httpx:HTTP Request: POST http://broker-d1:8080/result "HTTP/1.1 200 OK"
worker-d1-embb-1-1   | INFO:     172.27.0.2:44576 - "POST /execute HTTP/1.1" 200 OK
broker-d1-1          | INFO:httpx:HTTP Request: POST http://172.27.0.3:8081/execute "HTTP/1.1 200 OK"
broker-d1-1          | INFO:     172.29.0.4:32886 - "POST /publish HTTP/1.1" 200 OK
workload-1           | INFO:httpx:HTTP Request: POST http://broker-d1:8080/publish "HTTP/1.1 200 OK"
broker-d1-1          | INFO:     172.28.0.3:44600 - "POST /result HTTP/1.1" 200 OK
worker-d1-urllc-1-1  | INFO:httpx:HTTP Request: POST http://broker-d1:8080/result "HTTP/1.1 200 OK"
worker-d1-urllc-1-1  | INFO:     172.28.0.2:59180 - "POST /execute HTTP/1.1" 200 OK
broker-d1-1          | INFO:httpx:HTTP Request: POST http://172.28.0.3:8081/execute "HTTP/1.1 200 OK"
broker-d1-1          | INFO:     172.27.0.3:41576 - "POST /result HTTP/1.1" 200 OK
worker-d1-embb-1-1   | INFO:httpx:HTTP Request: POST http://broker-d1:8080/result "HTTP/1.1 200 OK"
worker-d1-embb-1-1   | INFO:     172.27.0.2:44602 - "POST /execute HTTP/1.1" 200 OK
broker-d1-1          | INFO:httpx:HTTP Request: POST http://172.27.0.3:8081/execute "HTTP/1.1 200 OK"
broker-d1-1          | INFO:     172.27.0.3:41534 - "POST /result HTTP/1.1" 200 OK
worker-d1-embb-1-1   | INFO:httpx:HTTP Request: POST http://broker-d1:8080/result "HTTP/1.1 200 OK"
worker-d1-embb-1-1   | INFO:     172.27.0.2:44582 - "POST /execute HTTP/1.1" 200 OK
broker-d1-1          | INFO:httpx:HTTP Request: POST http://172.27.0.3:8081/execute "HTTP/1.1 200 OK"
broker-d1-1          | INFO:     172.28.0.3:44600 - "POST /result HTTP/1.1" 200 OK
worker-d1-urllc-1-1  | INFO:httpx:HTTP Request: POST http://broker-d1:8080/result "HTTP/1.1 200 OK"
worker-d1-urllc-1-1  | INFO:     172.28.0.2:59200 - "POST /execute HTTP/1.1" 200 OK
broker-d1-1          | INFO:httpx:HTTP Request: POST http://172.28.0.3:8081/execute "HTTP/1.1 200 OK"
broker-d1-1          | INFO:     172.27.0.3:41602 - "POST /result HTTP/1.1" 200 OK
worker-d1-embb-1-1   | INFO:httpx:HTTP Request: POST http://broker-d1:8080/result "HTTP/1.1 200 OK"
broker-d1-1          | INFO:     172.28.0.3:44630 - "POST /result HTTP/1.1" 200 OK
worker-d1-embb-1-1   | INFO:     172.27.0.2:44610 - "POST /execute HTTP/1.1" 200 OK
broker-d1-1          | INFO:     172.28.0.3:44620 - "POST /result HTTP/1.1" 200 OK
broker-d1-1          | INFO:httpx:HTTP Request: POST http://172.27.0.3:8081/execute "HTTP/1.1 200 OK"
worker-d1-urllc-1-1  | INFO:httpx:HTTP Request: POST http://broker-d1:8080/result "HTTP/1.1 200 OK"
broker-d1-1          | INFO:     172.28.0.4:54178 - "POST /result HTTP/1.1" 200 OK
worker-d1-urllc-1-1  | INFO:     172.28.0.2:59216 - "POST /execute HTTP/1.1" 200 OK
broker-d1-1          | INFO:httpx:HTTP Request: POST http://172.28.0.3:8081/execute "HTTP/1.1 200 OK"
worker-d1-urllc-1-1  | INFO:httpx:HTTP Request: POST http://broker-d1:8080/result "HTTP/1.1 200 OK"
worker-d1-urllc-2-1  | INFO:httpx:HTTP Request: POST http://broker-d1:8080/result "HTTP/1.1 200 OK"
broker-d1-1          | INFO:     172.27.0.3:41612 - "POST /result HTTP/1.1" 200 OK
broker-d1-1          | INFO:     172.27.0.3:41610 - "POST /result HTTP/1.1" 200 OK
worker-d1-urllc-1-1  | INFO:     172.28.0.2:59210 - "POST /execute HTTP/1.1" 200 OK
broker-d1-1          | INFO:httpx:HTTP Request: POST http://172.28.0.3:8081/execute "HTTP/1.1 200 OK"
worker-d1-embb-1-1   | INFO:httpx:HTTP Request: POST http://broker-d1:8080/result "HTTP/1.1 200 OK"
worker-d1-embb-1-1   | INFO:     172.27.0.2:44626 - "POST /execute HTTP/1.1" 200 OK
worker-d1-urllc-2-1  | INFO:     172.28.0.2:35932 - "POST /execute HTTP/1.1" 200 OK
worker-d1-embb-1-1   | INFO:httpx:HTTP Request: POST http://broker-d1:8080/result "HTTP/1.1 200 OK"
broker-d1-1          | INFO:httpx:HTTP Request: POST http://172.27.0.3:8081/execute "HTTP/1.1 200 OK"
worker-d1-embb-1-1   | INFO:     172.27.0.2:44638 - "POST /execute HTTP/1.1" 200 OK
broker-d1-1          | INFO:httpx:HTTP Request: POST http://172.28.0.4:8081/execute "HTTP/1.1 200 OK"
broker-d1-1          | INFO:httpx:HTTP Request: POST http://172.27.0.3:8081/execute "HTTP/1.1 200 OK"
broker-d1-1          | INFO:     172.27.0.3:41546 - "POST /result HTTP/1.1" 200 OK
worker-d1-embb-1-1   | INFO:httpx:HTTP Request: POST http://broker-d1:8080/result "HTTP/1.1 200 OK"
broker-d1-1          | INFO:     172.27.0.3:41562 - "POST /result HTTP/1.1" 200 OK
worker-d1-embb-1-1   | INFO:     172.27.0.2:44590 - "POST /execute HTTP/1.1" 200 OK
broker-d1-1          | INFO:httpx:HTTP Request: POST http://172.27.0.3:8081/execute "HTTP/1.1 200 OK"
worker-d1-embb-1-1   | INFO:httpx:HTTP Request: POST http://broker-d1:8080/result "HTTP/1.1 200 OK"
worker-d1-embb-1-1   | INFO:     172.27.0.2:44568 - "POST /execute HTTP/1.1" 200 OK
broker-d1-1          | INFO:     172.28.0.4:54176 - "POST /result HTTP/1.1" 200 OK
broker-d1-1          | INFO:httpx:HTTP Request: POST http://172.27.0.3:8081/execute "HTTP/1.1 200 OK"
broker-d1-1          | INFO:     172.28.0.3:44594 - "POST /result HTTP/1.1" 200 OK
worker-d1-urllc-2-1  | INFO:httpx:HTTP Request: POST http://broker-d1:8080/result "HTTP/1.1 200 OK"
worker-d1-urllc-1-1  | INFO:httpx:HTTP Request: POST http://broker-d1:8080/result "HTTP/1.1 200 OK"
worker-d1-urllc-1-1  | INFO:     172.28.0.2:59154 - "POST /execute HTTP/1.1" 200 OK
worker-d1-urllc-2-1  | INFO:     172.28.0.2:35928 - "POST /execute HTTP/1.1" 200 OK
broker-d1-1          | INFO:     172.29.0.4:32896 - "POST /publish HTTP/1.1" 200 OK
broker-d1-1          | INFO:httpx:HTTP Request: POST http://172.28.0.4:8081/execute "HTTP/1.1 200 OK"
broker-d1-1          | INFO:httpx:HTTP Request: POST http://172.28.0.3:8081/execute "HTTP/1.1 200 OK"
workload-1           | INFO:httpx:HTTP Request: POST http://broker-d1:8080/publish "HTTP/1.1 200 OK"
broker-d1-1          | INFO:     172.28.0.3:44600 - "POST /result HTTP/1.1" 200 OK
worker-d1-urllc-1-1  | INFO:httpx:HTTP Request: POST http://broker-d1:8080/result "HTTP/1.1 200 OK"
worker-d1-urllc-1-1  | INFO:     172.28.0.2:59224 - "POST /execute HTTP/1.1" 200 OK
broker-d1-1          | INFO:httpx:HTTP Request: POST http://172.28.0.3:8081/execute "HTTP/1.1 200 OK"
broker-d1-1          | INFO:     172.27.0.3:41622 - "POST /result HTTP/1.1" 200 OK
worker-d1-embb-1-1   | INFO:httpx:HTTP Request: POST http://broker-d1:8080/result "HTTP/1.1 200 OK"
worker-d1-embb-1-1   | INFO:     172.27.0.2:44670 - "POST /execute HTTP/1.1" 200 OK
broker-d1-1          | INFO:httpx:HTTP Request: POST http://172.27.0.3:8081/execute "HTTP/1.1 200 OK"
broker-d1-1          | INFO:     172.28.0.4:54182 - "POST /result HTTP/1.1" 200 OK
worker-d1-urllc-2-1  | INFO:httpx:HTTP Request: POST http://broker-d1:8080/result "HTTP/1.1 200 OK"
worker-d1-urllc-2-1  | INFO:     172.28.0.2:35938 - "POST /execute HTTP/1.1" 200 OK
broker-d1-1          | INFO:httpx:HTTP Request: POST http://172.28.0.4:8081/execute "HTTP/1.1 200 OK"
broker-d1-1          | INFO:     172.29.0.4:32874 - "POST /publish HTTP/1.1" 200 OK
workload-1           | INFO:httpx:HTTP Request: POST http://broker-d1:8080/publish "HTTP/1.1 200 OK"
broker-d1-1          | INFO:     172.28.0.3:44620 - "POST /result HTTP/1.1" 200 OK
worker-d1-urllc-1-1  | INFO:httpx:HTTP Request: POST http://broker-d1:8080/result "HTTP/1.1 200 OK"
worker-d1-urllc-1-1  | INFO:     172.28.0.2:59226 - "POST /execute HTTP/1.1" 200 OK
broker-d1-1          | INFO:httpx:HTTP Request: POST http://172.28.0.3:8081/execute "HTTP/1.1 200 OK"
broker-d1-1          | INFO:     172.27.0.3:41624 - "POST /result HTTP/1.1" 200 OK
worker-d1-embb-1-1   | INFO:httpx:HTTP Request: POST http://broker-d1:8080/result "HTTP/1.1 200 OK"
worker-d1-embb-1-1   | INFO:     172.27.0.2:44682 - "POST /execute HTTP/1.1" 200 OK
broker-d1-1          | INFO:httpx:HTTP Request: POST http://172.27.0.3:8081/execute "HTTP/1.1 200 OK"
broker-d1-1          | INFO:     172.28.0.4:54190 - "POST /result HTTP/1.1" 200 OK
worker-d1-urllc-2-1  | INFO:httpx:HTTP Request: POST http://broker-d1:8080/result "HTTP/1.1 200 OK"
worker-d1-urllc-2-1  | INFO:     172.28.0.2:35942 - "POST /execute HTTP/1.1" 200 OK
broker-d1-1          | INFO:httpx:HTTP Request: POST http://172.28.0.4:8081/execute "HTTP/1.1 200 OK"
broker-d1-1          | INFO:     172.29.0.4:32910 - "POST /publish HTTP/1.1" 200 OK
workload-1           | INFO:httpx:HTTP Request: POST http://broker-d1:8080/publish "HTTP/1.1 200 OK"
broker-d1-1          | INFO:     172.27.0.3:41534 - "POST /result HTTP/1.1" 200 OK
worker-d1-embb-1-1   | INFO:httpx:HTTP Request: POST http://broker-d1:8080/result "HTTP/1.1 200 OK"
worker-d1-embb-1-1   | INFO:     172.27.0.2:44568 - "POST /execute HTTP/1.1" 200 OK
broker-d1-1          | INFO:httpx:HTTP Request: POST http://172.27.0.3:8081/execute "HTTP/1.1 200 OK"
broker-d1-1          | INFO:     172.28.0.4:54176 - "POST /result HTTP/1.1" 200 OK
worker-d1-urllc-2-1  | INFO:httpx:HTTP Request: POST http://broker-d1:8080/result "HTTP/1.1 200 OK"
worker-d1-urllc-2-1  | INFO:     172.28.0.2:35972 - "POST /execute HTTP/1.1" 200 OK
broker-d1-1          | INFO:httpx:HTTP Request: POST http://172.28.0.4:8081/execute "HTTP/1.1 200 OK"
broker-d1-1          | INFO:     172.28.0.4:54206 - "POST /result HTTP/1.1" 200 OK
worker-d1-urllc-2-1  | INFO:httpx:HTTP Request: POST http://broker-d1:8080/result "HTTP/1.1 200 OK"
worker-d1-urllc-2-1  | INFO:     172.28.0.2:35948 - "POST /execute HTTP/1.1" 200 OK
broker-d1-1          | INFO:httpx:HTTP Request: POST http://172.28.0.4:8081/execute "HTTP/1.1 200 OK"
broker-d1-1          | INFO:     172.27.0.3:41534 - "POST /result HTTP/1.1" 200 OK
worker-d1-embb-1-1   | INFO:httpx:HTTP Request: POST http://broker-d1:8080/result "HTTP/1.1 200 OK"
broker-d1-1          | INFO:     172.27.0.3:41562 - "POST /result HTTP/1.1" 200 OK
worker-d1-embb-1-1   | INFO:     172.27.0.2:44684 - "POST /execute HTTP/1.1" 200 OK
worker-d1-embb-1-1   | INFO:httpx:HTTP Request: POST http://broker-d1:8080/result "HTTP/1.1 200 OK"
broker-d1-1          | INFO:httpx:HTTP Request: POST http://172.27.0.3:8081/execute "HTTP/1.1 200 OK"
worker-d1-embb-1-1   | INFO:     172.27.0.2:44690 - "POST /execute HTTP/1.1" 200 OK
broker-d1-1          | INFO:httpx:HTTP Request: POST http://172.27.0.3:8081/execute "HTTP/1.1 200 OK"
broker-d1-1          | INFO:     172.28.0.4:54178 - "POST /result HTTP/1.1" 200 OK
broker-d1-1          | INFO:     172.27.0.3:41576 - "POST /result HTTP/1.1" 200 OK
worker-d1-urllc-2-1  | INFO:httpx:HTTP Request: POST http://broker-d1:8080/result "HTTP/1.1 200 OK"
worker-d1-urllc-2-1  | INFO:     172.28.0.2:35978 - "POST /execute HTTP/1.1" 200 OK
worker-d1-embb-1-1   | INFO:httpx:HTTP Request: POST http://broker-d1:8080/result "HTTP/1.1 200 OK"
broker-d1-1          | INFO:     172.28.0.4:54232 - "POST /result HTTP/1.1" 200 OK
worker-d1-embb-1-1   | INFO:     172.27.0.2:44704 - "POST /execute HTTP/1.1" 200 OK
worker-d1-urllc-2-1  | INFO:httpx:HTTP Request: POST http://broker-d1:8080/result "HTTP/1.1 200 OK"
broker-d1-1          | INFO:httpx:HTTP Request: POST http://172.28.0.4:8081/execute "HTTP/1.1 200 OK"
worker-d1-urllc-2-1  | INFO:     172.28.0.2:35984 - "POST /execute HTTP/1.1" 200 OK
broker-d1-1          | INFO:httpx:HTTP Request: POST http://172.27.0.3:8081/execute "HTTP/1.1 200 OK"
broker-d1-1          | INFO:httpx:HTTP Request: POST http://172.28.0.4:8081/execute "HTTP/1.1 200 OK"
broker-d1-1          | INFO:     172.28.0.3:44614 - "POST /result HTTP/1.1" 200 OK
broker-d1-1          | INFO:     172.28.0.4:54246 - "POST /result HTTP/1.1" 200 OK
broker-d1-1          | INFO:     172.28.0.4:54220 - "POST /result HTTP/1.1" 200 OK
worker-d1-urllc-1-1  | INFO:httpx:HTTP Request: POST http://broker-d1:8080/result "HTTP/1.1 200 OK"
worker-d1-urllc-2-1  | INFO:httpx:HTTP Request: POST http://broker-d1:8080/result "HTTP/1.1 200 OK"
worker-d1-urllc-1-1  | INFO:     172.28.0.2:59196 - "POST /execute HTTP/1.1" 200 OK
worker-d1-urllc-2-1  | INFO:     172.28.0.2:35986 - "POST /execute HTTP/1.1" 200 OK
worker-d1-urllc-2-1  | INFO:httpx:HTTP Request: POST http://broker-d1:8080/result "HTTP/1.1 200 OK"
broker-d1-1          | INFO:httpx:HTTP Request: POST http://172.28.0.3:8081/execute "HTTP/1.1 200 OK"
broker-d1-1          | INFO:httpx:HTTP Request: POST http://172.28.0.4:8081/execute "HTTP/1.1 200 OK"
worker-d1-urllc-2-1  | INFO:     172.28.0.2:35964 - "POST /execute HTTP/1.1" 200 OK
broker-d1-1          | INFO:httpx:HTTP Request: POST http://172.28.0.4:8081/execute "HTTP/1.1 200 OK"
broker-d1-1          | INFO:     172.28.0.4:54224 - "POST /result HTTP/1.1" 200 OK
broker-d1-1          | INFO:     172.28.0.3:44604 - "POST /result HTTP/1.1" 200 OK
worker-d1-urllc-2-1  | INFO:httpx:HTTP Request: POST http://broker-d1:8080/result "HTTP/1.1 200 OK"
worker-d1-urllc-1-1  | INFO:httpx:HTTP Request: POST http://broker-d1:8080/result "HTTP/1.1 200 OK"
worker-d1-urllc-2-1  | INFO:     172.28.0.2:35962 - "POST /execute HTTP/1.1" 200 OK
broker-d1-1          | INFO:httpx:HTTP Request: POST http://172.28.0.4:8081/execute "HTTP/1.1 200 OK"
worker-d1-urllc-1-1  | INFO:     172.28.0.2:59172 - "POST /execute HTTP/1.1" 200 OK
broker-d1-1          | INFO:httpx:HTTP Request: POST http://172.28.0.3:8081/execute "HTTP/1.1 200 OK"
broker-d1-1          | INFO:     172.27.0.3:41590 - "POST /result HTTP/1.1" 200 OK
worker-d1-embb-1-1   | INFO:httpx:HTTP Request: POST http://broker-d1:8080/result "HTTP/1.1 200 OK"
worker-d1-embb-1-1   | INFO:     172.27.0.2:44654 - "POST /execute HTTP/1.1" 200 OK
workload-1           | INFO:httpx:HTTP Request: POST http://broker-d1:8080/publish "HTTP/1.1 200 OK"
broker-d1-1          | INFO:httpx:HTTP Request: POST http://172.27.0.3:8081/execute "HTTP/1.1 200 OK"
broker-d1-1          | INFO:     172.29.0.4:32926 - "POST /publish HTTP/1.1" 200 OK
broker-d1-1          | INFO:     172.28.0.4:54176 - "POST /result HTTP/1.1" 200 OK
worker-d1-urllc-2-1  | INFO:httpx:HTTP Request: POST http://broker-d1:8080/result "HTTP/1.1 200 OK"
worker-d1-urllc-2-1  | INFO:     172.28.0.2:35962 - "POST /execute HTTP/1.1" 200 OK
broker-d1-1          | INFO:httpx:HTTP Request: POST http://172.28.0.4:8081/execute "HTTP/1.1 200 OK"
broker-d1-1          | INFO:     172.28.0.3:44604 - "POST /result HTTP/1.1" 200 OK
worker-d1-urllc-1-1  | INFO:httpx:HTTP Request: POST http://broker-d1:8080/result "HTTP/1.1 200 OK"
worker-d1-urllc-1-1  | INFO:     172.28.0.2:59244 - "POST /execute HTTP/1.1" 200 OK
broker-d1-1          | INFO:httpx:HTTP Request: POST http://172.28.0.3:8081/execute "HTTP/1.1 200 OK"
broker-d1-1          | INFO:     172.28.0.4:54256 - "POST /result HTTP/1.1" 200 OK
worker-d1-urllc-2-1  | INFO:httpx:HTTP Request: POST http://broker-d1:8080/result "HTTP/1.1 200 OK"
worker-d1-urllc-2-1  | INFO:     172.28.0.2:35928 - "POST /execute HTTP/1.1" 200 OK
broker-d1-1          | INFO:httpx:HTTP Request: POST http://172.28.0.4:8081/execute "HTTP/1.1 200 OK"
broker-d1-1          | INFO:     172.28.0.4:54176 - "POST /result HTTP/1.1" 200 OK
broker-d1-1          | INFO:     172.28.0.4:54178 - "POST /result HTTP/1.1" 200 OK
worker-d1-urllc-2-1  | INFO:httpx:HTTP Request: POST http://broker-d1:8080/result "HTTP/1.1 200 OK"
broker-d1-1          | INFO:     172.28.0.4:54190 - "POST /result HTTP/1.1" 200 OK
worker-d1-urllc-2-1  | INFO:     172.28.0.2:35964 - "POST /execute HTTP/1.1" 200 OK
worker-d1-urllc-2-1  | INFO:httpx:HTTP Request: POST http://broker-d1:8080/result "HTTP/1.1 200 OK"
broker-d1-1          | INFO:httpx:HTTP Request: POST http://172.28.0.4:8081/execute "HTTP/1.1 200 OK"
worker-d1-urllc-2-1  | INFO:     172.28.0.2:35984 - "POST /execute HTTP/1.1" 200 OK
worker-d1-urllc-2-1  | INFO:httpx:HTTP Request: POST http://broker-d1:8080/result "HTTP/1.1 200 OK"
broker-d1-1          | INFO:httpx:HTTP Request: POST http://172.28.0.4:8081/execute "HTTP/1.1 200 OK"
worker-d1-urllc-2-1  | INFO:     172.28.0.2:35986 - "POST /execute HTTP/1.1" 200 OK
broker-d1-1          | INFO:     172.28.0.3:44614 - "POST /result HTTP/1.1" 200 OK
broker-d1-1          | INFO:     172.28.0.3:44620 - "POST /result HTTP/1.1" 200 OK
broker-d1-1          | INFO:httpx:HTTP Request: POST http://172.28.0.4:8081/execute "HTTP/1.1 200 OK"
worker-d1-urllc-1-1  | INFO:httpx:HTTP Request: POST http://broker-d1:8080/result "HTTP/1.1 200 OK"
broker-d1-1          | INFO:     172.28.0.3:44630 - "POST /result HTTP/1.1" 200 OK
worker-d1-urllc-1-1  | INFO:     172.28.0.2:59250 - "POST /execute HTTP/1.1" 200 OK
worker-d1-urllc-1-1  | INFO:httpx:HTTP Request: POST http://broker-d1:8080/result "HTTP/1.1 200 OK"
broker-d1-1          | INFO:httpx:HTTP Request: POST http://172.28.0.3:8081/execute "HTTP/1.1 200 OK"
worker-d1-urllc-1-1  | INFO:     172.28.0.2:59252 - "POST /execute HTTP/1.1" 200 OK
broker-d1-1          | INFO:     172.28.0.4:54182 - "POST /result HTTP/1.1" 200 OK
worker-d1-urllc-1-1  | INFO:httpx:HTTP Request: POST http://broker-d1:8080/result "HTTP/1.1 200 OK"
broker-d1-1          | INFO:httpx:HTTP Request: POST http://172.28.0.3:8081/execute "HTTP/1.1 200 OK"
worker-d1-urllc-1-1  | INFO:     172.28.0.2:59258 - "POST /execute HTTP/1.1" 200 OK
broker-d1-1          | INFO:     172.28.0.4:54266 - "POST /result HTTP/1.1" 200 OK
worker-d1-urllc-2-1  | INFO:httpx:HTTP Request: POST http://broker-d1:8080/result "HTTP/1.1 200 OK"
broker-d1-1          | INFO:httpx:HTTP Request: POST http://172.28.0.3:8081/execute "HTTP/1.1 200 OK"
broker-d1-1          | INFO:     172.28.0.3:44600 - "POST /result HTTP/1.1" 200 OK
worker-d1-urllc-2-1  | INFO:     172.28.0.2:36014 - "POST /execute HTTP/1.1" 200 OK
worker-d1-urllc-1-1  | INFO:httpx:HTTP Request: POST http://broker-d1:8080/result "HTTP/1.1 200 OK"
worker-d1-urllc-2-1  | INFO:httpx:HTTP Request: POST http://broker-d1:8080/result "HTTP/1.1 200 OK"
worker-d1-urllc-2-1  | INFO:     172.28.0.2:36000 - "POST /execute HTTP/1.1" 200 OK
worker-d1-urllc-1-1  | INFO:     172.28.0.2:59228 - "POST /execute HTTP/1.1" 200 OK
broker-d1-1          | INFO:httpx:HTTP Request: POST http://172.28.0.4:8081/execute "HTTP/1.1 200 OK"
broker-d1-1          | INFO:     172.28.0.3:44594 - "POST /result HTTP/1.1" 200 OK
worker-d1-urllc-1-1  | INFO:httpx:HTTP Request: POST http://broker-d1:8080/result "HTTP/1.1 200 OK"
broker-d1-1          | INFO:httpx:HTTP Request: POST http://172.28.0.4:8081/execute "HTTP/1.1 200 OK"
broker-d1-1          | INFO:httpx:HTTP Request: POST http://172.28.0.3:8081/execute "HTTP/1.1 200 OK"
worker-d1-urllc-1-1  | INFO:     172.28.0.2:59154 - "POST /execute HTTP/1.1" 200 OK
broker-d1-1          | INFO:     172.27.0.3:41530 - "POST /result HTTP/1.1" 200 OK
broker-d1-1          | INFO:httpx:HTTP Request: POST http://172.28.0.3:8081/execute "HTTP/1.1 200 OK"
worker-d1-embb-1-1   | INFO:httpx:HTTP Request: POST http://broker-d1:8080/result "HTTP/1.1 200 OK"
worker-d1-embb-1-1   | INFO:     172.27.0.2:44590 - "POST /execute HTTP/1.1" 200 OK
broker-d1-1          | INFO:httpx:HTTP Request: POST http://172.27.0.3:8081/execute "HTTP/1.1 200 OK"
broker-d1-1          | INFO:     172.29.0.4:32886 - "POST /publish HTTP/1.1" 200 OK
workload-1           | INFO:httpx:HTTP Request: POST http://broker-d1:8080/publish "HTTP/1.1 200 OK"
broker-d1-1          | INFO:     172.28.0.4:54176 - "POST /result HTTP/1.1" 200 OK
worker-d1-urllc-2-1  | INFO:httpx:HTTP Request: POST http://broker-d1:8080/result "HTTP/1.1 200 OK"
worker-d1-urllc-2-1  | INFO:     172.28.0.2:36024 - "POST /execute HTTP/1.1" 200 OK
broker-d1-1          | INFO:httpx:HTTP Request: POST http://172.28.0.4:8081/execute "HTTP/1.1 200 OK"
broker-d1-1          | INFO:     172.28.0.3:44634 - "POST /result HTTP/1.1" 200 OK
worker-d1-urllc-1-1  | INFO:httpx:HTTP Request: POST http://broker-d1:8080/result "HTTP/1.1 200 OK"
worker-d1-urllc-1-1  | INFO:     172.28.0.2:59274 - "POST /execute HTTP/1.1" 200 OK
broker-d1-1          | INFO:httpx:HTTP Request: POST http://172.28.0.3:8081/execute "HTTP/1.1 200 OK"
broker-d1-1          | INFO:     172.27.0.3:41546 - "POST /result HTTP/1.1" 200 OK
worker-d1-embb-1-1   | INFO:httpx:HTTP Request: POST http://broker-d1:8080/result "HTTP/1.1 200 OK"
worker-d1-embb-1-1   | INFO:     172.27.0.2:44710 - "POST /execute HTTP/1.1" 200 OK
broker-d1-1          | INFO:httpx:HTTP Request: POST http://172.27.0.3:8081/execute "HTTP/1.1 200 OK"
broker-d1-1          | INFO:     172.29.0.4:32874 - "POST /publish HTTP/1.1" 200 OK
workload-1           | INFO:httpx:HTTP Request: POST http://broker-d1:8080/publish "HTTP/1.1 200 OK"
broker-d1-1          | INFO:     172.28.0.4:54176 - "POST /result HTTP/1.1" 200 OK
worker-d1-urllc-2-1  | INFO:httpx:HTTP Request: POST http://broker-d1:8080/result "HTTP/1.1 200 OK"
worker-d1-urllc-2-1  | INFO:     172.28.0.2:36040 - "POST /execute HTTP/1.1" 200 OK
broker-d1-1          | INFO:httpx:HTTP Request: POST http://172.28.0.4:8081/execute "HTTP/1.1 200 OK"
broker-d1-1          | INFO:     172.28.0.3:44650 - "POST /result HTTP/1.1" 200 OK
worker-d1-urllc-1-1  | INFO:httpx:HTTP Request: POST http://broker-d1:8080/result "HTTP/1.1 200 OK"
worker-d1-urllc-1-1  | INFO:     172.28.0.2:59172 - "POST /execute HTTP/1.1" 200 OK
broker-d1-1          | INFO:httpx:HTTP Request: POST http://172.28.0.3:8081/execute "HTTP/1.1 200 OK"
broker-d1-1          | INFO:     172.27.0.3:41534 - "POST /result HTTP/1.1" 200 OK
worker-d1-embb-1-1   | INFO:httpx:HTTP Request: POST http://broker-d1:8080/result "HTTP/1.1 200 OK"
worker-d1-embb-1-1   | INFO:     172.27.0.2:44718 - "POST /execute HTTP/1.1" 200 OK
broker-d1-1          | INFO:httpx:HTTP Request: POST http://172.27.0.3:8081/execute "HTTP/1.1 200 OK"
broker-d1-1          | INFO:     172.29.0.4:32896 - "POST /publish HTTP/1.1" 200 OK
workload-1           | INFO:httpx:HTTP Request: POST http://broker-d1:8080/publish "HTTP/1.1 200 OK"
broker-d1-1          | INFO:     172.28.0.4:54176 - "POST /result HTTP/1.1" 200 OK
worker-d1-urllc-2-1  | INFO:httpx:HTTP Request: POST http://broker-d1:8080/result "HTTP/1.1 200 OK"
worker-d1-urllc-2-1  | INFO:     172.28.0.2:35928 - "POST /execute HTTP/1.1" 200 OK
broker-d1-1          | INFO:httpx:HTTP Request: POST http://172.28.0.4:8081/execute "HTTP/1.1 200 OK"
broker-d1-1          | INFO:     172.28.0.3:44604 - "POST /result HTTP/1.1" 200 OK
worker-d1-urllc-1-1  | INFO:httpx:HTTP Request: POST http://broker-d1:8080/result "HTTP/1.1 200 OK"
worker-d1-urllc-1-1  | INFO:     172.28.0.2:59286 - "POST /execute HTTP/1.1" 200 OK
broker-d1-1          | INFO:httpx:HTTP Request: POST http://172.28.0.3:8081/execute "HTTP/1.1 200 OK"
broker-d1-1          | INFO:     172.27.0.3:41562 - "POST /result HTTP/1.1" 200 OK
worker-d1-embb-1-1   | INFO:httpx:HTTP Request: POST http://broker-d1:8080/result "HTTP/1.1 200 OK"
worker-d1-embb-1-1   | INFO:     172.27.0.2:44654 - "POST /execute HTTP/1.1" 200 OK
broker-d1-1          | INFO:httpx:HTTP Request: POST http://172.27.0.3:8081/execute "HTTP/1.1 200 OK"
broker-d1-1          | INFO:     172.29.0.4:32910 - "POST /publish HTTP/1.1" 200 OK
workload-1           | INFO:httpx:HTTP Request: POST http://broker-d1:8080/publish "HTTP/1.1 200 OK"
broker-d1-1          | INFO:     172.28.0.4:54178 - "POST /result HTTP/1.1" 200 OK
worker-d1-urllc-2-1  | INFO:httpx:HTTP Request: POST http://broker-d1:8080/result "HTTP/1.1 200 OK"
worker-d1-urllc-2-1  | INFO:     172.28.0.2:35964 - "POST /execute HTTP/1.1" 200 OK
broker-d1-1          | INFO:httpx:HTTP Request: POST http://172.28.0.4:8081/execute "HTTP/1.1 200 OK"
broker-d1-1          | INFO:     172.28.0.3:44594 - "POST /result HTTP/1.1" 200 OK
worker-d1-urllc-1-1  | INFO:httpx:HTTP Request: POST http://broker-d1:8080/result "HTTP/1.1 200 OK"
worker-d1-urllc-1-1  | INFO:     172.28.0.2:59154 - "POST /execute HTTP/1.1" 200 OK
broker-d1-1          | INFO:httpx:HTTP Request: POST http://172.28.0.3:8081/execute "HTTP/1.1 200 OK"
broker-d1-1          | INFO:     172.27.0.3:41530 - "POST /result HTTP/1.1" 200 OK
worker-d1-embb-1-1   | INFO:httpx:HTTP Request: POST http://broker-d1:8080/result "HTTP/1.1 200 OK"
worker-d1-embb-1-1   | INFO:     172.27.0.2:44590 - "POST /execute HTTP/1.1" 200 OK
broker-d1-1          | INFO:httpx:HTTP Request: POST http://172.27.0.3:8081/execute "HTTP/1.1 200 OK"
broker-d1-1          | INFO:     172.29.0.4:32886 - "POST /publish HTTP/1.1" 200 OK
workload-1           | INFO:httpx:HTTP Request: POST http://broker-d1:8080/publish "HTTP/1.1 200 OK"
broker-d1-1          | INFO:     172.28.0.3:44650 - "POST /result HTTP/1.1" 200 OK
worker-d1-urllc-1-1  | INFO:httpx:HTTP Request: POST http://broker-d1:8080/result "HTTP/1.1 200 OK"
worker-d1-urllc-1-1  | INFO:     172.28.0.2:59274 - "POST /execute HTTP/1.1" 200 OK
broker-d1-1          | INFO:httpx:HTTP Request: POST http://172.28.0.3:8081/execute "HTTP/1.1 200 OK"
broker-d1-1          | INFO:     172.27.0.3:41530 - "POST /result HTTP/1.1" 200 OK
worker-d1-embb-1-1   | INFO:httpx:HTTP Request: POST http://broker-d1:8080/result "HTTP/1.1 200 OK"
worker-d1-embb-1-1   | INFO:     172.27.0.2:44710 - "POST /execute HTTP/1.1" 200 OK
broker-d1-1          | INFO:httpx:HTTP Request: POST http://172.27.0.3:8081/execute "HTTP/1.1 200 OK"
broker-d1-1          | INFO:     172.28.0.3:44600 - "POST /result HTTP/1.1" 200 OK
worker-d1-urllc-1-1  | INFO:httpx:HTTP Request: POST http://broker-d1:8080/result "HTTP/1.1 200 OK"
worker-d1-urllc-1-1  | INFO:     172.28.0.2:59172 - "POST /execute HTTP/1.1" 200 OK
broker-d1-1          | INFO:httpx:HTTP Request: POST http://172.28.0.3:8081/execute "HTTP/1.1 200 OK"
broker-d1-1          | INFO:     172.28.0.3:44650 - "POST /result HTTP/1.1" 200 OK
worker-d1-urllc-1-1  | INFO:httpx:HTTP Request: POST http://broker-d1:8080/result "HTTP/1.1 200 OK"
worker-d1-urllc-1-1  | INFO:     172.28.0.2:59286 - "POST /execute HTTP/1.1" 200 OK
broker-d1-1          | INFO:httpx:HTTP Request: POST http://172.28.0.3:8081/execute "HTTP/1.1 200 OK"
broker-d1-1          | INFO:     172.27.0.3:41562 - "POST /result HTTP/1.1" 200 OK
worker-d1-embb-1-1   | INFO:httpx:HTTP Request: POST http://broker-d1:8080/result "HTTP/1.1 200 OK"
worker-d1-embb-1-1   | INFO:     172.27.0.2:33808 - "POST /execute HTTP/1.1" 200 OK
broker-d1-1          | INFO:httpx:HTTP Request: POST http://172.27.0.3:8081/execute "HTTP/1.1 200 OK"
broker-d1-1          | INFO:     172.28.0.4:54178 - "POST /result HTTP/1.1" 200 OK
worker-d1-urllc-2-1  | INFO:httpx:HTTP Request: POST http://broker-d1:8080/result "HTTP/1.1 200 OK"
worker-d1-urllc-2-1  | INFO:     172.28.0.2:35964 - "POST /execute HTTP/1.1" 200 OK
broker-d1-1          | INFO:httpx:HTTP Request: POST http://172.28.0.4:8081/execute "HTTP/1.1 200 OK"
broker-d1-1          | INFO:     172.29.0.4:32886 - "POST /publish HTTP/1.1" 200 OK
workload-1           | INFO:httpx:HTTP Request: POST http://broker-d1:8080/publish "HTTP/1.1 200 OK"
broker-d1-1          | INFO:     172.28.0.3:44650 - "POST /result HTTP/1.1" 200 OK
worker-d1-urllc-1-1  | INFO:httpx:HTTP Request: POST http://broker-d1:8080/result "HTTP/1.1 200 OK"
worker-d1-urllc-1-1  | INFO:     172.28.0.2:60166 - "POST /execute HTTP/1.1" 200 OK
broker-d1-1          | INFO:httpx:HTTP Request: POST http://172.28.0.3:8081/execute "HTTP/1.1 200 OK"
broker-d1-1          | INFO:     172.27.0.3:41546 - "POST /result HTTP/1.1" 200 OK
broker-d1-1          | INFO:     172.28.0.3:43482 - "POST /result HTTP/1.1" 200 OK
worker-d1-embb-1-1   | INFO:httpx:HTTP Request: POST http://broker-d1:8080/result "HTTP/1.1 200 OK"
worker-d1-embb-1-1   | INFO:     172.27.0.2:44718 - "POST /execute HTTP/1.1" 200 OK
worker-d1-urllc-1-1  | INFO:httpx:HTTP Request: POST http://broker-d1:8080/result "HTTP/1.1 200 OK"
broker-d1-1          | INFO:     172.28.0.3:43488 - "POST /result HTTP/1.1" 200 OK
worker-d1-urllc-1-1  | INFO:     172.28.0.2:60182 - "POST /execute HTTP/1.1" 200 OK
broker-d1-1          | INFO:httpx:HTTP Request: POST http://172.27.0.3:8081/execute "HTTP/1.1 200 OK"
worker-d1-urllc-1-1  | INFO:httpx:HTTP Request: POST http://broker-d1:8080/result "HTTP/1.1 200 OK"
worker-d1-urllc-1-1  | INFO:     172.28.0.2:60184 - "POST /execute HTTP/1.1" 200 OK
broker-d1-1          | INFO:httpx:HTTP Request: POST http://172.28.0.3:8081/execute "HTTP/1.1 200 OK"
broker-d1-1          | INFO:     172.28.0.4:54182 - "POST /result HTTP/1.1" 200 OK
worker-d1-urllc-2-1  | INFO:httpx:HTTP Request: POST http://broker-d1:8080/result "HTTP/1.1 200 OK"
broker-d1-1          | INFO:httpx:HTTP Request: POST http://172.28.0.3:8081/execute "HTTP/1.1 200 OK"
broker-d1-1          | INFO:     172.27.0.3:41576 - "POST /result HTTP/1.1" 200 OK
broker-d1-1          | INFO:     172.27.0.3:41590 - "POST /result HTTP/1.1" 200 OK
worker-d1-embb-1-1   | INFO:httpx:HTTP Request: POST http://broker-d1:8080/result "HTTP/1.1 200 OK"
worker-d1-urllc-2-1  | INFO:     172.28.0.2:35984 - "POST /execute HTTP/1.1" 200 OK
broker-d1-1          | INFO:httpx:HTTP Request: POST http://172.28.0.4:8081/execute "HTTP/1.1 200 OK"
worker-d1-embb-1-1   | INFO:httpx:HTTP Request: POST http://broker-d1:8080/result "HTTP/1.1 200 OK"
worker-d1-embb-1-1   | INFO:     172.27.0.2:33794 - "POST /execute HTTP/1.1" 200 OK
worker-d1-embb-1-1   | INFO:     172.27.0.2:33788 - "POST /execute HTTP/1.1" 200 OK
broker-d1-1          | INFO:httpx:HTTP Request: POST http://172.27.0.3:8081/execute "HTTP/1.1 200 OK"
broker-d1-1          | INFO:httpx:HTTP Request: POST http://172.27.0.3:8081/execute "HTTP/1.1 200 OK"
broker-d1-1          | INFO:     172.28.0.3:44614 - "POST /result HTTP/1.1" 200 OK
broker-d1-1          | INFO:     172.28.0.3:44604 - "POST /result HTTP/1.1" 200 OK
worker-d1-urllc-1-1  | INFO:httpx:HTTP Request: POST http://broker-d1:8080/result "HTTP/1.1 200 OK"
worker-d1-urllc-1-1  | INFO:     172.28.0.2:59250 - "POST /execute HTTP/1.1" 200 OK
worker-d1-urllc-1-1  | INFO:httpx:HTTP Request: POST http://broker-d1:8080/result "HTTP/1.1 200 OK"
worker-d1-urllc-1-1  | INFO:     172.28.0.2:59228 - "POST /execute HTTP/1.1" 200 OK
broker-d1-1          | INFO:httpx:HTTP Request: POST http://172.28.0.3:8081/execute "HTTP/1.1 200 OK"
broker-d1-1          | INFO:     172.28.0.4:54176 - "POST /result HTTP/1.1" 200 OK
broker-d1-1          | INFO:httpx:HTTP Request: POST http://172.28.0.3:8081/execute "HTTP/1.1 200 OK"
worker-d1-urllc-2-1  | INFO:httpx:HTTP Request: POST http://broker-d1:8080/result "HTTP/1.1 200 OK"
broker-d1-1          | INFO:     172.27.0.3:41534 - "POST /result HTTP/1.1" 200 OK
worker-d1-urllc-2-1  | INFO:     172.28.0.2:35928 - "POST /execute HTTP/1.1" 200 OK
worker-d1-embb-1-1   | INFO:httpx:HTTP Request: POST http://broker-d1:8080/result "HTTP/1.1 200 OK"
worker-d1-embb-1-1   | INFO:     172.27.0.2:44654 - "POST /execute HTTP/1.1" 200 OK
broker-d1-1          | INFO:httpx:HTTP Request: POST http://172.28.0.4:8081/execute "HTTP/1.1 200 OK"
broker-d1-1          | INFO:httpx:HTTP Request: POST http://172.27.0.3:8081/execute "HTTP/1.1 200 OK"
broker-d1-1          | INFO:     172.29.0.4:32874 - "POST /publish HTTP/1.1" 200 OK
workload-1           | INFO:httpx:HTTP Request: POST http://broker-d1:8080/publish "HTTP/1.1 200 OK"
broker-d1-1          | INFO:     172.28.0.3:44614 - "POST /result HTTP/1.1" 200 OK
worker-d1-urllc-1-1  | INFO:httpx:HTTP Request: POST http://broker-d1:8080/result "HTTP/1.1 200 OK"
worker-d1-urllc-1-1  | INFO:     172.28.0.2:60210 - "POST /execute HTTP/1.1" 200 OK
broker-d1-1          | INFO:httpx:HTTP Request: POST http://172.28.0.3:8081/execute "HTTP/1.1 200 OK"
broker-d1-1          | INFO:     172.27.0.3:41610 - "POST /result HTTP/1.1" 200 OK
worker-d1-embb-1-1   | INFO:httpx:HTTP Request: POST http://broker-d1:8080/result "HTTP/1.1 200 OK"
worker-d1-embb-1-1   | INFO:     172.27.0.2:33816 - "POST /execute HTTP/1.1" 200 OK
broker-d1-1          | INFO:httpx:HTTP Request: POST http://172.27.0.3:8081/execute "HTTP/1.1 200 OK"
broker-d1-1          | INFO:     172.28.0.4:54190 - "POST /result HTTP/1.1" 200 OK
worker-d1-urllc-2-1  | INFO:httpx:HTTP Request: POST http://broker-d1:8080/result "HTTP/1.1 200 OK"
worker-d1-urllc-2-1  | INFO:     172.28.0.2:36000 - "POST /execute HTTP/1.1" 200 OK
broker-d1-1          | INFO:httpx:HTTP Request: POST http://172.28.0.4:8081/execute "HTTP/1.1 200 OK"
broker-d1-1          | INFO:     172.29.0.4:32896 - "POST /publish HTTP/1.1" 200 OK
workload-1           | INFO:httpx:HTTP Request: POST http://broker-d1:8080/publish "HTTP/1.1 200 OK"
broker-d1-1          | INFO:     172.28.0.3:44614 - "POST /result HTTP/1.1" 200 OK
worker-d1-urllc-1-1  | INFO:httpx:HTTP Request: POST http://broker-d1:8080/result "HTTP/1.1 200 OK"
worker-d1-urllc-1-1  | INFO:     172.28.0.2:60204 - "POST /execute HTTP/1.1" 200 OK
broker-d1-1          | INFO:httpx:HTTP Request: POST http://172.28.0.3:8081/execute "HTTP/1.1 200 OK"
broker-d1-1          | INFO:     172.27.0.3:41612 - "POST /result HTTP/1.1" 200 OK
worker-d1-embb-1-1   | INFO:httpx:HTTP Request: POST http://broker-d1:8080/result "HTTP/1.1 200 OK"
worker-d1-embb-1-1   | INFO:     172.27.0.2:33830 - "POST /execute HTTP/1.1" 200 OK
broker-d1-1          | INFO:httpx:HTTP Request: POST http://172.27.0.3:8081/execute "HTTP/1.1 200 OK"
broker-d1-1          | INFO:     172.28.0.4:54206 - "POST /result HTTP/1.1" 200 OK
worker-d1-urllc-2-1  | INFO:httpx:HTTP Request: POST http://broker-d1:8080/result "HTTP/1.1 200 OK"
worker-d1-urllc-2-1  | INFO:     172.28.0.2:36014 - "POST /execute HTTP/1.1" 200 OK
broker-d1-1          | INFO:httpx:HTTP Request: POST http://172.28.0.4:8081/execute "HTTP/1.1 200 OK"
broker-d1-1          | INFO:     172.29.0.4:32910 - "POST /publish HTTP/1.1" 200 OK
workload-1           | INFO:httpx:HTTP Request: POST http://broker-d1:8080/publish "HTTP/1.1 200 OK"
broker-d1-1          | INFO:     172.27.0.3:41530 - "POST /result HTTP/1.1" 200 OK
worker-d1-embb-1-1   | INFO:httpx:HTTP Request: POST http://broker-d1:8080/result "HTTP/1.1 200 OK"
worker-d1-embb-1-1   | INFO:     172.27.0.2:33854 - "POST /execute HTTP/1.1" 200 OK
