worker-d1-embb-1-1   | INFO:httpx:HTTP Request: POST http://broker-d1:8080/result "HTTP/1.1 200 OK"
broker-d1-1          | 2026-03-21 01:36:43,215 INFO httpx: HTTP Request: POST http://172.20.0.3:8081/execute "HTTP/1.1 200 OK"
worker-d1-embb-1-1   | INFO:     172.20.0.2:55842 - "POST /execute HTTP/1.1" 200 OK
worker-d1-embb-1-1   | INFO:     172.20.0.2:55834 - "POST /execute HTTP/1.1" 200 OK
broker-d1-1          | INFO:     172.20.0.3:49614 - "POST /result HTTP/1.1" 200 OK
worker-d1-embb-1-1   | INFO:httpx:HTTP Request: POST http://broker-d1:8080/result "HTTP/1.1 200 OK"
worker-d1-embb-1-1   | INFO:httpx:HTTP Request: POST http://broker-d1:8080/result "HTTP/1.1 200 OK"
broker-d1-1          | 2026-03-21 01:36:43,216 INFO httpx: HTTP Request: POST http://172.20.0.3:8081/execute "HTTP/1.1 200 OK"
broker-d1-1          | 2026-03-21 01:36:43,217 INFO httpx: HTTP Request: POST http://172.20.0.3:8081/execute "HTTP/1.1 200 OK"
worker-d1-embb-1-1   | INFO:httpx:HTTP Request: POST http://broker-d1:8080/result "HTTP/1.1 200 OK"
worker-d1-embb-1-1   | INFO:     172.20.0.2:55538 - "POST /execute HTTP/1.1" 200 OK
broker-d1-1          | INFO:     172.20.0.3:49526 - "POST /result HTTP/1.1" 200 OK
broker-d1-1          | INFO:     172.20.0.3:49262 - "POST /result HTTP/1.1" 200 OK
worker-d1-embb-1-1   | INFO:     172.20.0.2:55616 - "POST /execute HTTP/1.1" 200 OK
worker-d1-embb-1-1   | INFO:     172.20.0.2:55396 - "POST /execute HTTP/1.1" 200 OK
broker-d1-1          | INFO:     172.20.0.3:49632 - "POST /result HTTP/1.1" 200 OK
broker-d1-1          | INFO:     172.20.0.3:49618 - "POST /result HTTP/1.1" 200 OK
worker-d1-embb-1-1   | INFO:     172.20.0.2:55532 - "POST /execute HTTP/1.1" 200 OK
worker-d1-embb-1-1   | INFO:     172.20.0.2:55550 - "POST /execute HTTP/1.1" 200 OK
broker-d1-1          | 2026-03-21 01:36:43,219 INFO httpx: HTTP Request: POST http://172.20.0.3:8081/execute "HTTP/1.1 200 OK"
broker-d1-1          | 2026-03-21 01:36:43,219 INFO httpx: HTTP Request: POST http://172.20.0.3:8081/execute "HTTP/1.1 200 OK"
worker-d1-embb-1-1   | INFO:httpx:HTTP Request: POST http://broker-d1:8080/result "HTTP/1.1 200 OK"
broker-d1-1          | 2026-03-21 01:36:43,221 INFO httpx: HTTP Request: POST http://172.20.0.3:8081/execute "HTTP/1.1 200 OK"
worker-d1-embb-1-1   | INFO:httpx:HTTP Request: POST http://broker-d1:8080/result "HTTP/1.1 200 OK"
worker-d1-embb-1-1   | INFO:httpx:HTTP Request: POST http://broker-d1:8080/result "HTTP/1.1 200 OK"
broker-d1-1          | 2026-03-21 01:36:43,223 INFO httpx: HTTP Request: POST http://172.20.0.3:8081/execute "HTTP/1.1 200 OK"
worker-d1-embb-1-1   | INFO:httpx:HTTP Request: POST http://broker-d1:8080/result "HTTP/1.1 200 OK"
broker-d1-1          | 2026-03-21 01:36:43,224 INFO __main__: Pipeline 'bed80362-9129-469c-a3f9-493a47d070c5' completed successfully.
broker-d1-1          | INFO:     172.20.0.3:49836 - "POST /result HTTP/1.1" 200 OK
broker-d1-1          | INFO:     172.20.0.3:49330 - "POST /result HTTP/1.1" 200 OK
worker-d1-embb-1-1   | INFO:     172.20.0.2:55744 - "POST /execute HTTP/1.1" 200 OK
worker-d1-embb-1-1   | INFO:     172.20.0.2:55446 - "POST /execute HTTP/1.1" 200 OK
worker-d1-embb-1-1   | INFO:httpx:HTTP Request: POST http://broker-d1:8080/result "HTTP/1.1 200 OK"
broker-d1-1          | 2026-03-21 01:36:43,225 INFO httpx: HTTP Request: POST http://172.20.0.3:8081/execute "HTTP/1.1 200 OK"
worker-d1-embb-1-1   | INFO:httpx:HTTP Request: POST http://broker-d1:8080/result "HTTP/1.1 200 OK"
broker-d1-1          | 2026-03-21 01:36:43,225 INFO httpx: HTTP Request: POST http://172.20.0.3:8081/execute "HTTP/1.1 200 OK"
broker-d1-1          | 2026-03-21 01:36:43,226 INFO httpx: HTTP Request: POST http://172.20.0.3:8081/execute "HTTP/1.1 200 OK"
broker-d1-1          | INFO:     172.20.0.3:49468 - "POST /result HTTP/1.1" 200 OK
worker-d1-embb-1-1   | INFO:     172.20.0.2:55560 - "POST /execute HTTP/1.1" 200 OK
broker-d1-1          | INFO:     172.20.0.3:49322 - "POST /result HTTP/1.1" 200 OK
broker-d1-1          | INFO:     172.20.0.3:49346 - "POST /result HTTP/1.1" 200 OK
worker-d1-embb-1-1   | INFO:httpx:HTTP Request: POST http://broker-d1:8080/result "HTTP/1.1 200 OK"
broker-d1-1          | 2026-03-21 01:36:43,228 INFO httpx: HTTP Request: POST http://172.20.0.3:8081/execute "HTTP/1.1 200 OK"
broker-d1-1          | 2026-03-21 01:36:43,228 INFO httpx: HTTP Request: POST http://172.20.0.3:8081/execute "HTTP/1.1 200 OK"
broker-d1-1          | 2026-03-21 01:36:43,230 INFO httpx: HTTP Request: POST http://172.20.0.3:8081/execute "HTTP/1.1 200 OK"
broker-d1-1          | INFO:     172.20.0.3:49570 - "POST /result HTTP/1.1" 200 OK
worker-d1-embb-1-1   | INFO:     172.20.0.2:55410 - "POST /execute HTTP/1.1" 200 OK
broker-d1-1          | INFO:     172.19.0.4:57724 - "POST /publish HTTP/1.1" 200 OK
worker-d1-embb-1-1   | INFO:     172.20.0.2:55460 - "POST /execute HTTP/1.1" 200 OK
worker-d1-embb-1-1   | INFO:httpx:HTTP Request: POST http://broker-d1:8080/result "HTTP/1.1 200 OK"
broker-d1-1          | 2026-03-21 01:36:43,231 INFO __main__: Pipeline '9ef748a0-7348-4f29-b8bd-da4fcf9d79d2' (type=anomaly_detection) dispatched with placement {'detect': 'd1-embb-1', 'feature_extract': 'd1-embb-1', 'collect': 'd1-embb-1'}.
worker-d1-embb-1-1   | INFO:httpx:HTTP Request: POST http://broker-d1:8080/result "HTTP/1.1 200 OK"
workload-1           | INFO:httpx:HTTP Request: POST http://broker-d1:8080/publish "HTTP/1.1 200 OK"
broker-d1-1          | 2026-03-21 01:36:43,232 INFO httpx: HTTP Request: POST http://172.20.0.3:8081/execute "HTTP/1.1 200 OK"
worker-d1-embb-1-1   | INFO:     172.20.0.2:55622 - "POST /execute HTTP/1.1" 200 OK
broker-d1-1          | INFO:     172.20.0.3:49020 - "POST /result HTTP/1.1" 200 OK
worker-d1-embb-1-1   | INFO:     172.20.0.2:55068 - "POST /execute HTTP/1.1" 200 OK
broker-d1-1          | INFO:     172.20.0.3:49118 - "POST /result HTTP/1.1" 200 OK
worker-d1-embb-1-1   | INFO:httpx:HTTP Request: POST http://broker-d1:8080/result "HTTP/1.1 200 OK"
broker-d1-1          | 2026-03-21 01:36:43,233 INFO httpx: HTTP Request: POST http://172.20.0.3:8081/execute "HTTP/1.1 200 OK"
worker-d1-embb-1-1   | INFO:httpx:HTTP Request: POST http://broker-d1:8080/result "HTTP/1.1 200 OK"
broker-d1-1          | 2026-03-21 01:36:43,234 INFO httpx: HTTP Request: POST http://172.20.0.3:8081/execute "HTTP/1.1 200 OK"
worker-d1-embb-1-1   | INFO:httpx:HTTP Request: POST http://broker-d1:8080/result "HTTP/1.1 200 OK"
broker-d1-1          | INFO:     172.20.0.3:49454 - "POST /result HTTP/1.1" 200 OK
worker-d1-embb-1-1   | INFO:     172.20.0.2:55232 - "POST /execute HTTP/1.1" 200 OK
worker-d1-embb-1-1   | INFO:     172.20.0.2:55574 - "POST /execute HTTP/1.1" 200 OK
broker-d1-1          | 2026-03-21 01:36:43,236 INFO httpx: HTTP Request: POST http://172.20.0.3:8081/execute "HTTP/1.1 200 OK"
worker-d1-embb-1-1   | INFO:httpx:HTTP Request: POST http://broker-d1:8080/result "HTTP/1.1 200 OK"
broker-d1-1          | 2026-03-21 01:36:43,236 INFO httpx: HTTP Request: POST http://172.20.0.3:8081/execute "HTTP/1.1 200 OK"
broker-d1-1          | 2026-03-21 01:36:43,237 INFO httpx: HTTP Request: POST http://172.20.0.3:8081/execute "HTTP/1.1 200 OK"
broker-d1-1          | INFO:     172.19.0.4:52750 - "POST /publish HTTP/1.1" 200 OK
broker-d1-1          | INFO:     172.19.0.4:57732 - "POST /publish HTTP/1.1" 200 OK
broker-d1-1          | 2026-03-21 01:36:43,238 INFO __main__: Pipeline '57a75cb3-d6dd-4203-b0bb-42dba0f4518e' (type=sensor_fusion) dispatched with placement {'decide': 'd1-embb-1', 'fuse': 'd1-embb-1', 'sensor_0': 'd1-embb-1', 'sensor_1': 'd1-embb-1', 'sensor_2': 'd1-embb-1'}.
broker-d1-1          | 2026-03-21 01:36:43,238 INFO __main__: Pipeline 'bed80362-9129-469c-a3f9-493a47d070c5' (type=anomaly_detection) dispatched with placement {'detect': 'd1-embb-1', 'feature_extract': 'd1-embb-1', 'collect': 'd1-embb-1'}.
workload-1           | INFO:httpx:HTTP Request: POST http://broker-d1:8080/publish "HTTP/1.1 200 OK"
workload-1           | INFO:httpx:HTTP Request: POST http://broker-d1:8080/publish "HTTP/1.1 200 OK"
broker-d1-1          | 2026-03-21 01:36:43,360 WARNING __main__: Received result for unknown pipeline '3baacb1a-0b87-4597-9264-aa291f650fce'.
broker-d1-1          | INFO:     172.20.0.3:49956 - "POST /result HTTP/1.1" 200 OK
broker-d1-1          | INFO:     172.20.0.3:49950 - "POST /result HTTP/1.1" 200 OK
broker-d1-1          | 2026-03-21 01:36:43,362 WARNING __main__: Received result for unknown pipeline '3baacb1a-0b87-4597-9264-aa291f650fce'.
worker-d1-embb-1-1   | INFO:httpx:HTTP Request: POST http://broker-d1:8080/result "HTTP/1.1 200 OK"
worker-d1-embb-1-1   | INFO:     172.20.0.2:55924 - "POST /execute HTTP/1.1" 200 OK
broker-d1-1          | INFO:     172.20.0.3:49970 - "POST /result HTTP/1.1" 200 OK
worker-d1-embb-1-1   | INFO:     172.20.0.2:55902 - "POST /execute HTTP/1.1" 200 OK
worker-d1-embb-1-1   | INFO:     172.20.0.2:55908 - "POST /execute HTTP/1.1" 200 OK
broker-d1-1          | 2026-03-21 01:36:43,364 WARNING __main__: Received result for unknown pipeline '3baacb1a-0b87-4597-9264-aa291f650fce'.
worker-d1-embb-1-1   | INFO:httpx:HTTP Request: POST http://broker-d1:8080/result "HTTP/1.1 200 OK"
broker-d1-1          | 2026-03-21 01:36:43,366 INFO httpx: HTTP Request: POST http://172.20.0.3:8081/execute "HTTP/1.1 200 OK"
worker-d1-embb-1-1   | INFO:httpx:HTTP Request: POST http://broker-d1:8080/result "HTTP/1.1 200 OK"
broker-d1-1          | INFO:     172.20.0.3:49688 - "POST /result HTTP/1.1" 200 OK
broker-d1-1          | INFO:     172.20.0.3:49662 - "POST /result HTTP/1.1" 200 OK
broker-d1-1          | INFO:     172.20.0.3:49672 - "POST /result HTTP/1.1" 200 OK
worker-d1-embb-1-1   | INFO:     172.20.0.2:55602 - "POST /execute HTTP/1.1" 200 OK
broker-d1-1          | 2026-03-21 01:36:43,367 INFO httpx: HTTP Request: POST http://172.20.0.3:8081/execute "HTTP/1.1 200 OK"
broker-d1-1          | 2026-03-21 01:36:43,369 INFO httpx: HTTP Request: POST http://172.20.0.3:8081/execute "HTTP/1.1 200 OK"
worker-d1-embb-1-1   | INFO:httpx:HTTP Request: POST http://broker-d1:8080/result "HTTP/1.1 200 OK"
broker-d1-1          | 2026-03-21 01:36:43,372 INFO httpx: HTTP Request: POST http://172.20.0.3:8081/execute "HTTP/1.1 200 OK"
worker-d1-embb-1-1   | INFO:httpx:HTTP Request: POST http://broker-d1:8080/result "HTTP/1.1 200 OK"
worker-d1-embb-1-1   | INFO:     172.20.0.2:55578 - "POST /execute HTTP/1.1" 200 OK
broker-d1-1          | INFO:     172.20.0.3:49438 - "POST /result HTTP/1.1" 200 OK
worker-d1-embb-1-1   | INFO:     172.20.0.2:55594 - "POST /execute HTTP/1.1" 200 OK
worker-d1-embb-1-1   | INFO:     172.20.0.2:55510 - "POST /execute HTTP/1.1" 200 OK
broker-d1-1          | INFO:     172.20.0.3:49360 - "POST /result HTTP/1.1" 200 OK
worker-d1-embb-1-1   | INFO:httpx:HTTP Request: POST http://broker-d1:8080/result "HTTP/1.1 200 OK"
broker-d1-1          | 2026-03-21 01:36:43,374 INFO httpx: HTTP Request: POST http://172.20.0.3:8081/execute "HTTP/1.1 200 OK"
worker-d1-embb-1-1   | INFO:httpx:HTTP Request: POST http://broker-d1:8080/result "HTTP/1.1 200 OK"
broker-d1-1          | 2026-03-21 01:36:43,375 INFO httpx: HTTP Request: POST http://172.20.0.3:8081/execute "HTTP/1.1 200 OK"
worker-d1-embb-1-1   | INFO:     172.20.0.2:55508 - "POST /execute HTTP/1.1" 200 OK
broker-d1-1          | INFO:     172.20.0.3:49406 - "POST /result HTTP/1.1" 200 OK
worker-d1-embb-1-1   | INFO:     172.20.0.2:55524 - "POST /execute HTTP/1.1" 200 OK
broker-d1-1          | INFO:     172.20.0.3:49234 - "POST /result HTTP/1.1" 200 OK
worker-d1-embb-1-1   | INFO:httpx:HTTP Request: POST http://broker-d1:8080/result "HTTP/1.1 200 OK"
broker-d1-1          | 2026-03-21 01:36:43,377 INFO httpx: HTTP Request: POST http://172.20.0.3:8081/execute "HTTP/1.1 200 OK"
worker-d1-embb-1-1   | INFO:httpx:HTTP Request: POST http://broker-d1:8080/result "HTTP/1.1 200 OK"
broker-d1-1          | 2026-03-21 01:36:43,378 INFO httpx: HTTP Request: POST http://172.20.0.3:8081/execute "HTTP/1.1 200 OK"
worker-d1-embb-1-1   | INFO:httpx:HTTP Request: POST http://broker-d1:8080/result "HTTP/1.1 200 OK"
worker-d1-embb-1-1   | INFO:     172.20.0.2:55426 - "POST /execute HTTP/1.1" 200 OK
broker-d1-1          | INFO:     172.20.0.3:49274 - "POST /result HTTP/1.1" 200 OK
worker-d1-embb-1-1   | INFO:     172.20.0.2:55440 - "POST /execute HTTP/1.1" 200 OK
broker-d1-1          | 2026-03-21 01:36:43,379 INFO httpx: HTTP Request: POST http://172.20.0.3:8081/execute "HTTP/1.1 200 OK"
worker-d1-embb-1-1   | INFO:httpx:HTTP Request: POST http://broker-d1:8080/result "HTTP/1.1 200 OK"
broker-d1-1          | 2026-03-21 01:36:43,380 INFO httpx: HTTP Request: POST http://172.20.0.3:8081/execute "HTTP/1.1 200 OK"
broker-d1-1          | 2026-03-21 01:36:43,381 INFO httpx: HTTP Request: POST http://172.20.0.3:8081/execute "HTTP/1.1 200 OK"
broker-d1-1          | INFO:     172.19.0.4:52708 - "POST /publish HTTP/1.1" 200 OK
broker-d1-1          | 2026-03-21 01:36:43,382 INFO __main__: Pipeline '3baacb1a-0b87-4597-9264-aa291f650fce' (type=sensor_fusion) dispatched with placement {'decide': 'd1-embb-1', 'fuse': 'd1-embb-1', 'sensor_0': 'd1-embb-1', 'sensor_1': 'd1-embb-1', 'sensor_2': 'd1-embb-1'}.
workload-1           | INFO:httpx:HTTP Request: POST http://broker-d1:8080/publish "HTTP/1.1 200 OK"
broker-d1-1          | 2026-03-21 01:36:43,403 WARNING __main__: Pipeline '48416ec6-a8f0-4dee-b074-0b4749f17128' has 1 governance violation(s): ["Capacity: node 'd1-urllc-2' overloaded (demand=1.200, residual=1.000)."]
broker-d1-1          | INFO:     172.20.0.3:49972 - "POST /result HTTP/1.1" 200 OK
broker-d1-1          | 2026-03-21 01:36:43,434 INFO __main__: Pipeline 'c1c7adc4-9ebf-4e58-a644-3206b0300c3d' completed successfully.
worker-d1-embb-1-1   | INFO:     172.20.0.2:55872 - "POST /execute HTTP/1.1" 200 OK
worker-d1-embb-1-1   | INFO:httpx:HTTP Request: POST http://broker-d1:8080/result "HTTP/1.1 200 OK"
broker-d1-1          | 2026-03-21 01:36:43,440 INFO httpx: HTTP Request: POST http://172.20.0.3:8081/execute "HTTP/1.1 200 OK"
broker-d1-1          | INFO:     172.20.0.3:49654 - "POST /result HTTP/1.1" 200 OK
worker-d1-embb-1-1   | INFO:httpx:HTTP Request: POST http://broker-d1:8080/result "HTTP/1.1 200 OK"
worker-d1-embb-1-1   | INFO:     172.20.0.2:55700 - "POST /execute HTTP/1.1" 200 OK
broker-d1-1          | 2026-03-21 01:36:43,446 INFO httpx: HTTP Request: POST http://172.20.0.3:8081/execute "HTTP/1.1 200 OK"
broker-d1-1          | INFO:     172.20.0.3:49520 - "POST /result HTTP/1.1" 200 OK
worker-d1-embb-1-1   | INFO:httpx:HTTP Request: POST http://broker-d1:8080/result "HTTP/1.1 200 OK"
worker-d1-embb-1-1   | INFO:     172.20.0.2:55634 - "POST /execute HTTP/1.1" 200 OK
broker-d1-1          | 2026-03-21 01:36:43,450 INFO httpx: HTTP Request: POST http://172.20.0.3:8081/execute "HTTP/1.1 200 OK"
broker-d1-1          | 2026-03-21 01:36:43,451 INFO __main__: Pipeline 'c1c7adc4-9ebf-4e58-a644-3206b0300c3d' (type=anomaly_detection) dispatched with placement {'detect': 'd1-embb-1', 'feature_extract': 'd1-embb-1', 'collect': 'd1-embb-1'}.
broker-d1-1          | INFO:     172.19.0.4:52720 - "POST /publish HTTP/1.1" 200 OK
workload-1           | INFO:httpx:HTTP Request: POST http://broker-d1:8080/publish "HTTP/1.1 200 OK"
broker-d1-1          | INFO:     172.20.0.3:50014 - "POST /result HTTP/1.1" 200 OK
broker-d1-1          | 2026-03-21 01:36:43,656 INFO __main__: Pipeline '352d0335-604d-428b-a53c-cb4b1fe6d4e4' completed successfully.
worker-d1-embb-1-1   | INFO:httpx:HTTP Request: POST http://broker-d1:8080/result "HTTP/1.1 200 OK"
worker-d1-embb-1-1   | INFO:     172.20.0.2:55952 - "POST /execute HTTP/1.1" 200 OK
broker-d1-1          | 2026-03-21 01:36:43,661 INFO httpx: HTTP Request: POST http://172.20.0.3:8081/execute "HTTP/1.1 200 OK"
broker-d1-1          | INFO:     172.20.0.3:49696 - "POST /result HTTP/1.1" 200 OK
worker-d1-embb-1-1   | INFO:httpx:HTTP Request: POST http://broker-d1:8080/result "HTTP/1.1 200 OK"
worker-d1-embb-1-1   | INFO:     172.20.0.2:55792 - "POST /execute HTTP/1.1" 200 OK
broker-d1-1          | 2026-03-21 01:36:43,666 INFO httpx: HTTP Request: POST http://172.20.0.3:8081/execute "HTTP/1.1 200 OK"
broker-d1-1          | INFO:     172.20.0.3:49588 - "POST /result HTTP/1.1" 200 OK
worker-d1-embb-1-1   | INFO:httpx:HTTP Request: POST http://broker-d1:8080/result "HTTP/1.1 200 OK"
worker-d1-embb-1-1   | INFO:     172.20.0.2:55734 - "POST /execute HTTP/1.1" 200 OK
broker-d1-1          | 2026-03-21 01:36:43,671 INFO httpx: HTTP Request: POST http://172.20.0.3:8081/execute "HTTP/1.1 200 OK"
broker-d1-1          | 2026-03-21 01:36:43,672 INFO __main__: Pipeline '352d0335-604d-428b-a53c-cb4b1fe6d4e4' (type=anomaly_detection) dispatched with placement {'detect': 'd1-embb-1', 'feature_extract': 'd1-embb-1', 'collect': 'd1-embb-1'}.
broker-d1-1          | INFO:     172.19.0.4:57756 - "POST /publish HTTP/1.1" 200 OK
workload-1           | INFO:httpx:HTTP Request: POST http://broker-d1:8080/publish "HTTP/1.1 200 OK"
broker-d1-1          | INFO:     172.21.0.3:33350 - "POST /result HTTP/1.1" 200 OK
broker-d1-1          | 2026-03-21 01:36:43,712 INFO __main__: Pipeline '50a0bf70-9746-45b2-8459-53401af1fd50' completed successfully.
worker-d1-urllc-2-1  | INFO:httpx:HTTP Request: POST http://broker-d1:8080/result "HTTP/1.1 200 OK"
worker-d1-urllc-2-1  | INFO:     172.21.0.2:35674 - "POST /execute HTTP/1.1" 200 OK
broker-d1-1          | 2026-03-21 01:36:43,718 INFO httpx: HTTP Request: POST http://172.21.0.3:8081/execute "HTTP/1.1 200 OK"
broker-d1-1          | INFO:     172.21.0.3:33292 - "POST /result HTTP/1.1" 200 OK
worker-d1-urllc-2-1  | INFO:httpx:HTTP Request: POST http://broker-d1:8080/result "HTTP/1.1 200 OK"
worker-d1-urllc-2-1  | INFO:     172.21.0.2:35648 - "POST /execute HTTP/1.1" 200 OK
broker-d1-1          | 2026-03-21 01:36:43,724 INFO httpx: HTTP Request: POST http://172.21.0.3:8081/execute "HTTP/1.1 200 OK"
broker-d1-1          | INFO:     172.21.0.3:33318 - "POST /result HTTP/1.1" 200 OK
worker-d1-urllc-2-1  | INFO:httpx:HTTP Request: POST http://broker-d1:8080/result "HTTP/1.1 200 OK"
broker-d1-1          | 2026-03-21 01:36:43,728 INFO __main__: Pipeline '9bccf35b-5233-4f4d-9b98-27e7d1db215a' completed successfully.
broker-d1-1          | INFO:     172.20.0.3:50018 - "POST /result HTTP/1.1" 200 OK
worker-d1-urllc-2-1  | INFO:     172.21.0.2:35630 - "POST /execute HTTP/1.1" 200 OK
worker-d1-embb-1-1   | INFO:     172.20.0.2:56026 - "POST /execute HTTP/1.1" 200 OK
broker-d1-1          | INFO:     172.19.0.4:57760 - "POST /publish HTTP/1.1" 200 OK
worker-d1-embb-1-1   | INFO:httpx:HTTP Request: POST http://broker-d1:8080/result "HTTP/1.1 200 OK"
broker-d1-1          | 2026-03-21 01:36:43,730 INFO httpx: HTTP Request: POST http://172.21.0.3:8081/execute "HTTP/1.1 200 OK"
broker-d1-1          | 2026-03-21 01:36:43,731 INFO __main__: Pipeline '50a0bf70-9746-45b2-8459-53401af1fd50' (type=cqi_prediction) dispatched with placement {'predict': 'd1-urllc-2', 'feature_extract': 'd1-urllc-2', 'collect': 'd1-urllc-2'}.
broker-d1-1          | 2026-03-21 01:36:43,732 INFO httpx: HTTP Request: POST http://172.20.0.3:8081/execute "HTTP/1.1 200 OK"
broker-d1-1          | INFO:     172.20.0.3:49796 - "POST /result HTTP/1.1" 200 OK
worker-d1-embb-1-1   | INFO:     172.20.0.2:55780 - "POST /execute HTTP/1.1" 200 OK
broker-d1-1          | INFO:     172.20.0.3:49584 - "POST /result HTTP/1.1" 200 OK
worker-d1-embb-1-1   | INFO:     172.20.0.2:55684 - "POST /execute HTTP/1.1" 200 OK
workload-1           | INFO:httpx:HTTP Request: POST http://broker-d1:8080/publish "HTTP/1.1 200 OK"
worker-d1-embb-1-1   | INFO:httpx:HTTP Request: POST http://broker-d1:8080/result "HTTP/1.1 200 OK"
broker-d1-1          | 2026-03-21 01:36:43,736 INFO httpx: HTTP Request: POST http://172.20.0.3:8081/execute "HTTP/1.1 200 OK"
worker-d1-embb-1-1   | INFO:httpx:HTTP Request: POST http://broker-d1:8080/result "HTTP/1.1 200 OK"
broker-d1-1          | 2026-03-21 01:36:43,739 INFO httpx: HTTP Request: POST http://172.20.0.3:8081/execute "HTTP/1.1 200 OK"
broker-d1-1          | INFO:     172.21.0.3:33292 - "POST /result HTTP/1.1" 200 OK
broker-d1-1          | 2026-03-21 01:36:43,762 INFO __main__: Pipeline 'ea3bdd19-c470-4a78-b6b7-71636671baac' completed successfully.
worker-d1-urllc-2-1  | INFO:httpx:HTTP Request: POST http://broker-d1:8080/result "HTTP/1.1 200 OK"
worker-d1-urllc-2-1  | INFO:     172.21.0.2:35690 - "POST /execute HTTP/1.1" 200 OK
broker-d1-1          | 2026-03-21 01:36:43,767 INFO httpx: HTTP Request: POST http://172.21.0.3:8081/execute "HTTP/1.1 200 OK"
broker-d1-1          | INFO:     172.21.0.3:33338 - "POST /result HTTP/1.1" 200 OK
worker-d1-urllc-2-1  | INFO:httpx:HTTP Request: POST http://broker-d1:8080/result "HTTP/1.1 200 OK"
worker-d1-urllc-2-1  | INFO:     172.21.0.2:35658 - "POST /execute HTTP/1.1" 200 OK
broker-d1-1          | 2026-03-21 01:36:43,772 INFO httpx: HTTP Request: POST http://172.21.0.3:8081/execute "HTTP/1.1 200 OK"
broker-d1-1          | INFO:     172.21.0.3:33304 - "POST /result HTTP/1.1" 200 OK
worker-d1-urllc-2-1  | INFO:httpx:HTTP Request: POST http://broker-d1:8080/result "HTTP/1.1 200 OK"
worker-d1-urllc-2-1  | INFO:     172.21.0.2:35632 - "POST /execute HTTP/1.1" 200 OK
broker-d1-1          | 2026-03-21 01:36:43,778 INFO httpx: HTTP Request: POST http://172.21.0.3:8081/execute "HTTP/1.1 200 OK"
broker-d1-1          | 2026-03-21 01:36:43,780 INFO __main__: Pipeline 'ea3bdd19-c470-4a78-b6b7-71636671baac' (type=cqi_prediction) dispatched with placement {'predict': 'd1-urllc-2', 'feature_extract': 'd1-urllc-2', 'collect': 'd1-urllc-2'}.
broker-d1-1          | INFO:     172.19.0.4:57776 - "POST /publish HTTP/1.1" 200 OK
workload-1           | INFO:httpx:HTTP Request: POST http://broker-d1:8080/publish "HTTP/1.1 200 OK"
broker-d1-1          | INFO:     172.20.0.3:50058 - "POST /result HTTP/1.1" 200 OK
broker-d1-1          | 2026-03-21 01:36:43,896 WARNING __main__: Received result for unknown pipeline '9bccf35b-5233-4f4d-9b98-27e7d1db215a'.
broker-d1-1          | 2026-03-21 01:36:43,898 WARNING __main__: Received result for unknown pipeline '9bccf35b-5233-4f4d-9b98-27e7d1db215a'.
worker-d1-embb-1-1   | INFO:httpx:HTTP Request: POST http://broker-d1:8080/result "HTTP/1.1 200 OK"
broker-d1-1          | INFO:     172.20.0.3:50074 - "POST /result HTTP/1.1" 200 OK
broker-d1-1          | INFO:     172.20.0.3:50046 - "POST /result HTTP/1.1" 200 OK
worker-d1-embb-1-1   | INFO:     172.20.0.2:56100 - "POST /execute HTTP/1.1" 200 OK
broker-d1-1          | INFO:     172.20.0.3:49884 - "POST /result HTTP/1.1" 200 OK
worker-d1-embb-1-1   | INFO:     172.20.0.2:56088 - "POST /execute HTTP/1.1" 200 OK
broker-d1-1          | 2026-03-21 01:36:43,899 WARNING __main__: Received result for unknown pipeline '9bccf35b-5233-4f4d-9b98-27e7d1db215a'.
broker-d1-1          | 2026-03-21 01:36:43,901 INFO httpx: HTTP Request: POST http://172.20.0.3:8081/execute "HTTP/1.1 200 OK"
worker-d1-embb-1-1   | INFO:httpx:HTTP Request: POST http://broker-d1:8080/result "HTTP/1.1 200 OK"
broker-d1-1          | INFO:     172.20.0.3:49874 - "POST /result HTTP/1.1" 200 OK
worker-d1-embb-1-1   | INFO:     172.20.0.2:56080 - "POST /execute HTTP/1.1" 200 OK
worker-d1-embb-1-1   | INFO:     172.20.0.2:55868 - "POST /execute HTTP/1.1" 200 OK
worker-d1-embb-1-1   | INFO:     172.20.0.2:55852 - "POST /execute HTTP/1.1" 200 OK
broker-d1-1          | 2026-03-21 01:36:43,905 INFO httpx: HTTP Request: POST http://172.20.0.3:8081/execute "HTTP/1.1 200 OK"
worker-d1-embb-1-1   | INFO:httpx:HTTP Request: POST http://broker-d1:8080/result "HTTP/1.1 200 OK"
worker-d1-embb-1-1   | INFO:httpx:HTTP Request: POST http://broker-d1:8080/result "HTTP/1.1 200 OK"
broker-d1-1          | 2026-03-21 01:36:43,909 INFO httpx: HTTP Request: POST http://172.20.0.3:8081/execute "HTTP/1.1 200 OK"
worker-d1-embb-1-1   | INFO:httpx:HTTP Request: POST http://broker-d1:8080/result "HTTP/1.1 200 OK"
broker-d1-1          | INFO:     172.20.0.3:49858 - "POST /result HTTP/1.1" 200 OK
broker-d1-1          | INFO:     172.20.0.3:49650 - "POST /result HTTP/1.1" 200 OK
worker-d1-embb-1-1   | INFO:     172.20.0.2:55850 - "POST /execute HTTP/1.1" 200 OK
broker-d1-1          | INFO:     172.20.0.3:49646 - "POST /result HTTP/1.1" 200 OK
broker-d1-1          | 2026-03-21 01:36:43,911 INFO httpx: HTTP Request: POST http://172.20.0.3:8081/execute "HTTP/1.1 200 OK"
worker-d1-embb-1-1   | INFO:httpx:HTTP Request: POST http://broker-d1:8080/result "HTTP/1.1 200 OK"
broker-d1-1          | 2026-03-21 01:36:43,912 INFO httpx: HTTP Request: POST http://172.20.0.3:8081/execute "HTTP/1.1 200 OK"
worker-d1-embb-1-1   | INFO:httpx:HTTP Request: POST http://broker-d1:8080/result "HTTP/1.1 200 OK"
broker-d1-1          | 2026-03-21 01:36:43,914 INFO httpx: HTTP Request: POST http://172.20.0.3:8081/execute "HTTP/1.1 200 OK"
worker-d1-embb-1-1   | INFO:     172.20.0.2:55770 - "POST /execute HTTP/1.1" 200 OK
broker-d1-1          | INFO:     172.20.0.3:49634 - "POST /result HTTP/1.1" 200 OK
worker-d1-embb-1-1   | INFO:     172.20.0.2:55764 - "POST /execute HTTP/1.1" 200 OK
broker-d1-1          | INFO:     172.20.0.3:49578 - "POST /result HTTP/1.1" 200 OK
broker-d1-1          | INFO:     172.20.0.3:49576 - "POST /result HTTP/1.1" 200 OK
worker-d1-embb-1-1   | INFO:     172.20.0.2:55758 - "POST /execute HTTP/1.1" 200 OK
worker-d1-embb-1-1   | INFO:     172.20.0.2:55676 - "POST /execute HTTP/1.1" 200 OK
worker-d1-embb-1-1   | INFO:     172.20.0.2:55660 - "POST /execute HTTP/1.1" 200 OK
broker-d1-1          | INFO:     172.20.0.3:50082 - "POST /result HTTP/1.1" 200 OK
broker-d1-1          | 2026-03-21 01:36:43,915 INFO httpx: HTTP Request: POST http://172.20.0.3:8081/execute "HTTP/1.1 200 OK"
worker-d1-embb-1-1   | INFO:httpx:HTTP Request: POST http://broker-d1:8080/result "HTTP/1.1 200 OK"
worker-d1-embb-1-1   | INFO:httpx:HTTP Request: POST http://broker-d1:8080/result "HTTP/1.1 200 OK"
broker-d1-1          | 2026-03-21 01:36:43,916 INFO httpx: HTTP Request: POST http://172.20.0.3:8081/execute "HTTP/1.1 200 OK"
worker-d1-embb-1-1   | INFO:httpx:HTTP Request: POST http://broker-d1:8080/result "HTTP/1.1 200 OK"
broker-d1-1          | 2026-03-21 01:36:43,918 INFO httpx: HTTP Request: POST http://172.20.0.3:8081/execute "HTTP/1.1 200 OK"
worker-d1-embb-1-1   | INFO:httpx:HTTP Request: POST http://broker-d1:8080/result "HTTP/1.1 200 OK"
broker-d1-1          | 2026-03-21 01:36:43,920 INFO httpx: HTTP Request: POST http://172.20.0.3:8081/execute "HTTP/1.1 200 OK"
broker-d1-1          | 2026-03-21 01:36:43,922 INFO httpx: HTTP Request: POST http://172.20.0.3:8081/execute "HTTP/1.1 200 OK"
worker-d1-embb-1-1   | INFO:     172.20.0.2:55978 - "POST /execute HTTP/1.1" 200 OK
broker-d1-1          | INFO:     172.19.0.4:57746 - "POST /publish HTTP/1.1" 200 OK
broker-d1-1          | INFO:     172.20.0.3:49756 - "POST /result HTTP/1.1" 200 OK
broker-d1-1          | 2026-03-21 01:36:43,923 INFO __main__: Pipeline '26eb3e16-4024-4c69-8e96-dcc38bd1b2b3' completed successfully.
workload-1           | INFO:httpx:HTTP Request: POST http://broker-d1:8080/publish "HTTP/1.1 200 OK"
worker-d1-embb-1-1   | INFO:httpx:HTTP Request: POST http://broker-d1:8080/result "HTTP/1.1 200 OK"
broker-d1-1          | 2026-03-21 01:36:43,923 INFO __main__: Pipeline '9bccf35b-5233-4f4d-9b98-27e7d1db215a' (type=sensor_fusion) dispatched with placement {'decide': 'd1-embb-1', 'fuse': 'd1-embb-1', 'sensor_0': 'd1-embb-1', 'sensor_1': 'd1-embb-1', 'sensor_2': 'd1-embb-1'}.
broker-d1-1          | 2026-03-21 01:36:43,924 INFO httpx: HTTP Request: POST http://172.20.0.3:8081/execute "HTTP/1.1 200 OK"
worker-d1-embb-1-1   | INFO:     172.20.0.2:55938 - "POST /execute HTTP/1.1" 200 OK
broker-d1-1          | INFO:     172.20.0.3:49690 - "POST /result HTTP/1.1" 200 OK
worker-d1-embb-1-1   | INFO:     172.20.0.2:55888 - "POST /execute HTTP/1.1" 200 OK
broker-d1-1          | INFO:     172.19.0.4:52722 - "POST /publish HTTP/1.1" 200 OK
worker-d1-embb-1-1   | INFO:httpx:HTTP Request: POST http://broker-d1:8080/result "HTTP/1.1 200 OK"
broker-d1-1          | 2026-03-21 01:36:43,926 INFO httpx: HTTP Request: POST http://172.20.0.3:8081/execute "HTTP/1.1 200 OK"
worker-d1-embb-1-1   | INFO:httpx:HTTP Request: POST http://broker-d1:8080/result "HTTP/1.1 200 OK"
broker-d1-1          | 2026-03-21 01:36:43,929 INFO httpx: HTTP Request: POST http://172.20.0.3:8081/execute "HTTP/1.1 200 OK"
broker-d1-1          | 2026-03-21 01:36:43,929 INFO __main__: Pipeline '26eb3e16-4024-4c69-8e96-dcc38bd1b2b3' (type=anomaly_detection) dispatched with placement {'detect': 'd1-embb-1', 'feature_extract': 'd1-embb-1', 'collect': 'd1-embb-1'}.
workload-1           | INFO:httpx:HTTP Request: POST http://broker-d1:8080/publish "HTTP/1.1 200 OK"
broker-d1-1          | 2026-03-21 01:36:44,242 WARNING __main__: Pipeline '60d8c34f-ac98-4b2d-82f3-10a39a6b4ea9' has 1 governance violation(s): ["Capacity: node 'd1-urllc-2' overloaded (demand=1.200, residual=1.000)."]
broker-d1-1          | INFO:     172.20.0.3:50192 - "POST /result HTTP/1.1" 200 OK
broker-d1-1          | 2026-03-21 01:36:44,379 INFO __main__: Pipeline 'b49b2cf3-19a6-4895-a7a2-fc4741e57813' completed successfully.
worker-d1-embb-1-1   | INFO:httpx:HTTP Request: POST http://broker-d1:8080/result "HTTP/1.1 200 OK"
worker-d1-embb-1-1   | INFO:     172.20.0.2:56236 - "POST /execute HTTP/1.1" 200 OK
broker-d1-1          | 2026-03-21 01:36:44,383 INFO httpx: HTTP Request: POST http://172.20.0.3:8081/execute "HTTP/1.1 200 OK"
broker-d1-1          | INFO:     172.20.0.3:50012 - "POST /result HTTP/1.1" 200 OK
worker-d1-embb-1-1   | INFO:httpx:HTTP Request: POST http://broker-d1:8080/result "HTTP/1.1 200 OK"
worker-d1-embb-1-1   | INFO:     172.20.0.2:56064 - "POST /execute HTTP/1.1" 200 OK
broker-d1-1          | INFO:     172.20.0.3:50206 - "POST /result HTTP/1.1" 200 OK
broker-d1-1          | 2026-03-21 01:36:44,388 INFO __main__: Pipeline 'a65edf4a-fd5b-488b-9546-73c996965657' completed successfully.
worker-d1-embb-1-1   | INFO:     172.20.0.2:56240 - "POST /execute HTTP/1.1" 200 OK
broker-d1-1          | INFO:     172.20.0.3:49852 - "POST /result HTTP/1.1" 200 OK
broker-d1-1          | INFO:     172.20.0.3:50032 - "POST /result HTTP/1.1" 200 OK
worker-d1-embb-1-1   | INFO:     172.20.0.2:56052 - "POST /execute HTTP/1.1" 200 OK
worker-d1-embb-1-1   | INFO:httpx:HTTP Request: POST http://broker-d1:8080/result "HTTP/1.1 200 OK"
broker-d1-1          | 2026-03-21 01:36:44,389 INFO httpx: HTTP Request: POST http://172.20.0.3:8081/execute "HTTP/1.1 200 OK"
broker-d1-1          | 2026-03-21 01:36:44,390 INFO httpx: HTTP Request: POST http://172.20.0.3:8081/execute "HTTP/1.1 200 OK"
worker-d1-embb-1-1   | INFO:httpx:HTTP Request: POST http://broker-d1:8080/result "HTTP/1.1 200 OK"
worker-d1-embb-1-1   | INFO:     172.20.0.2:56010 - "POST /execute HTTP/1.1" 200 OK
broker-d1-1          | INFO:     172.19.0.4:52780 - "POST /publish HTTP/1.1" 200 OK
worker-d1-embb-1-1   | INFO:httpx:HTTP Request: POST http://broker-d1:8080/result "HTTP/1.1 200 OK"
broker-d1-1          | 2026-03-21 01:36:44,394 INFO httpx: HTTP Request: POST http://172.20.0.3:8081/execute "HTTP/1.1 200 OK"
broker-d1-1          | 2026-03-21 01:36:44,396 INFO httpx: HTTP Request: POST http://172.20.0.3:8081/execute "HTTP/1.1 200 OK"
broker-d1-1          | 2026-03-21 01:36:44,396 INFO __main__: Pipeline 'b49b2cf3-19a6-4895-a7a2-fc4741e57813' (type=anomaly_detection) dispatched with placement {'detect': 'd1-embb-1', 'feature_extract': 'd1-embb-1', 'collect': 'd1-embb-1'}.
workload-1           | INFO:httpx:HTTP Request: POST http://broker-d1:8080/publish "HTTP/1.1 200 OK"
broker-d1-1          | INFO:     172.20.0.3:49780 - "POST /result HTTP/1.1" 200 OK
worker-d1-embb-1-1   | INFO:     172.20.0.2:55974 - "POST /execute HTTP/1.1" 200 OK
worker-d1-embb-1-1   | INFO:httpx:HTTP Request: POST http://broker-d1:8080/result "HTTP/1.1 200 OK"
broker-d1-1          | 2026-03-21 01:36:44,399 INFO httpx: HTTP Request: POST http://172.20.0.3:8081/execute "HTTP/1.1 200 OK"
broker-d1-1          | INFO:     172.20.0.3:50248 - "POST /result HTTP/1.1" 200 OK
broker-d1-1          | 2026-03-21 01:36:44,551 WARNING __main__: Received result for unknown pipeline 'a65edf4a-fd5b-488b-9546-73c996965657'.
worker-d1-embb-1-1   | INFO:httpx:HTTP Request: POST http://broker-d1:8080/result "HTTP/1.1 200 OK"
broker-d1-1          | 2026-03-21 01:36:44,553 WARNING __main__: Received result for unknown pipeline 'a65edf4a-fd5b-488b-9546-73c996965657'.
broker-d1-1          | INFO:     172.20.0.3:50260 - "POST /result HTTP/1.1" 200 OK
worker-d1-embb-1-1   | INFO:     172.20.0.2:56262 - "POST /execute HTTP/1.1" 200 OK
broker-d1-1          | INFO:     172.20.0.3:50262 - "POST /result HTTP/1.1" 200 OK
worker-d1-embb-1-1   | INFO:     172.20.0.2:56276 - "POST /execute HTTP/1.1" 200 OK
broker-d1-1          | 2026-03-21 01:36:44,555 WARNING __main__: Received result for unknown pipeline 'a65edf4a-fd5b-488b-9546-73c996965657'.
worker-d1-embb-1-1   | INFO:httpx:HTTP Request: POST http://broker-d1:8080/result "HTTP/1.1 200 OK"
worker-d1-embb-1-1   | INFO:httpx:HTTP Request: POST http://broker-d1:8080/result "HTTP/1.1 200 OK"
broker-d1-1          | 2026-03-21 01:36:44,558 INFO httpx: HTTP Request: POST http://172.20.0.3:8081/execute "HTTP/1.1 200 OK"
worker-d1-embb-1-1   | INFO:     172.20.0.2:56280 - "POST /execute HTTP/1.1" 200 OK
broker-d1-1          | INFO:     172.20.0.3:49690 - "POST /result HTTP/1.1" 200 OK
broker-d1-1          | INFO:     172.20.0.3:49756 - "POST /result HTTP/1.1" 200 OK
worker-d1-embb-1-1   | INFO:     172.20.0.2:56110 - "POST /execute HTTP/1.1" 200 OK
broker-d1-1          | INFO:     172.20.0.3:50082 - "POST /result HTTP/1.1" 200 OK
broker-d1-1          | 2026-03-21 01:36:44,560 INFO httpx: HTTP Request: POST http://172.20.0.3:8081/execute "HTTP/1.1 200 OK"
broker-d1-1          | 2026-03-21 01:36:44,561 INFO httpx: HTTP Request: POST http://172.20.0.3:8081/execute "HTTP/1.1 200 OK"
worker-d1-embb-1-1   | INFO:httpx:HTTP Request: POST http://broker-d1:8080/result "HTTP/1.1 200 OK"
worker-d1-embb-1-1   | INFO:     172.20.0.2:56132 - "POST /execute HTTP/1.1" 200 OK
worker-d1-embb-1-1   | INFO:     172.20.0.2:56120 - "POST /execute HTTP/1.1" 200 OK
broker-d1-1          | INFO:     172.20.0.3:49894 - "POST /result HTTP/1.1" 200 OK
worker-d1-embb-1-1   | INFO:httpx:HTTP Request: POST http://broker-d1:8080/result "HTTP/1.1 200 OK"
worker-d1-embb-1-1   | INFO:httpx:HTTP Request: POST http://broker-d1:8080/result "HTTP/1.1 200 OK"
broker-d1-1          | 2026-03-21 01:36:44,566 INFO httpx: HTTP Request: POST http://172.20.0.3:8081/execute "HTTP/1.1 200 OK"
broker-d1-1          | 2026-03-21 01:36:44,567 INFO httpx: HTTP Request: POST http://172.20.0.3:8081/execute "HTTP/1.1 200 OK"
broker-d1-1          | 2026-03-21 01:36:44,568 INFO httpx: HTTP Request: POST http://172.20.0.3:8081/execute "HTTP/1.1 200 OK"
worker-d1-embb-1-1   | INFO:httpx:HTTP Request: POST http://broker-d1:8080/result "HTTP/1.1 200 OK"
broker-d1-1          | INFO:     172.20.0.3:49910 - "POST /result HTTP/1.1" 200 OK
broker-d1-1          | INFO:     172.20.0.3:49904 - "POST /result HTTP/1.1" 200 OK
worker-d1-embb-1-1   | INFO:     172.20.0.2:56000 - "POST /execute HTTP/1.1" 200 OK
worker-d1-embb-1-1   | INFO:     172.20.0.2:55988 - "POST /execute HTTP/1.1" 200 OK
worker-d1-embb-1-1   | INFO:     172.20.0.2:56008 - "POST /execute HTTP/1.1" 200 OK
worker-d1-embb-1-1   | INFO:httpx:HTTP Request: POST http://broker-d1:8080/result "HTTP/1.1 200 OK"
broker-d1-1          | 2026-03-21 01:36:44,571 INFO httpx: HTTP Request: POST http://172.20.0.3:8081/execute "HTTP/1.1 200 OK"
worker-d1-embb-1-1   | INFO:httpx:HTTP Request: POST http://broker-d1:8080/result "HTTP/1.1 200 OK"
broker-d1-1          | INFO:     172.20.0.3:49772 - "POST /result HTTP/1.1" 200 OK
broker-d1-1          | INFO:     172.20.0.3:49766 - "POST /result HTTP/1.1" 200 OK
worker-d1-embb-1-1   | INFO:     172.20.0.2:55970 - "POST /execute HTTP/1.1" 200 OK
worker-d1-embb-1-1   | INFO:     172.20.0.2:55966 - "POST /execute HTTP/1.1" 200 OK
broker-d1-1          | 2026-03-21 01:36:44,572 INFO httpx: HTTP Request: POST http://172.20.0.3:8081/execute "HTTP/1.1 200 OK"
broker-d1-1          | 2026-03-21 01:36:44,573 INFO httpx: HTTP Request: POST http://172.20.0.3:8081/execute "HTTP/1.1 200 OK"
worker-d1-embb-1-1   | INFO:httpx:HTTP Request: POST http://broker-d1:8080/result "HTTP/1.1 200 OK"
worker-d1-embb-1-1   | INFO:httpx:HTTP Request: POST http://broker-d1:8080/result "HTTP/1.1 200 OK"
broker-d1-1          | 2026-03-21 01:36:44,575 INFO httpx: HTTP Request: POST http://172.20.0.3:8081/execute "HTTP/1.1 200 OK"
broker-d1-1          | 2026-03-21 01:36:44,576 INFO httpx: HTTP Request: POST http://172.20.0.3:8081/execute "HTTP/1.1 200 OK"
broker-d1-1          | INFO:     172.19.0.4:52730 - "POST /publish HTTP/1.1" 200 OK
broker-d1-1          | 2026-03-21 01:36:44,577 INFO __main__: Pipeline 'a65edf4a-fd5b-488b-9546-73c996965657' (type=sensor_fusion) dispatched with placement {'decide': 'd1-embb-1', 'fuse': 'd1-embb-1', 'sensor_0': 'd1-embb-1', 'sensor_1': 'd1-embb-1', 'sensor_2': 'd1-embb-1'}.
workload-1           | INFO:httpx:HTTP Request: POST http://broker-d1:8080/publish "HTTP/1.1 200 OK"
broker-d1-1          | INFO:     172.20.0.3:50276 - "POST /result HTTP/1.1" 200 OK
broker-d1-1          | 2026-03-21 01:36:44,623 INFO __main__: Pipeline 'caed7cc1-93c3-4536-9baf-848d2f20e682' completed successfully.
worker-d1-embb-1-1   | INFO:httpx:HTTP Request: POST http://broker-d1:8080/result "HTTP/1.1 200 OK"
worker-d1-embb-1-1   | INFO:     172.20.0.2:56294 - "POST /execute HTTP/1.1" 200 OK
broker-d1-1          | 2026-03-21 01:36:44,628 INFO httpx: HTTP Request: POST http://172.20.0.3:8081/execute "HTTP/1.1 200 OK"
broker-d1-1          | INFO:     172.21.0.3:33318 - "POST /result HTTP/1.1" 200 OK
broker-d1-1          | INFO:     172.20.0.3:50112 - "POST /result HTTP/1.1" 200 OK
broker-d1-1          | 2026-03-21 01:36:44,630 INFO __main__: Pipeline '48416ec6-a8f0-4dee-b074-0b4749f17128' completed successfully.
worker-d1-embb-1-1   | INFO:httpx:HTTP Request: POST http://broker-d1:8080/result "HTTP/1.1 200 OK"
worker-d1-urllc-2-1  | INFO:httpx:HTTP Request: POST http://broker-d1:8080/result "HTTP/1.1 200 OK"
worker-d1-embb-1-1   | INFO:     172.20.0.2:56180 - "POST /execute HTTP/1.1" 200 OK
worker-d1-urllc-2-1  | INFO:     172.21.0.2:35714 - "POST /execute HTTP/1.1" 200 OK
broker-d1-1          | INFO:     172.20.0.3:49942 - "POST /result HTTP/1.1" 200 OK
broker-d1-1          | INFO:     172.21.0.3:33292 - "POST /result HTTP/1.1" 200 OK
broker-d1-1          | 2026-03-21 01:36:44,633 INFO httpx: HTTP Request: POST http://172.20.0.3:8081/execute "HTTP/1.1 200 OK"
broker-d1-1          | 2026-03-21 01:36:44,635 INFO httpx: HTTP Request: POST http://172.21.0.3:8081/execute "HTTP/1.1 200 OK"
worker-d1-embb-1-1   | INFO:httpx:HTTP Request: POST http://broker-d1:8080/result "HTTP/1.1 200 OK"
worker-d1-embb-1-1   | INFO:     172.20.0.2:56028 - "POST /execute HTTP/1.1" 200 OK
worker-d1-urllc-2-1  | INFO:     172.21.0.2:35702 - "POST /execute HTTP/1.1" 200 OK
broker-d1-1          | INFO:     172.21.0.3:33334 - "POST /result HTTP/1.1" 200 OK
worker-d1-urllc-2-1  | INFO:     172.21.0.2:35696 - "POST /execute HTTP/1.1" 200 OK
worker-d1-urllc-2-1  | INFO:httpx:HTTP Request: POST http://broker-d1:8080/result "HTTP/1.1 200 OK"
broker-d1-1          | 2026-03-21 01:36:44,639 INFO httpx: HTTP Request: POST http://172.20.0.3:8081/execute "HTTP/1.1 200 OK"
broker-d1-1          | 2026-03-21 01:36:44,640 INFO httpx: HTTP Request: POST http://172.21.0.3:8081/execute "HTTP/1.1 200 OK"
worker-d1-urllc-2-1  | INFO:httpx:HTTP Request: POST http://broker-d1:8080/result "HTTP/1.1 200 OK"
broker-d1-1          | INFO:     172.19.0.4:52708 - "POST /publish HTTP/1.1" 200 OK
broker-d1-1          | 2026-03-21 01:36:44,643 INFO httpx: HTTP Request: POST http://172.21.0.3:8081/execute "HTTP/1.1 200 OK"
broker-d1-1          | 2026-03-21 01:36:44,644 INFO __main__: Pipeline '48416ec6-a8f0-4dee-b074-0b4749f17128' (type=cqi_prediction) dispatched with placement {'predict': 'd1-urllc-2', 'feature_extract': 'd1-urllc-2', 'collect': 'd1-urllc-2'}.
workload-1           | INFO:httpx:HTTP Request: POST http://broker-d1:8080/publish "HTTP/1.1 200 OK"
broker-d1-1          | INFO:     172.20.0.3:50286 - "POST /result HTTP/1.1" 200 OK
broker-d1-1          | 2026-03-21 01:36:44,692 INFO __main__: Pipeline 'e80b114b-95c5-4f81-bc85-c583f5d3e0d8' completed successfully.
worker-d1-embb-1-1   | INFO:httpx:HTTP Request: POST http://broker-d1:8080/result "HTTP/1.1 200 OK"
worker-d1-embb-1-1   | INFO:     172.20.0.2:56248 - "POST /execute HTTP/1.1" 200 OK
broker-d1-1          | 2026-03-21 01:36:44,698 INFO httpx: HTTP Request: POST http://172.20.0.3:8081/execute "HTTP/1.1 200 OK"
broker-d1-1          | INFO:     172.20.0.3:50044 - "POST /result HTTP/1.1" 200 OK
worker-d1-embb-1-1   | INFO:httpx:HTTP Request: POST http://broker-d1:8080/result "HTTP/1.1 200 OK"
worker-d1-embb-1-1   | INFO:     172.20.0.2:56224 - "POST /execute HTTP/1.1" 200 OK
broker-d1-1          | 2026-03-21 01:36:44,703 INFO httpx: HTTP Request: POST http://172.20.0.3:8081/execute "HTTP/1.1 200 OK"
broker-d1-1          | INFO:     172.20.0.3:49998 - "POST /result HTTP/1.1" 200 OK
worker-d1-embb-1-1   | INFO:     172.20.0.2:56184 - "POST /execute HTTP/1.1" 200 OK
worker-d1-embb-1-1   | INFO:httpx:HTTP Request: POST http://broker-d1:8080/result "HTTP/1.1 200 OK"
broker-d1-1          | 2026-03-21 01:36:44,707 INFO httpx: HTTP Request: POST http://172.20.0.3:8081/execute "HTTP/1.1 200 OK"
broker-d1-1          | INFO:     172.19.0.4:52750 - "POST /publish HTTP/1.1" 200 OK
broker-d1-1          | 2026-03-21 01:36:44,708 INFO __main__: Pipeline 'e80b114b-95c5-4f81-bc85-c583f5d3e0d8' (type=anomaly_detection) dispatched with placement {'detect': 'd1-embb-1', 'feature_extract': 'd1-embb-1', 'collect': 'd1-embb-1'}.
workload-1           | INFO:httpx:HTTP Request: POST http://broker-d1:8080/publish "HTTP/1.1 200 OK"
broker-d1-1          | INFO:     172.20.0.3:50044 - "POST /result HTTP/1.1" 200 OK
broker-d1-1          | 2026-03-21 01:36:44,772 WARNING __main__: Received result for unknown pipeline 'caed7cc1-93c3-4536-9baf-848d2f20e682'.
worker-d1-embb-1-1   | INFO:httpx:HTTP Request: POST http://broker-d1:8080/result "HTTP/1.1 200 OK"
worker-d1-embb-1-1   | INFO:     172.20.0.2:56310 - "POST /execute HTTP/1.1" 200 OK
broker-d1-1          | 2026-03-21 01:36:44,779 INFO httpx: HTTP Request: POST http://172.20.0.3:8081/execute "HTTP/1.1 200 OK"
broker-d1-1          | INFO:     172.20.0.3:50298 - "POST /result HTTP/1.1" 200 OK
broker-d1-1          | 2026-03-21 01:36:44,781 WARNING __main__: Received result for unknown pipeline 'caed7cc1-93c3-4536-9baf-848d2f20e682'.
worker-d1-embb-1-1   | INFO:     172.20.0.2:56316 - "POST /execute HTTP/1.1" 200 OK
worker-d1-embb-1-1   | INFO:httpx:HTTP Request: POST http://broker-d1:8080/result "HTTP/1.1 200 OK"
broker-d1-1          | INFO:     172.20.0.3:50308 - "POST /result HTTP/1.1" 200 OK
broker-d1-1          | 2026-03-21 01:36:44,785 WARNING __main__: Received result for unknown pipeline 'caed7cc1-93c3-4536-9baf-848d2f20e682'.
worker-d1-embb-1-1   | INFO:httpx:HTTP Request: POST http://broker-d1:8080/result "HTTP/1.1 200 OK"
broker-d1-1          | 2026-03-21 01:36:44,786 INFO httpx: HTTP Request: POST http://172.20.0.3:8081/execute "HTTP/1.1 200 OK"
worker-d1-embb-1-1   | INFO:     172.20.0.2:56332 - "POST /execute HTTP/1.1" 200 OK
broker-d1-1          | INFO:     172.20.0.3:50124 - "POST /result HTTP/1.1" 200 OK
worker-d1-embb-1-1   | INFO:     172.20.0.2:56200 - "POST /execute HTTP/1.1" 200 OK
broker-d1-1          | INFO:     172.20.0.3:50134 - "POST /result HTTP/1.1" 200 OK
worker-d1-embb-1-1   | INFO:httpx:HTTP Request: POST http://broker-d1:8080/result "HTTP/1.1 200 OK"
broker-d1-1          | 2026-03-21 01:36:44,788 INFO httpx: HTTP Request: POST http://172.20.0.3:8081/execute "HTTP/1.1 200 OK"
worker-d1-embb-1-1   | INFO:httpx:HTTP Request: POST http://broker-d1:8080/result "HTTP/1.1 200 OK"
worker-d1-embb-1-1   | INFO:     172.20.0.2:56208 - "POST /execute HTTP/1.1" 200 OK
broker-d1-1          | INFO:     172.20.0.3:50136 - "POST /result HTTP/1.1" 200 OK
worker-d1-embb-1-1   | INFO:     172.20.0.2:56206 - "POST /execute HTTP/1.1" 200 OK
broker-d1-1          | INFO:     172.20.0.3:49978 - "POST /result HTTP/1.1" 200 OK
broker-d1-1          | 2026-03-21 01:36:44,790 INFO httpx: HTTP Request: POST http://172.20.0.3:8081/execute "HTTP/1.1 200 OK"
worker-d1-embb-1-1   | INFO:httpx:HTTP Request: POST http://broker-d1:8080/result "HTTP/1.1 200 OK"
broker-d1-1          | 2026-03-21 01:36:44,792 INFO httpx: HTTP Request: POST http://172.20.0.3:8081/execute "HTTP/1.1 200 OK"
worker-d1-embb-1-1   | INFO:httpx:HTTP Request: POST http://broker-d1:8080/result "HTTP/1.1 200 OK"
worker-d1-embb-1-1   | INFO:     172.20.0.2:56134 - "POST /execute HTTP/1.1" 200 OK
broker-d1-1          | INFO:     172.20.0.3:49996 - "POST /result HTTP/1.1" 200 OK
worker-d1-embb-1-1   | INFO:     172.20.0.2:56166 - "POST /execute HTTP/1.1" 200 OK
broker-d1-1          | INFO:     172.20.0.3:49984 - "POST /result HTTP/1.1" 200 OK
broker-d1-1          | 2026-03-21 01:36:44,793 INFO httpx: HTTP Request: POST http://172.20.0.3:8081/execute "HTTP/1.1 200 OK"
worker-d1-embb-1-1   | INFO:httpx:HTTP Request: POST http://broker-d1:8080/result "HTTP/1.1 200 OK"
broker-d1-1          | 2026-03-21 01:36:44,794 INFO httpx: HTTP Request: POST http://172.20.0.3:8081/execute "HTTP/1.1 200 OK"
worker-d1-embb-1-1   | INFO:httpx:HTTP Request: POST http://broker-d1:8080/result "HTTP/1.1 200 OK"
broker-d1-1          | 2026-03-21 01:36:44,795 INFO httpx: HTTP Request: POST http://172.20.0.3:8081/execute "HTTP/1.1 200 OK"
worker-d1-embb-1-1   | INFO:     172.20.0.2:56150 - "POST /execute HTTP/1.1" 200 OK
broker-d1-1          | INFO:     172.20.0.3:49924 - "POST /result HTTP/1.1" 200 OK
broker-d1-1          | INFO:     172.20.0.3:49918 - "POST /result HTTP/1.1" 200 OK
worker-d1-embb-1-1   | INFO:     172.20.0.2:56032 - "POST /execute HTTP/1.1" 200 OK
worker-d1-embb-1-1   | INFO:     172.20.0.2:56044 - "POST /execute HTTP/1.1" 200 OK
worker-d1-embb-1-1   | INFO:httpx:HTTP Request: POST http://broker-d1:8080/result "HTTP/1.1 200 OK"
broker-d1-1          | 2026-03-21 01:36:44,796 INFO httpx: HTTP Request: POST http://172.20.0.3:8081/execute "HTTP/1.1 200 OK"
broker-d1-1          | 2026-03-21 01:36:44,797 INFO httpx: HTTP Request: POST http://172.20.0.3:8081/execute "HTTP/1.1 200 OK"
worker-d1-embb-1-1   | INFO:httpx:HTTP Request: POST http://broker-d1:8080/result "HTTP/1.1 200 OK"
broker-d1-1          | 2026-03-21 01:36:44,798 INFO httpx: HTTP Request: POST http://172.20.0.3:8081/execute "HTTP/1.1 200 OK"
broker-d1-1          | INFO:     172.19.0.4:52744 - "POST /publish HTTP/1.1" 200 OK
broker-d1-1          | 2026-03-21 01:36:44,799 INFO __main__: Pipeline 'caed7cc1-93c3-4536-9baf-848d2f20e682' (type=sensor_fusion) dispatched with placement {'decide': 'd1-embb-1', 'fuse': 'd1-embb-1', 'sensor_0': 'd1-embb-1', 'sensor_1': 'd1-embb-1', 'sensor_2': 'd1-embb-1'}.
workload-1           | INFO:httpx:HTTP Request: POST http://broker-d1:8080/publish "HTTP/1.1 200 OK"
broker-d1-1          | INFO:     172.20.0.3:49984 - "POST /result HTTP/1.1" 200 OK
broker-d1-1          | 2026-03-21 01:36:45,132 INFO __main__: Pipeline '8c35c555-c3de-4ecb-9e9c-703fcebaf3b1' completed successfully.
worker-d1-embb-1-1   | INFO:httpx:HTTP Request: POST http://broker-d1:8080/result "HTTP/1.1 200 OK"
worker-d1-embb-1-1   | INFO:     172.20.0.2:56364 - "POST /execute HTTP/1.1" 200 OK
broker-d1-1          | 2026-03-21 01:36:45,137 INFO httpx: HTTP Request: POST http://172.20.0.3:8081/execute "HTTP/1.1 200 OK"
broker-d1-1          | INFO:     172.20.0.3:50138 - "POST /result HTTP/1.1" 200 OK
worker-d1-embb-1-1   | INFO:httpx:HTTP Request: POST http://broker-d1:8080/result "HTTP/1.1 200 OK"
worker-d1-embb-1-1   | INFO:     172.20.0.2:56292 - "POST /execute HTTP/1.1" 200 OK
broker-d1-1          | 2026-03-21 01:36:45,144 INFO httpx: HTTP Request: POST http://172.20.0.3:8081/execute "HTTP/1.1 200 OK"
broker-d1-1          | INFO:     172.20.0.3:50092 - "POST /result HTTP/1.1" 200 OK
worker-d1-embb-1-1   | INFO:httpx:HTTP Request: POST http://broker-d1:8080/result "HTTP/1.1 200 OK"
worker-d1-embb-1-1   | INFO:     172.20.0.2:56246 - "POST /execute HTTP/1.1" 200 OK
broker-d1-1          | 2026-03-21 01:36:45,149 INFO httpx: HTTP Request: POST http://172.20.0.3:8081/execute "HTTP/1.1 200 OK"
broker-d1-1          | INFO:     172.19.0.4:52720 - "POST /publish HTTP/1.1" 200 OK
broker-d1-1          | 2026-03-21 01:36:45,150 INFO __main__: Pipeline '8c35c555-c3de-4ecb-9e9c-703fcebaf3b1' (type=anomaly_detection) dispatched with placement {'detect': 'd1-embb-1', 'feature_extract': 'd1-embb-1', 'collect': 'd1-embb-1'}.
workload-1           | INFO:httpx:HTTP Request: POST http://broker-d1:8080/publish "HTTP/1.1 200 OK"
broker-d1-1          | INFO:     172.20.0.3:50308 - "POST /result HTTP/1.1" 200 OK
broker-d1-1          | 2026-03-21 01:36:45,451 INFO __main__: Pipeline '94881bf5-2061-4577-b13d-f81bbb36fff7' completed successfully.
worker-d1-embb-1-1   | INFO:httpx:HTTP Request: POST http://broker-d1:8080/result "HTTP/1.1 200 OK"
worker-d1-embb-1-1   | INFO:     172.20.0.2:56454 - "POST /execute HTTP/1.1" 200 OK
broker-d1-1          | 2026-03-21 01:36:45,456 INFO httpx: HTTP Request: POST http://172.20.0.3:8081/execute "HTTP/1.1 200 OK"
broker-d1-1          | INFO:     172.20.0.3:49942 - "POST /result HTTP/1.1" 200 OK
worker-d1-embb-1-1   | INFO:httpx:HTTP Request: POST http://broker-d1:8080/result "HTTP/1.1 200 OK"
worker-d1-embb-1-1   | INFO:     172.20.0.2:56410 - "POST /execute HTTP/1.1" 200 OK
broker-d1-1          | INFO:     172.20.0.3:50174 - "POST /result HTTP/1.1" 200 OK
