broker-d1-1          | 2026-03-21 01:36:45,461 INFO httpx: HTTP Request: POST http://172.20.0.3:8081/execute "HTTP/1.1 200 OK"
worker-d1-embb-1-1   | INFO:httpx:HTTP Request: POST http://broker-d1:8080/result "HTTP/1.1 200 OK"
worker-d1-embb-1-1   | INFO:     172.20.0.2:56348 - "POST /execute HTTP/1.1" 200 OK
broker-d1-1          | 2026-03-21 01:36:45,466 INFO httpx: HTTP Request: POST http://172.20.0.3:8081/execute "HTTP/1.1 200 OK"
broker-d1-1          | INFO:     172.21.0.3:33318 - "POST /result HTTP/1.1" 200 OK
broker-d1-1          | 2026-03-21 01:36:45,468 INFO __main__: Pipeline '60d8c34f-ac98-4b2d-82f3-10a39a6b4ea9' completed successfully.
broker-d1-1          | INFO:     172.19.0.4:52764 - "POST /publish HTTP/1.1" 200 OK
worker-d1-urllc-2-1  | INFO:     172.21.0.2:35736 - "POST /execute HTTP/1.1" 200 OK
broker-d1-1          | INFO:     172.21.0.3:33292 - "POST /result HTTP/1.1" 200 OK
broker-d1-1          | 2026-03-21 01:36:45,469 INFO __main__: Pipeline '94881bf5-2061-4577-b13d-f81bbb36fff7' (type=anomaly_detection) dispatched with placement {'detect': 'd1-embb-1', 'feature_extract': 'd1-embb-1', 'collect': 'd1-embb-1'}.
worker-d1-urllc-2-1  | INFO:httpx:HTTP Request: POST http://broker-d1:8080/result "HTTP/1.1 200 OK"
workload-1           | INFO:httpx:HTTP Request: POST http://broker-d1:8080/publish "HTTP/1.1 200 OK"
broker-d1-1          | 2026-03-21 01:36:45,472 INFO httpx: HTTP Request: POST http://172.21.0.3:8081/execute "HTTP/1.1 200 OK"
worker-d1-urllc-2-1  | INFO:     172.21.0.2:35732 - "POST /execute HTTP/1.1" 200 OK
broker-d1-1          | INFO:     172.21.0.3:33304 - "POST /result HTTP/1.1" 200 OK
worker-d1-urllc-2-1  | INFO:     172.21.0.2:35724 - "POST /execute HTTP/1.1" 200 OK
worker-d1-urllc-2-1  | INFO:httpx:HTTP Request: POST http://broker-d1:8080/result "HTTP/1.1 200 OK"
broker-d1-1          | 2026-03-21 01:36:45,477 INFO httpx: HTTP Request: POST http://172.21.0.3:8081/execute "HTTP/1.1 200 OK"
worker-d1-urllc-2-1  | INFO:httpx:HTTP Request: POST http://broker-d1:8080/result "HTTP/1.1 200 OK"
broker-d1-1          | 2026-03-21 01:36:45,480 INFO httpx: HTTP Request: POST http://172.21.0.3:8081/execute "HTTP/1.1 200 OK"
broker-d1-1          | INFO:     172.19.0.4:52786 - "POST /publish HTTP/1.1" 200 OK
broker-d1-1          | 2026-03-21 01:36:45,480 INFO __main__: Pipeline '60d8c34f-ac98-4b2d-82f3-10a39a6b4ea9' (type=cqi_prediction) dispatched with placement {'predict': 'd1-urllc-2', 'feature_extract': 'd1-urllc-2', 'collect': 'd1-urllc-2'}.
workload-1           | INFO:httpx:HTTP Request: POST http://broker-d1:8080/publish "HTTP/1.1 200 OK"
broker-d1-1          | INFO:     172.20.0.3:50316 - "POST /result HTTP/1.1" 200 OK
broker-d1-1          | 2026-03-21 01:36:45,605 INFO __main__: Pipeline 'df410540-ada7-4edf-9e78-b1084e96fdf9' completed successfully.
worker-d1-embb-1-1   | INFO:httpx:HTTP Request: POST http://broker-d1:8080/result "HTTP/1.1 200 OK"
worker-d1-embb-1-1   | INFO:     172.20.0.2:56494 - "POST /execute HTTP/1.1" 200 OK
broker-d1-1          | 2026-03-21 01:36:45,609 INFO httpx: HTTP Request: POST http://172.20.0.3:8081/execute "HTTP/1.1 200 OK"
broker-d1-1          | INFO:     172.20.0.3:49924 - "POST /result HTTP/1.1" 200 OK
worker-d1-embb-1-1   | INFO:httpx:HTTP Request: POST http://broker-d1:8080/result "HTTP/1.1 200 OK"
worker-d1-embb-1-1   | INFO:     172.20.0.2:56402 - "POST /execute HTTP/1.1" 200 OK
broker-d1-1          | 2026-03-21 01:36:45,615 INFO httpx: HTTP Request: POST http://172.20.0.3:8081/execute "HTTP/1.1 200 OK"
broker-d1-1          | INFO:     172.20.0.3:50170 - "POST /result HTTP/1.1" 200 OK
worker-d1-embb-1-1   | INFO:httpx:HTTP Request: POST http://broker-d1:8080/result "HTTP/1.1 200 OK"
worker-d1-embb-1-1   | INFO:     172.20.0.2:56298 - "POST /execute HTTP/1.1" 200 OK
broker-d1-1          | 2026-03-21 01:36:45,620 INFO httpx: HTTP Request: POST http://172.20.0.3:8081/execute "HTTP/1.1 200 OK"
broker-d1-1          | INFO:     172.20.0.3:50170 - "POST /result HTTP/1.1" 200 OK
broker-d1-1          | 2026-03-21 01:36:45,786 WARNING __main__: Received result for unknown pipeline 'df410540-ada7-4edf-9e78-b1084e96fdf9'.
worker-d1-embb-1-1   | INFO:httpx:HTTP Request: POST http://broker-d1:8080/result "HTTP/1.1 200 OK"
worker-d1-embb-1-1   | INFO:     172.20.0.2:56524 - "POST /execute HTTP/1.1" 200 OK
broker-d1-1          | 2026-03-21 01:36:45,792 INFO httpx: HTTP Request: POST http://172.20.0.3:8081/execute "HTTP/1.1 200 OK"
broker-d1-1          | INFO:     172.20.0.3:50322 - "POST /result HTTP/1.1" 200 OK
broker-d1-1          | 2026-03-21 01:36:45,794 WARNING __main__: Received result for unknown pipeline 'df410540-ada7-4edf-9e78-b1084e96fdf9'.
worker-d1-embb-1-1   | INFO:httpx:HTTP Request: POST http://broker-d1:8080/result "HTTP/1.1 200 OK"
worker-d1-embb-1-1   | INFO:     172.20.0.2:56528 - "POST /execute HTTP/1.1" 200 OK
broker-d1-1          | INFO:     172.20.0.3:50324 - "POST /result HTTP/1.1" 200 OK
broker-d1-1          | 2026-03-21 01:36:45,797 WARNING __main__: Received result for unknown pipeline 'df410540-ada7-4edf-9e78-b1084e96fdf9'.
worker-d1-embb-1-1   | INFO:httpx:HTTP Request: POST http://broker-d1:8080/result "HTTP/1.1 200 OK"
worker-d1-embb-1-1   | INFO:     172.20.0.2:56534 - "POST /execute HTTP/1.1" 200 OK
broker-d1-1          | 2026-03-21 01:36:45,799 INFO httpx: HTTP Request: POST http://172.20.0.3:8081/execute "HTTP/1.1 200 OK"
broker-d1-1          | INFO:     172.20.0.3:49996 - "POST /result HTTP/1.1" 200 OK
worker-d1-embb-1-1   | INFO:httpx:HTTP Request: POST http://broker-d1:8080/result "HTTP/1.1 200 OK"
broker-d1-1          | 2026-03-21 01:36:45,801 INFO httpx: HTTP Request: POST http://172.20.0.3:8081/execute "HTTP/1.1 200 OK"
worker-d1-embb-1-1   | INFO:     172.20.0.2:56420 - "POST /execute HTTP/1.1" 200 OK
broker-d1-1          | INFO:     172.20.0.3:50092 - "POST /result HTTP/1.1" 200 OK
worker-d1-embb-1-1   | INFO:     172.20.0.2:56428 - "POST /execute HTTP/1.1" 200 OK
broker-d1-1          | INFO:     172.20.0.3:50124 - "POST /result HTTP/1.1" 200 OK
worker-d1-embb-1-1   | INFO:httpx:HTTP Request: POST http://broker-d1:8080/result "HTTP/1.1 200 OK"
broker-d1-1          | 2026-03-21 01:36:45,803 INFO httpx: HTTP Request: POST http://172.20.0.3:8081/execute "HTTP/1.1 200 OK"
worker-d1-embb-1-1   | INFO:httpx:HTTP Request: POST http://broker-d1:8080/result "HTTP/1.1 200 OK"
broker-d1-1          | 2026-03-21 01:36:45,804 INFO httpx: HTTP Request: POST http://172.20.0.3:8081/execute "HTTP/1.1 200 OK"
worker-d1-embb-1-1   | INFO:     172.20.0.2:56438 - "POST /execute HTTP/1.1" 200 OK
broker-d1-1          | INFO:     172.20.0.3:50216 - "POST /result HTTP/1.1" 200 OK
worker-d1-embb-1-1   | INFO:     172.20.0.2:56374 - "POST /execute HTTP/1.1" 200 OK
broker-d1-1          | INFO:     172.20.0.3:50224 - "POST /result HTTP/1.1" 200 OK
worker-d1-embb-1-1   | INFO:     172.20.0.2:56388 - "POST /execute HTTP/1.1" 200 OK
worker-d1-embb-1-1   | INFO:httpx:HTTP Request: POST http://broker-d1:8080/result "HTTP/1.1 200 OK"
broker-d1-1          | 2026-03-21 01:36:45,805 INFO httpx: HTTP Request: POST http://172.20.0.3:8081/execute "HTTP/1.1 200 OK"
worker-d1-embb-1-1   | INFO:httpx:HTTP Request: POST http://broker-d1:8080/result "HTTP/1.1 200 OK"
broker-d1-1          | 2026-03-21 01:36:45,807 INFO httpx: HTTP Request: POST http://172.20.0.3:8081/execute "HTTP/1.1 200 OK"
broker-d1-1          | INFO:     172.20.0.3:50232 - "POST /result HTTP/1.1" 200 OK
worker-d1-embb-1-1   | INFO:     172.20.0.2:56370 - "POST /execute HTTP/1.1" 200 OK
broker-d1-1          | INFO:     172.20.0.3:50158 - "POST /result HTTP/1.1" 200 OK
broker-d1-1          | INFO:     172.20.0.3:50150 - "POST /result HTTP/1.1" 200 OK
worker-d1-embb-1-1   | INFO:     172.20.0.2:56306 - "POST /execute HTTP/1.1" 200 OK
worker-d1-embb-1-1   | INFO:httpx:HTTP Request: POST http://broker-d1:8080/result "HTTP/1.1 200 OK"
broker-d1-1          | 2026-03-21 01:36:45,808 INFO httpx: HTTP Request: POST http://172.20.0.3:8081/execute "HTTP/1.1 200 OK"
broker-d1-1          | 2026-03-21 01:36:45,809 INFO httpx: HTTP Request: POST http://172.20.0.3:8081/execute "HTTP/1.1 200 OK"
worker-d1-embb-1-1   | INFO:httpx:HTTP Request: POST http://broker-d1:8080/result "HTTP/1.1 200 OK"
worker-d1-embb-1-1   | INFO:     172.20.0.2:56300 - "POST /execute HTTP/1.1" 200 OK
broker-d1-1          | INFO:     172.19.0.4:52722 - "POST /publish HTTP/1.1" 200 OK
worker-d1-embb-1-1   | INFO:httpx:HTTP Request: POST http://broker-d1:8080/result "HTTP/1.1 200 OK"
broker-d1-1          | 2026-03-21 01:36:45,811 INFO httpx: HTTP Request: POST http://172.20.0.3:8081/execute "HTTP/1.1 200 OK"
broker-d1-1          | 2026-03-21 01:36:45,812 INFO httpx: HTTP Request: POST http://172.20.0.3:8081/execute "HTTP/1.1 200 OK"
broker-d1-1          | 2026-03-21 01:36:45,812 INFO __main__: Pipeline 'df410540-ada7-4edf-9e78-b1084e96fdf9' (type=sensor_fusion) dispatched with placement {'decide': 'd1-embb-1', 'fuse': 'd1-embb-1', 'sensor_0': 'd1-embb-1', 'sensor_1': 'd1-embb-1', 'sensor_2': 'd1-embb-1'}.
workload-1           | INFO:httpx:HTTP Request: POST http://broker-d1:8080/publish "HTTP/1.1 200 OK"
broker-d1-1          | INFO:     172.20.0.3:49996 - "POST /result HTTP/1.1" 200 OK
broker-d1-1          | 2026-03-21 01:36:45,843 INFO __main__: Pipeline '06b12656-7f2a-46bb-b025-7bfc4eae8bed' completed successfully.
worker-d1-embb-1-1   | INFO:httpx:HTTP Request: POST http://broker-d1:8080/result "HTTP/1.1 200 OK"
worker-d1-embb-1-1   | INFO:     172.20.0.2:56508 - "POST /execute HTTP/1.1" 200 OK
broker-d1-1          | 2026-03-21 01:36:45,849 INFO httpx: HTTP Request: POST http://172.20.0.3:8081/execute "HTTP/1.1 200 OK"
broker-d1-1          | INFO:     172.20.0.3:49978 - "POST /result HTTP/1.1" 200 OK
worker-d1-embb-1-1   | INFO:httpx:HTTP Request: POST http://broker-d1:8080/result "HTTP/1.1 200 OK"
worker-d1-embb-1-1   | INFO:     172.20.0.2:56466 - "POST /execute HTTP/1.1" 200 OK
broker-d1-1          | 2026-03-21 01:36:45,853 INFO httpx: HTTP Request: POST http://172.20.0.3:8081/execute "HTTP/1.1 200 OK"
broker-d1-1          | INFO:     172.20.0.3:49998 - "POST /result HTTP/1.1" 200 OK
worker-d1-embb-1-1   | INFO:httpx:HTTP Request: POST http://broker-d1:8080/result "HTTP/1.1 200 OK"
worker-d1-embb-1-1   | INFO:     172.20.0.2:56452 - "POST /execute HTTP/1.1" 200 OK
broker-d1-1          | INFO:     172.19.0.4:52730 - "POST /publish HTTP/1.1" 200 OK
broker-d1-1          | 2026-03-21 01:36:45,858 INFO httpx: HTTP Request: POST http://172.20.0.3:8081/execute "HTTP/1.1 200 OK"
broker-d1-1          | 2026-03-21 01:36:45,859 INFO __main__: Pipeline '06b12656-7f2a-46bb-b025-7bfc4eae8bed' (type=anomaly_detection) dispatched with placement {'detect': 'd1-embb-1', 'feature_extract': 'd1-embb-1', 'collect': 'd1-embb-1'}.
workload-1           | INFO:httpx:HTTP Request: POST http://broker-d1:8080/publish "HTTP/1.1 200 OK"
broker-d1-1          | INFO:     172.20.0.3:49996 - "POST /result HTTP/1.1" 200 OK
broker-d1-1          | 2026-03-21 01:36:45,961 INFO __main__: Pipeline '1611537d-2187-4f85-b492-8feb02f9b0fe' completed successfully.
worker-d1-embb-1-1   | INFO:httpx:HTTP Request: POST http://broker-d1:8080/result "HTTP/1.1 200 OK"
worker-d1-embb-1-1   | INFO:     172.20.0.2:56514 - "POST /execute HTTP/1.1" 200 OK
broker-d1-1          | 2026-03-21 01:36:45,966 INFO httpx: HTTP Request: POST http://172.20.0.3:8081/execute "HTTP/1.1 200 OK"
broker-d1-1          | INFO:     172.20.0.3:49984 - "POST /result HTTP/1.1" 200 OK
worker-d1-embb-1-1   | INFO:httpx:HTTP Request: POST http://broker-d1:8080/result "HTTP/1.1 200 OK"
worker-d1-embb-1-1   | INFO:     172.20.0.2:56480 - "POST /execute HTTP/1.1" 200 OK
broker-d1-1          | 2026-03-21 01:36:45,972 INFO httpx: HTTP Request: POST http://172.20.0.3:8081/execute "HTTP/1.1 200 OK"
broker-d1-1          | INFO:     172.20.0.3:49918 - "POST /result HTTP/1.1" 200 OK
worker-d1-embb-1-1   | INFO:httpx:HTTP Request: POST http://broker-d1:8080/result "HTTP/1.1 200 OK"
worker-d1-embb-1-1   | INFO:     172.20.0.2:56470 - "POST /execute HTTP/1.1" 200 OK
broker-d1-1          | 2026-03-21 01:36:45,977 INFO httpx: HTTP Request: POST http://172.20.0.3:8081/execute "HTTP/1.1 200 OK"
broker-d1-1          | INFO:     172.19.0.4:52708 - "POST /publish HTTP/1.1" 200 OK
broker-d1-1          | 2026-03-21 01:36:45,978 INFO __main__: Pipeline '1611537d-2187-4f85-b492-8feb02f9b0fe' (type=anomaly_detection) dispatched with placement {'detect': 'd1-embb-1', 'feature_extract': 'd1-embb-1', 'collect': 'd1-embb-1'}.
workload-1           | INFO:httpx:HTTP Request: POST http://broker-d1:8080/publish "HTTP/1.1 200 OK"
broker-d1-1          | 2026-03-21 01:36:46,572 WARNING __main__: Pipeline '28185fae-2931-46ba-9421-4c0af8376bc8' has 1 governance violation(s): ["Capacity: node 'd1-urllc-2' overloaded (demand=1.200, residual=1.000)."]
broker-d1-1          | INFO:     172.20.0.3:50328 - "POST /result HTTP/1.1" 200 OK
broker-d1-1          | 2026-03-21 01:36:46,688 INFO __main__: Pipeline 'bf7c63cf-e089-4770-a083-3bc2f54e6b33' completed successfully.
worker-d1-embb-1-1   | INFO:httpx:HTTP Request: POST http://broker-d1:8080/result "HTTP/1.1 200 OK"
worker-d1-embb-1-1   | INFO:     172.20.0.2:56480 - "POST /execute HTTP/1.1" 200 OK
broker-d1-1          | 2026-03-21 01:36:46,692 INFO httpx: HTTP Request: POST http://172.20.0.3:8081/execute "HTTP/1.1 200 OK"
broker-d1-1          | INFO:     172.20.0.3:49918 - "POST /result HTTP/1.1" 200 OK
worker-d1-embb-1-1   | INFO:     172.20.0.2:56586 - "POST /execute HTTP/1.1" 200 OK
worker-d1-embb-1-1   | INFO:httpx:HTTP Request: POST http://broker-d1:8080/result "HTTP/1.1 200 OK"
broker-d1-1          | 2026-03-21 01:36:46,696 INFO httpx: HTTP Request: POST http://172.20.0.3:8081/execute "HTTP/1.1 200 OK"
broker-d1-1          | INFO:     172.20.0.3:50138 - "POST /result HTTP/1.1" 200 OK
worker-d1-embb-1-1   | INFO:httpx:HTTP Request: POST http://broker-d1:8080/result "HTTP/1.1 200 OK"
worker-d1-embb-1-1   | INFO:     172.20.0.2:56538 - "POST /execute HTTP/1.1" 200 OK
broker-d1-1          | 2026-03-21 01:36:46,700 INFO httpx: HTTP Request: POST http://172.20.0.3:8081/execute "HTTP/1.1 200 OK"
broker-d1-1          | INFO:     172.20.0.3:49918 - "POST /result HTTP/1.1" 200 OK
broker-d1-1          | 2026-03-21 01:36:46,845 WARNING __main__: Received result for unknown pipeline 'bf7c63cf-e089-4770-a083-3bc2f54e6b33'.
worker-d1-embb-1-1   | INFO:httpx:HTTP Request: POST http://broker-d1:8080/result "HTTP/1.1 200 OK"
worker-d1-embb-1-1   | INFO:     172.20.0.2:56700 - "POST /execute HTTP/1.1" 200 OK
broker-d1-1          | 2026-03-21 01:36:46,851 INFO httpx: HTTP Request: POST http://172.20.0.3:8081/execute "HTTP/1.1 200 OK"
broker-d1-1          | INFO:     172.20.0.3:50138 - "POST /result HTTP/1.1" 200 OK
broker-d1-1          | 2026-03-21 01:36:46,854 WARNING __main__: Received result for unknown pipeline 'bf7c63cf-e089-4770-a083-3bc2f54e6b33'.
worker-d1-embb-1-1   | INFO:httpx:HTTP Request: POST http://broker-d1:8080/result "HTTP/1.1 200 OK"
worker-d1-embb-1-1   | INFO:     172.20.0.2:56710 - "POST /execute HTTP/1.1" 200 OK
broker-d1-1          | 2026-03-21 01:36:46,856 WARNING __main__: Received result for unknown pipeline 'bf7c63cf-e089-4770-a083-3bc2f54e6b33'.
broker-d1-1          | INFO:     172.20.0.3:49918 - "POST /result HTTP/1.1" 200 OK
worker-d1-embb-1-1   | INFO:     172.20.0.2:56724 - "POST /execute HTTP/1.1" 200 OK
broker-d1-1          | INFO:     172.20.0.3:50150 - "POST /result HTTP/1.1" 200 OK
worker-d1-embb-1-1   | INFO:     172.20.0.2:56600 - "POST /execute HTTP/1.1" 200 OK
worker-d1-embb-1-1   | INFO:httpx:HTTP Request: POST http://broker-d1:8080/result "HTTP/1.1 200 OK"
worker-d1-embb-1-1   | INFO:httpx:HTTP Request: POST http://broker-d1:8080/result "HTTP/1.1 200 OK"
broker-d1-1          | 2026-03-21 01:36:46,859 INFO httpx: HTTP Request: POST http://172.20.0.3:8081/execute "HTTP/1.1 200 OK"
broker-d1-1          | 2026-03-21 01:36:46,861 INFO httpx: HTTP Request: POST http://172.20.0.3:8081/execute "HTTP/1.1 200 OK"
broker-d1-1          | INFO:     172.20.0.3:50158 - "POST /result HTTP/1.1" 200 OK
worker-d1-embb-1-1   | INFO:     172.20.0.2:56610 - "POST /execute HTTP/1.1" 200 OK
worker-d1-embb-1-1   | INFO:     172.20.0.2:56626 - "POST /execute HTTP/1.1" 200 OK
broker-d1-1          | INFO:     172.20.0.3:50216 - "POST /result HTTP/1.1" 200 OK
broker-d1-1          | INFO:     172.20.0.3:49942 - "POST /result HTTP/1.1" 200 OK
broker-d1-1          | 2026-03-21 01:36:46,862 INFO httpx: HTTP Request: POST http://172.20.0.3:8081/execute "HTTP/1.1 200 OK"
worker-d1-embb-1-1   | INFO:httpx:HTTP Request: POST http://broker-d1:8080/result "HTTP/1.1 200 OK"
worker-d1-embb-1-1   | INFO:httpx:HTTP Request: POST http://broker-d1:8080/result "HTTP/1.1 200 OK"
worker-d1-embb-1-1   | INFO:httpx:HTTP Request: POST http://broker-d1:8080/result "HTTP/1.1 200 OK"
broker-d1-1          | 2026-03-21 01:36:46,864 INFO httpx: HTTP Request: POST http://172.20.0.3:8081/execute "HTTP/1.1 200 OK"
worker-d1-embb-1-1   | INFO:     172.20.0.2:56566 - "POST /execute HTTP/1.1" 200 OK
broker-d1-1          | INFO:     172.20.0.3:50174 - "POST /result HTTP/1.1" 200 OK
worker-d1-embb-1-1   | INFO:     172.20.0.2:56562 - "POST /execute HTTP/1.1" 200 OK
worker-d1-embb-1-1   | INFO:     172.20.0.2:56580 - "POST /execute HTTP/1.1" 200 OK
broker-d1-1          | INFO:     172.20.0.3:50308 - "POST /result HTTP/1.1" 200 OK
broker-d1-1          | INFO:     172.20.0.3:50134 - "POST /result HTTP/1.1" 200 OK
worker-d1-embb-1-1   | INFO:     172.20.0.2:56550 - "POST /execute HTTP/1.1" 200 OK
broker-d1-1          | INFO:     172.20.0.3:50136 - "POST /result HTTP/1.1" 200 OK
broker-d1-1          | 2026-03-21 01:36:46,865 INFO httpx: HTTP Request: POST http://172.20.0.3:8081/execute "HTTP/1.1 200 OK"
worker-d1-embb-1-1   | INFO:httpx:HTTP Request: POST http://broker-d1:8080/result "HTTP/1.1 200 OK"
worker-d1-embb-1-1   | INFO:httpx:HTTP Request: POST http://broker-d1:8080/result "HTTP/1.1 200 OK"
broker-d1-1          | 2026-03-21 01:36:46,867 INFO httpx: HTTP Request: POST http://172.20.0.3:8081/execute "HTTP/1.1 200 OK"
broker-d1-1          | 2026-03-21 01:36:46,868 INFO httpx: HTTP Request: POST http://172.20.0.3:8081/execute "HTTP/1.1 200 OK"
broker-d1-1          | 2026-03-21 01:36:46,870 INFO httpx: HTTP Request: POST http://172.20.0.3:8081/execute "HTTP/1.1 200 OK"
worker-d1-embb-1-1   | INFO:httpx:HTTP Request: POST http://broker-d1:8080/result "HTTP/1.1 200 OK"
worker-d1-embb-1-1   | INFO:     172.20.0.2:56558 - "POST /execute HTTP/1.1" 200 OK
broker-d1-1          | INFO:     172.19.0.4:52720 - "POST /publish HTTP/1.1" 200 OK
broker-d1-1          | INFO:     172.20.0.3:49942 - "POST /result HTTP/1.1" 200 OK
worker-d1-embb-1-1   | INFO:     172.20.0.2:56508 - "POST /execute HTTP/1.1" 200 OK
broker-d1-1          | INFO:     172.20.0.3:49984 - "POST /result HTTP/1.1" 200 OK
broker-d1-1          | 2026-03-21 01:36:46,873 INFO httpx: HTTP Request: POST http://172.20.0.3:8081/execute "HTTP/1.1 200 OK"
broker-d1-1          | 2026-03-21 01:36:46,873 INFO httpx: HTTP Request: POST http://172.20.0.3:8081/execute "HTTP/1.1 200 OK"
broker-d1-1          | 2026-03-21 01:36:46,874 INFO __main__: Pipeline 'bf7c63cf-e089-4770-a083-3bc2f54e6b33' (type=sensor_fusion) dispatched with placement {'decide': 'd1-embb-1', 'fuse': 'd1-embb-1', 'sensor_0': 'd1-embb-1', 'sensor_1': 'd1-embb-1', 'sensor_2': 'd1-embb-1'}.
worker-d1-embb-1-1   | INFO:httpx:HTTP Request: POST http://broker-d1:8080/result "HTTP/1.1 200 OK"
workload-1           | INFO:httpx:HTTP Request: POST http://broker-d1:8080/publish "HTTP/1.1 200 OK"
broker-d1-1          | 2026-03-21 01:36:46,887 INFO __main__: Pipeline '79ddd06d-ff36-497a-a99c-3d4472d7d18e' completed successfully.
worker-d1-embb-1-1   | INFO:httpx:HTTP Request: POST http://broker-d1:8080/result "HTTP/1.1 200 OK"
broker-d1-1          | 2026-03-21 01:36:46,891 INFO httpx: HTTP Request: POST http://172.20.0.3:8081/execute "HTTP/1.1 200 OK"
worker-d1-embb-1-1   | INFO:httpx:HTTP Request: POST http://broker-d1:8080/result "HTTP/1.1 200 OK"
worker-d1-embb-1-1   | INFO:     172.20.0.2:56650 - "POST /execute HTTP/1.1" 200 OK
broker-d1-1          | 2026-03-21 01:36:46,896 INFO httpx: HTTP Request: POST http://172.20.0.3:8081/execute "HTTP/1.1 200 OK"
broker-d1-1          | INFO:     172.20.0.3:49924 - "POST /result HTTP/1.1" 200 OK
worker-d1-embb-1-1   | INFO:httpx:HTTP Request: POST http://broker-d1:8080/result "HTTP/1.1 200 OK"
worker-d1-embb-1-1   | INFO:     172.20.0.2:56628 - "POST /execute HTTP/1.1" 200 OK
broker-d1-1          | 2026-03-21 01:36:46,899 INFO httpx: HTTP Request: POST http://172.20.0.3:8081/execute "HTTP/1.1 200 OK"
broker-d1-1          | 2026-03-21 01:36:46,900 INFO __main__: Pipeline '79ddd06d-ff36-497a-a99c-3d4472d7d18e' (type=anomaly_detection) dispatched with placement {'detect': 'd1-embb-1', 'feature_extract': 'd1-embb-1', 'collect': 'd1-embb-1'}.
broker-d1-1          | INFO:     172.19.0.4:52744 - "POST /publish HTTP/1.1" 200 OK
workload-1           | INFO:httpx:HTTP Request: POST http://broker-d1:8080/publish "HTTP/1.1 200 OK"
broker-d1-1          | INFO:     172.20.0.3:49942 - "POST /result HTTP/1.1" 200 OK
broker-d1-1          | 2026-03-21 01:36:46,984 INFO __main__: Pipeline 'd24a70a1-1018-407d-9e10-b0e836059c4c' completed successfully.
worker-d1-embb-1-1   | INFO:httpx:HTTP Request: POST http://broker-d1:8080/result "HTTP/1.1 200 OK"
worker-d1-embb-1-1   | INFO:     172.20.0.2:56514 - "POST /execute HTTP/1.1" 200 OK
broker-d1-1          | 2026-03-21 01:36:46,990 INFO httpx: HTTP Request: POST http://172.20.0.3:8081/execute "HTTP/1.1 200 OK"
broker-d1-1          | INFO:     172.20.0.3:49996 - "POST /result HTTP/1.1" 200 OK
worker-d1-embb-1-1   | INFO:httpx:HTTP Request: POST http://broker-d1:8080/result "HTTP/1.1 200 OK"
worker-d1-embb-1-1   | INFO:     172.20.0.2:56300 - "POST /execute HTTP/1.1" 200 OK
broker-d1-1          | 2026-03-21 01:36:46,995 INFO httpx: HTTP Request: POST http://172.20.0.3:8081/execute "HTTP/1.1 200 OK"
broker-d1-1          | INFO:     172.20.0.3:49978 - "POST /result HTTP/1.1" 200 OK
worker-d1-embb-1-1   | INFO:httpx:HTTP Request: POST http://broker-d1:8080/result "HTTP/1.1 200 OK"
worker-d1-embb-1-1   | INFO:     172.20.0.2:56636 - "POST /execute HTTP/1.1" 200 OK
broker-d1-1          | INFO:     172.19.0.4:52750 - "POST /publish HTTP/1.1" 200 OK
broker-d1-1          | 2026-03-21 01:36:47,000 INFO httpx: HTTP Request: POST http://172.20.0.3:8081/execute "HTTP/1.1 200 OK"
broker-d1-1          | 2026-03-21 01:36:47,001 INFO __main__: Pipeline 'd24a70a1-1018-407d-9e10-b0e836059c4c' (type=anomaly_detection) dispatched with placement {'detect': 'd1-embb-1', 'feature_extract': 'd1-embb-1', 'collect': 'd1-embb-1'}.
workload-1           | INFO:httpx:HTTP Request: POST http://broker-d1:8080/publish "HTTP/1.1 200 OK"
broker-d1-1          | 2026-03-21 01:36:47,124 WARNING __main__: Pipeline '40f41c39-c485-41ed-9fb2-fa0b6e9b69b3' has 1 governance violation(s): ["Capacity: node 'd1-urllc-2' overloaded (demand=1.200, residual=1.000)."]
broker-d2-1          | INFO:     172.19.0.3:60442 - "POST /federation/summary HTTP/1.1" 200 OK
worker-d2-embb-2-1   | INFO:     172.18.0.2:45744 - "GET /health HTTP/1.1" 200 OK
broker-d1-1          | INFO:     172.19.0.2:34430 - "POST /federation/summary HTTP/1.1" 200 OK
worker-d1-embb-1-1   | INFO:     172.20.0.2:53594 - "GET /health HTTP/1.1" 200 OK
broker-d2-1          | 2026-03-21 01:36:47,242 INFO httpx: HTTP Request: POST http://broker-d1:8080/federation/summary "HTTP/1.1 200 OK"
broker-d1-1          | 2026-03-21 01:36:47,243 INFO httpx: HTTP Request: POST http://broker-d2:8080/federation/summary "HTTP/1.1 200 OK"
worker-d2-embb-1-1   | INFO:     172.18.0.2:44074 - "GET /health HTTP/1.1" 200 OK
worker-d1-urllc-1-1  | INFO:     172.21.0.2:38874 - "GET /health HTTP/1.1" 200 OK
worker-d1-urllc-2-1  | INFO:     172.21.0.2:44936 - "GET /health HTTP/1.1" 200 OK
broker-d2-1          | 2026-03-21 01:36:47,244 INFO httpx: HTTP Request: GET http://172.18.0.4:8081/health "HTTP/1.1 200 OK"
broker-d1-1          | 2026-03-21 01:36:47,244 INFO httpx: HTTP Request: GET http://172.20.0.3:8081/health "HTTP/1.1 200 OK"
broker-d1-1          | 2026-03-21 01:36:47,246 INFO httpx: HTTP Request: GET http://172.21.0.4:8081/health "HTTP/1.1 200 OK"
broker-d2-1          | 2026-03-21 01:36:47,246 INFO httpx: HTTP Request: GET http://172.18.0.3:8081/health "HTTP/1.1 200 OK"
broker-d1-1          | 2026-03-21 01:36:47,247 INFO httpx: HTTP Request: GET http://172.21.0.3:8081/health "HTTP/1.1 200 OK"
broker-d1-1          | 2026-03-21 01:36:47,248 WARNING __main__: Pipeline 'e8f090fd-0e52-4fdb-8fd7-000d0aeba296' has 1 governance violation(s): ["Capacity: node 'd1-urllc-2' overloaded (demand=1.200, residual=1.000)."]
broker-d1-1          | INFO:     172.20.0.3:50158 - "POST /result HTTP/1.1" 200 OK
broker-d1-1          | 2026-03-21 01:36:47,477 INFO __main__: Pipeline '83c6e349-2190-4bfb-9711-391c30249958' completed successfully.
worker-d1-embb-1-1   | INFO:httpx:HTTP Request: POST http://broker-d1:8080/result "HTTP/1.1 200 OK"
worker-d1-embb-1-1   | INFO:     172.20.0.2:56778 - "POST /execute HTTP/1.1" 200 OK
broker-d1-1          | 2026-03-21 01:36:47,483 INFO httpx: HTTP Request: POST http://172.20.0.3:8081/execute "HTTP/1.1 200 OK"
broker-d1-1          | INFO:     172.20.0.3:49918 - "POST /result HTTP/1.1" 200 OK
worker-d1-embb-1-1   | INFO:httpx:HTTP Request: POST http://broker-d1:8080/result "HTTP/1.1 200 OK"
worker-d1-embb-1-1   | INFO:     172.20.0.2:56692 - "POST /execute HTTP/1.1" 200 OK
broker-d1-1          | 2026-03-21 01:36:47,491 INFO httpx: HTTP Request: POST http://172.20.0.3:8081/execute "HTTP/1.1 200 OK"
broker-d1-1          | INFO:     172.20.0.3:50124 - "POST /result HTTP/1.1" 200 OK
worker-d1-embb-1-1   | INFO:     172.20.0.2:56470 - "POST /execute HTTP/1.1" 200 OK
worker-d1-embb-1-1   | INFO:httpx:HTTP Request: POST http://broker-d1:8080/result "HTTP/1.1 200 OK"
broker-d1-1          | 2026-03-21 01:36:47,498 INFO httpx: HTTP Request: POST http://172.20.0.3:8081/execute "HTTP/1.1 200 OK"
broker-d1-1          | INFO:     172.20.0.3:50216 - "POST /result HTTP/1.1" 200 OK
broker-d1-1          | 2026-03-21 01:36:47,655 WARNING __main__: Received result for unknown pipeline '83c6e349-2190-4bfb-9711-391c30249958'.
broker-d1-1          | INFO:     172.20.0.3:50308 - "POST /result HTTP/1.1" 200 OK
worker-d1-embb-1-1   | INFO:httpx:HTTP Request: POST http://broker-d1:8080/result "HTTP/1.1 200 OK"
broker-d1-1          | 2026-03-21 01:36:47,659 WARNING __main__: Received result for unknown pipeline '83c6e349-2190-4bfb-9711-391c30249958'.
worker-d1-embb-1-1   | INFO:     172.20.0.2:56300 - "POST /execute HTTP/1.1" 200 OK
broker-d1-1          | INFO:     172.20.0.3:49942 - "POST /result HTTP/1.1" 200 OK
broker-d1-1          | 2026-03-21 01:36:47,662 INFO httpx: HTTP Request: POST http://172.20.0.3:8081/execute "HTTP/1.1 200 OK"
worker-d1-embb-1-1   | INFO:httpx:HTTP Request: POST http://broker-d1:8080/result "HTTP/1.1 200 OK"
worker-d1-embb-1-1   | INFO:     172.20.0.2:56514 - "POST /execute HTTP/1.1" 200 OK
broker-d1-1          | 2026-03-21 01:36:47,664 INFO httpx: HTTP Request: POST http://172.20.0.3:8081/execute "HTTP/1.1 200 OK"
broker-d1-1          | INFO:     172.20.0.3:49924 - "POST /result HTTP/1.1" 200 OK
broker-d1-1          | 2026-03-21 01:36:47,667 INFO httpx: HTTP Request: POST http://172.20.0.3:8081/execute "HTTP/1.1 200 OK"
worker-d1-embb-1-1   | INFO:httpx:HTTP Request: POST http://broker-d1:8080/result "HTTP/1.1 200 OK"
worker-d1-embb-1-1   | INFO:     172.20.0.2:56736 - "POST /execute HTTP/1.1" 200 OK
broker-d1-1          | INFO:     172.20.0.3:50232 - "POST /result HTTP/1.1" 200 OK
worker-d1-embb-1-1   | INFO:     172.20.0.2:56752 - "POST /execute HTTP/1.1" 200 OK
worker-d1-embb-1-1   | INFO:httpx:HTTP Request: POST http://broker-d1:8080/result "HTTP/1.1 200 OK"
broker-d1-1          | 2026-03-21 01:36:47,669 INFO httpx: HTTP Request: POST http://172.20.0.3:8081/execute "HTTP/1.1 200 OK"
broker-d1-1          | INFO:     172.20.0.3:50224 - "POST /result HTTP/1.1" 200 OK
worker-d1-embb-1-1   | INFO:     172.20.0.2:56676 - "POST /execute HTTP/1.1" 200 OK
worker-d1-embb-1-1   | INFO:     172.20.0.2:56690 - "POST /execute HTTP/1.1" 200 OK
broker-d1-1          | INFO:     172.20.0.3:38066 - "POST /result HTTP/1.1" 200 OK
worker-d1-embb-1-1   | INFO:httpx:HTTP Request: POST http://broker-d1:8080/result "HTTP/1.1 200 OK"
broker-d1-1          | 2026-03-21 01:36:47,671 INFO httpx: HTTP Request: POST http://172.20.0.3:8081/execute "HTTP/1.1 200 OK"
worker-d1-embb-1-1   | INFO:httpx:HTTP Request: POST http://broker-d1:8080/result "HTTP/1.1 200 OK"
broker-d1-1          | 2026-03-21 01:36:47,672 WARNING __main__: Received result for unknown pipeline '83c6e349-2190-4bfb-9711-391c30249958'.
worker-d1-embb-1-1   | INFO:     172.20.0.2:56628 - "POST /execute HTTP/1.1" 200 OK
broker-d1-1          | INFO:     172.20.0.3:50092 - "POST /result HTTP/1.1" 200 OK
broker-d1-1          | INFO:     172.20.0.3:49978 - "POST /result HTTP/1.1" 200 OK
worker-d1-embb-1-1   | INFO:     172.20.0.2:56466 - "POST /execute HTTP/1.1" 200 OK
worker-d1-embb-1-1   | INFO:httpx:HTTP Request: POST http://broker-d1:8080/result "HTTP/1.1 200 OK"
broker-d1-1          | 2026-03-21 01:36:47,673 INFO httpx: HTTP Request: POST http://172.20.0.3:8081/execute "HTTP/1.1 200 OK"
broker-d1-1          | 2026-03-21 01:36:47,674 INFO httpx: HTTP Request: POST http://172.20.0.3:8081/execute "HTTP/1.1 200 OK"
worker-d1-embb-1-1   | INFO:httpx:HTTP Request: POST http://broker-d1:8080/result "HTTP/1.1 200 OK"
worker-d1-embb-1-1   | INFO:     172.20.0.2:56760 - "POST /execute HTTP/1.1" 200 OK
broker-d1-1          | INFO:     172.20.0.3:50324 - "POST /result HTTP/1.1" 200 OK
worker-d1-embb-1-1   | INFO:     172.20.0.2:56660 - "POST /execute HTTP/1.1" 200 OK
broker-d1-1          | INFO:     172.20.0.3:49998 - "POST /result HTTP/1.1" 200 OK
broker-d1-1          | 2026-03-21 01:36:47,675 INFO httpx: HTTP Request: POST http://172.20.0.3:8081/execute "HTTP/1.1 200 OK"
worker-d1-embb-1-1   | INFO:httpx:HTTP Request: POST http://broker-d1:8080/result "HTTP/1.1 200 OK"
broker-d1-1          | 2026-03-21 01:36:47,676 INFO httpx: HTTP Request: POST http://172.20.0.3:8081/execute "HTTP/1.1 200 OK"
worker-d1-embb-1-1   | INFO:httpx:HTTP Request: POST http://broker-d1:8080/result "HTTP/1.1 200 OK"
broker-d1-1          | 2026-03-21 01:36:47,678 INFO httpx: HTTP Request: POST http://172.20.0.3:8081/execute "HTTP/1.1 200 OK"
worker-d1-embb-1-1   | INFO:httpx:HTTP Request: POST http://broker-d1:8080/result "HTTP/1.1 200 OK"
worker-d1-embb-1-1   | INFO:     172.20.0.2:56452 - "POST /execute HTTP/1.1" 200 OK
broker-d1-1          | INFO:     172.19.0.4:52708 - "POST /publish HTTP/1.1" 200 OK
broker-d1-1          | 2026-03-21 01:36:47,680 INFO httpx: HTTP Request: POST http://172.20.0.3:8081/execute "HTTP/1.1 200 OK"
broker-d1-1          | 2026-03-21 01:36:47,681 INFO __main__: Pipeline '83c6e349-2190-4bfb-9711-391c30249958' (type=sensor_fusion) dispatched with placement {'decide': 'd1-embb-1', 'fuse': 'd1-embb-1', 'sensor_0': 'd1-embb-1', 'sensor_1': 'd1-embb-1', 'sensor_2': 'd1-embb-1'}.
workload-1           | INFO:httpx:HTTP Request: POST http://broker-d1:8080/publish "HTTP/1.1 200 OK"
broker-d1-1          | INFO:     172.21.0.3:51710 - "POST /result HTTP/1.1" 200 OK
broker-d1-1          | 2026-03-21 01:36:47,801 INFO __main__: Pipeline '28185fae-2931-46ba-9421-4c0af8376bc8' completed successfully.
worker-d1-urllc-2-1  | INFO:     172.21.0.2:44898 - "POST /execute HTTP/1.1" 200 OK
worker-d1-urllc-2-1  | INFO:httpx:HTTP Request: POST http://broker-d1:8080/result "HTTP/1.1 200 OK"
broker-d1-1          | 2026-03-21 01:36:47,806 INFO httpx: HTTP Request: POST http://172.21.0.3:8081/execute "HTTP/1.1 200 OK"
broker-d1-1          | INFO:     172.21.0.3:33304 - "POST /result HTTP/1.1" 200 OK
worker-d1-urllc-2-1  | INFO:httpx:HTTP Request: POST http://broker-d1:8080/result "HTTP/1.1 200 OK"
worker-d1-urllc-2-1  | INFO:     172.21.0.2:35756 - "POST /execute HTTP/1.1" 200 OK
broker-d1-1          | 2026-03-21 01:36:47,812 INFO httpx: HTTP Request: POST http://172.21.0.3:8081/execute "HTTP/1.1 200 OK"
broker-d1-1          | INFO:     172.21.0.3:33292 - "POST /result HTTP/1.1" 200 OK
worker-d1-urllc-2-1  | INFO:httpx:HTTP Request: POST http://broker-d1:8080/result "HTTP/1.1 200 OK"
worker-d1-urllc-2-1  | INFO:     172.21.0.2:35748 - "POST /execute HTTP/1.1" 200 OK
broker-d1-1          | 2026-03-21 01:36:47,816 INFO httpx: HTTP Request: POST http://172.21.0.3:8081/execute "HTTP/1.1 200 OK"
broker-d1-1          | 2026-03-21 01:36:47,817 INFO __main__: Pipeline '28185fae-2931-46ba-9421-4c0af8376bc8' (type=cqi_prediction) dispatched with placement {'predict': 'd1-urllc-2', 'feature_extract': 'd1-urllc-2', 'collect': 'd1-urllc-2'}.
broker-d1-1          | INFO:     172.19.0.4:52722 - "POST /publish HTTP/1.1" 200 OK
workload-1           | INFO:httpx:HTTP Request: POST http://broker-d1:8080/publish "HTTP/1.1 200 OK"
broker-d1-1          | 2026-03-21 01:36:47,869 WARNING __main__: Pipeline '0a70fce5-0f3e-4760-9340-9bc4f1f3f1ff' has 1 governance violation(s): ["Capacity: node 'd1-urllc-2' overloaded (demand=1.200, residual=1.000)."]
broker-d1-1          | INFO:     172.20.0.3:49924 - "POST /result HTTP/1.1" 200 OK
broker-d1-1          | 2026-03-21 01:36:48,008 INFO __main__: Pipeline 'e745e31f-3955-4828-b42e-326bab079184' completed successfully.
worker-d1-embb-1-1   | INFO:httpx:HTTP Request: POST http://broker-d1:8080/result "HTTP/1.1 200 OK"
worker-d1-embb-1-1   | INFO:     172.20.0.2:53592 - "POST /execute HTTP/1.1" 200 OK
broker-d1-1          | 2026-03-21 01:36:48,014 INFO httpx: HTTP Request: POST http://172.20.0.3:8081/execute "HTTP/1.1 200 OK"
broker-d1-1          | INFO:     172.20.0.3:49984 - "POST /result HTTP/1.1" 200 OK
worker-d1-embb-1-1   | INFO:httpx:HTTP Request: POST http://broker-d1:8080/result "HTTP/1.1 200 OK"
worker-d1-embb-1-1   | INFO:     172.20.0.2:56792 - "POST /execute HTTP/1.1" 200 OK
broker-d1-1          | 2026-03-21 01:36:48,020 INFO httpx: HTTP Request: POST http://172.20.0.3:8081/execute "HTTP/1.1 200 OK"
broker-d1-1          | INFO:     172.20.0.3:50134 - "POST /result HTTP/1.1" 200 OK
worker-d1-embb-1-1   | INFO:httpx:HTTP Request: POST http://broker-d1:8080/result "HTTP/1.1 200 OK"
worker-d1-embb-1-1   | INFO:     172.20.0.2:56762 - "POST /execute HTTP/1.1" 200 OK
broker-d1-1          | INFO:     172.19.0.4:52730 - "POST /publish HTTP/1.1" 200 OK
broker-d1-1          | 2026-03-21 01:36:48,026 INFO httpx: HTTP Request: POST http://172.20.0.3:8081/execute "HTTP/1.1 200 OK"
broker-d1-1          | 2026-03-21 01:36:48,027 INFO __main__: Pipeline 'e745e31f-3955-4828-b42e-326bab079184' (type=anomaly_detection) dispatched with placement {'detect': 'd1-embb-1', 'feature_extract': 'd1-embb-1', 'collect': 'd1-embb-1'}.
workload-1           | INFO:httpx:HTTP Request: POST http://broker-d1:8080/publish "HTTP/1.1 200 OK"
broker-d1-1          | 2026-03-21 01:36:48,109 WARNING __main__: Pipeline '2ddb86cd-eb80-4cd0-ad51-0e3c969290c5' has 1 governance violation(s): ["Capacity: node 'd1-urllc-2' overloaded (demand=1.200, residual=1.000)."]
broker-d1-1          | 2026-03-21 01:36:48,213 WARNING __main__: Pipeline '172fc150-f8cd-41fc-8a7d-4d728fccea05' has 1 governance violation(s): ["Capacity: node 'd1-urllc-2' overloaded (demand=1.200, residual=1.000)."]
broker-d1-1          | 2026-03-21 01:36:48,236 WARNING __main__: Pipeline '4e4a4cd2-4844-4bab-bbac-d24684d8e6b0' has 1 governance violation(s): ["Capacity: node 'd1-urllc-2' overloaded (demand=1.200, residual=1.000)."]
broker-d1-1          | 2026-03-21 01:36:48,354 WARNING __main__: Pipeline '36e402be-4b39-4c60-92fa-aba3edb79812' has 1 governance violation(s): ["Capacity: node 'd1-urllc-2' overloaded (demand=1.200, residual=1.000)."]
broker-d1-1          | 2026-03-21 01:36:48,360 INFO __main__: Pipeline '07150a69-dbb6-455e-a271-3cd4cb9c056b' completed successfully.
broker-d1-1          | INFO:     172.20.0.3:49998 - "POST /result HTTP/1.1" 200 OK
worker-d1-embb-1-1   | INFO:     172.20.0.2:53660 - "POST /execute HTTP/1.1" 200 OK
worker-d1-embb-1-1   | INFO:httpx:HTTP Request: POST http://broker-d1:8080/result "HTTP/1.1 200 OK"
broker-d1-1          | 2026-03-21 01:36:48,365 INFO httpx: HTTP Request: POST http://172.20.0.3:8081/execute "HTTP/1.1 200 OK"
broker-d1-1          | INFO:     172.21.0.3:32798 - "POST /result HTTP/1.1" 200 OK
broker-d1-1          | 2026-03-21 01:36:48,368 INFO __main__: Pipeline '40f41c39-c485-41ed-9fb2-fa0b6e9b69b3' completed successfully.
broker-d1-1          | INFO:     172.20.0.3:50124 - "POST /result HTTP/1.1" 200 OK
worker-d1-urllc-2-1  | INFO:     172.21.0.2:44958 - "POST /execute HTTP/1.1" 200 OK
worker-d1-embb-1-1   | INFO:     172.20.0.2:53606 - "POST /execute HTTP/1.1" 200 OK
broker-d1-1          | INFO:     172.21.0.3:33338 - "POST /result HTTP/1.1" 200 OK
broker-d1-1          | INFO:     172.20.0.3:49996 - "POST /result HTTP/1.1" 200 OK
worker-d1-urllc-2-1  | INFO:httpx:HTTP Request: POST http://broker-d1:8080/result "HTTP/1.1 200 OK"
worker-d1-embb-1-1   | INFO:httpx:HTTP Request: POST http://broker-d1:8080/result "HTTP/1.1 200 OK"
broker-d1-1          | 2026-03-21 01:36:48,371 INFO httpx: HTTP Request: POST http://172.21.0.3:8081/execute "HTTP/1.1 200 OK"
broker-d1-1          | 2026-03-21 01:36:48,373 INFO httpx: HTTP Request: POST http://172.20.0.3:8081/execute "HTTP/1.1 200 OK"
worker-d1-urllc-2-1  | INFO:     172.21.0.2:44922 - "POST /execute HTTP/1.1" 200 OK
worker-d1-embb-1-1   | INFO:     172.20.0.2:53552 - "POST /execute HTTP/1.1" 200 OK
broker-d1-1          | INFO:     172.21.0.3:33318 - "POST /result HTTP/1.1" 200 OK
broker-d1-1          | INFO:     172.19.0.4:52744 - "POST /publish HTTP/1.1" 200 OK
worker-d1-urllc-2-1  | INFO:     172.21.0.2:44906 - "POST /execute HTTP/1.1" 200 OK
broker-d1-1          | INFO:     172.19.0.4:52720 - "POST /publish HTTP/1.1" 200 OK
worker-d1-embb-1-1   | INFO:httpx:HTTP Request: POST http://broker-d1:8080/result "HTTP/1.1 200 OK"
worker-d1-urllc-2-1  | INFO:httpx:HTTP Request: POST http://broker-d1:8080/result "HTTP/1.1 200 OK"
broker-d1-1          | 2026-03-21 01:36:48,376 INFO httpx: HTTP Request: POST http://172.21.0.3:8081/execute "HTTP/1.1 200 OK"
worker-d1-urllc-2-1  | INFO:httpx:HTTP Request: POST http://broker-d1:8080/result "HTTP/1.1 200 OK"
broker-d1-1          | 2026-03-21 01:36:48,378 INFO httpx: HTTP Request: POST http://172.20.0.3:8081/execute "HTTP/1.1 200 OK"
broker-d1-1          | 2026-03-21 01:36:48,379 INFO __main__: Pipeline '07150a69-dbb6-455e-a271-3cd4cb9c056b' (type=anomaly_detection) dispatched with placement {'detect': 'd1-embb-1', 'feature_extract': 'd1-embb-1', 'collect': 'd1-embb-1'}.
workload-1           | INFO:httpx:HTTP Request: POST http://broker-d1:8080/publish "HTTP/1.1 200 OK"
broker-d1-1          | 2026-03-21 01:36:48,381 INFO httpx: HTTP Request: POST http://172.21.0.3:8081/execute "HTTP/1.1 200 OK"
broker-d1-1          | 2026-03-21 01:36:48,381 INFO __main__: Pipeline '40f41c39-c485-41ed-9fb2-fa0b6e9b69b3' (type=cqi_prediction) dispatched with placement {'predict': 'd1-urllc-2', 'feature_extract': 'd1-urllc-2', 'collect': 'd1-urllc-2'}.
workload-1           | INFO:httpx:HTTP Request: POST http://broker-d1:8080/publish "HTTP/1.1 200 OK"
broker-d1-1          | INFO:     172.21.0.3:32798 - "POST /result HTTP/1.1" 200 OK
broker-d1-1          | 2026-03-21 01:36:48,470 INFO __main__: Pipeline 'e8f090fd-0e52-4fdb-8fd7-000d0aeba296' completed successfully.
worker-d1-urllc-2-1  | INFO:httpx:HTTP Request: POST http://broker-d1:8080/result "HTTP/1.1 200 OK"
worker-d1-urllc-2-1  | INFO:     172.21.0.2:44960 - "POST /execute HTTP/1.1" 200 OK
broker-d1-1          | 2026-03-21 01:36:48,474 INFO httpx: HTTP Request: POST http://172.21.0.3:8081/execute "HTTP/1.1 200 OK"
broker-d1-1          | INFO:     172.21.0.3:33350 - "POST /result HTTP/1.1" 200 OK
worker-d1-urllc-2-1  | INFO:httpx:HTTP Request: POST http://broker-d1:8080/result "HTTP/1.1 200 OK"
worker-d1-urllc-2-1  | INFO:     172.21.0.2:44950 - "POST /execute HTTP/1.1" 200 OK
broker-d1-1          | 2026-03-21 01:36:48,479 INFO httpx: HTTP Request: POST http://172.21.0.3:8081/execute "HTTP/1.1 200 OK"
broker-d1-1          | INFO:     172.21.0.3:33334 - "POST /result HTTP/1.1" 200 OK
worker-d1-urllc-2-1  | INFO:httpx:HTTP Request: POST http://broker-d1:8080/result "HTTP/1.1 200 OK"
worker-d1-urllc-2-1  | INFO:     172.21.0.2:44940 - "POST /execute HTTP/1.1" 200 OK
broker-d1-1          | 2026-03-21 01:36:48,482 INFO httpx: HTTP Request: POST http://172.21.0.3:8081/execute "HTTP/1.1 200 OK"
broker-d1-1          | INFO:     172.19.0.4:52764 - "POST /publish HTTP/1.1" 200 OK
broker-d1-1          | 2026-03-21 01:36:48,483 INFO __main__: Pipeline 'e8f090fd-0e52-4fdb-8fd7-000d0aeba296' (type=cqi_prediction) dispatched with placement {'predict': 'd1-urllc-2', 'feature_extract': 'd1-urllc-2', 'collect': 'd1-urllc-2'}.
workload-1           | INFO:httpx:HTTP Request: POST http://broker-d1:8080/publish "HTTP/1.1 200 OK"
broker-d1-1          | INFO:     172.20.0.3:49998 - "POST /result HTTP/1.1" 200 OK
broker-d1-1          | 2026-03-21 01:36:48,596 INFO __main__: Pipeline 'c4884c36-6477-4145-bc1b-2184ee303064' completed successfully.
worker-d1-embb-1-1   | INFO:httpx:HTTP Request: POST http://broker-d1:8080/result "HTTP/1.1 200 OK"
worker-d1-embb-1-1   | INFO:     172.20.0.2:53676 - "POST /execute HTTP/1.1" 200 OK
broker-d1-1          | 2026-03-21 01:36:48,602 INFO httpx: HTTP Request: POST http://172.20.0.3:8081/execute "HTTP/1.1 200 OK"
broker-d1-1          | INFO:     172.20.0.3:49942 - "POST /result HTTP/1.1" 200 OK
worker-d1-embb-1-1   | INFO:httpx:HTTP Request: POST http://broker-d1:8080/result "HTTP/1.1 200 OK"
worker-d1-embb-1-1   | INFO:     172.20.0.2:53634 - "POST /execute HTTP/1.1" 200 OK
broker-d1-1          | 2026-03-21 01:36:48,608 INFO httpx: HTTP Request: POST http://172.20.0.3:8081/execute "HTTP/1.1 200 OK"
broker-d1-1          | INFO:     172.20.0.3:50150 - "POST /result HTTP/1.1" 200 OK
worker-d1-embb-1-1   | INFO:httpx:HTTP Request: POST http://broker-d1:8080/result "HTTP/1.1 200 OK"
worker-d1-embb-1-1   | INFO:     172.20.0.2:53570 - "POST /execute HTTP/1.1" 200 OK
broker-d1-1          | 2026-03-21 01:36:48,613 INFO httpx: HTTP Request: POST http://172.20.0.3:8081/execute "HTTP/1.1 200 OK"
broker-d1-1          | INFO:     172.20.0.3:50092 - "POST /result HTTP/1.1" 200 OK
broker-d1-1          | 2026-03-21 01:36:48,777 WARNING __main__: Received result for unknown pipeline 'c4884c36-6477-4145-bc1b-2184ee303064'.
worker-d1-embb-1-1   | INFO:httpx:HTTP Request: POST http://broker-d1:8080/result "HTTP/1.1 200 OK"
broker-d1-1          | 2026-03-21 01:36:48,779 WARNING __main__: Received result for unknown pipeline 'c4884c36-6477-4145-bc1b-2184ee303064'.
broker-d1-1          | INFO:     172.20.0.3:50124 - "POST /result HTTP/1.1" 200 OK
broker-d1-1          | INFO:     172.20.0.3:50134 - "POST /result HTTP/1.1" 200 OK
worker-d1-embb-1-1   | INFO:     172.20.0.2:53678 - "POST /execute HTTP/1.1" 200 OK
broker-d1-1          | 2026-03-21 01:36:48,783 WARNING __main__: Received result for unknown pipeline 'c4884c36-6477-4145-bc1b-2184ee303064'.
worker-d1-embb-1-1   | INFO:     172.20.0.2:53690 - "POST /execute HTTP/1.1" 200 OK
broker-d1-1          | INFO:     172.20.0.3:49924 - "POST /result HTTP/1.1" 200 OK
worker-d1-embb-1-1   | INFO:     172.20.0.2:53686 - "POST /execute HTTP/1.1" 200 OK
worker-d1-embb-1-1   | INFO:     172.20.0.2:53638 - "POST /execute HTTP/1.1" 200 OK
worker-d1-embb-1-1   | INFO:httpx:HTTP Request: POST http://broker-d1:8080/result "HTTP/1.1 200 OK"
broker-d1-1          | 2026-03-21 01:36:48,784 INFO httpx: HTTP Request: POST http://172.20.0.3:8081/execute "HTTP/1.1 200 OK"
broker-d1-1          | 2026-03-21 01:36:48,786 INFO httpx: HTTP Request: POST http://172.20.0.3:8081/execute "HTTP/1.1 200 OK"
worker-d1-embb-1-1   | INFO:httpx:HTTP Request: POST http://broker-d1:8080/result "HTTP/1.1 200 OK"
worker-d1-embb-1-1   | INFO:httpx:HTTP Request: POST http://broker-d1:8080/result "HTTP/1.1 200 OK"
broker-d1-1          | INFO:     172.20.0.3:49984 - "POST /result HTTP/1.1" 200 OK
worker-d1-embb-1-1   | INFO:     172.20.0.2:53656 - "POST /execute HTTP/1.1" 200 OK
broker-d1-1          | INFO:     172.20.0.3:49978 - "POST /result HTTP/1.1" 200 OK
broker-d1-1          | 2026-03-21 01:36:48,788 INFO httpx: HTTP Request: POST http://172.20.0.3:8081/execute "HTTP/1.1 200 OK"
worker-d1-embb-1-1   | INFO:httpx:HTTP Request: POST http://broker-d1:8080/result "HTTP/1.1 200 OK"
broker-d1-1          | 2026-03-21 01:36:48,790 INFO httpx: HTTP Request: POST http://172.20.0.3:8081/execute "HTTP/1.1 200 OK"
worker-d1-embb-1-1   | INFO:httpx:HTTP Request: POST http://broker-d1:8080/result "HTTP/1.1 200 OK"
broker-d1-1          | 2026-03-21 01:36:48,793 INFO httpx: HTTP Request: POST http://172.20.0.3:8081/execute "HTTP/1.1 200 OK"
broker-d1-1          | INFO:     172.20.0.3:50158 - "POST /result HTTP/1.1" 200 OK
worker-d1-embb-1-1   | INFO:     172.20.0.2:53644 - "POST /execute HTTP/1.1" 200 OK
broker-d1-1          | INFO:     172.20.0.3:49918 - "POST /result HTTP/1.1" 200 OK
worker-d1-embb-1-1   | INFO:     172.20.0.2:53610 - "POST /execute HTTP/1.1" 200 OK
worker-d1-embb-1-1   | INFO:     172.20.0.2:53624 - "POST /execute HTTP/1.1" 200 OK
broker-d1-1          | INFO:     172.20.0.3:50174 - "POST /result HTTP/1.1" 200 OK
worker-d1-embb-1-1   | INFO:httpx:HTTP Request: POST http://broker-d1:8080/result "HTTP/1.1 200 OK"
broker-d1-1          | 2026-03-21 01:36:48,794 INFO httpx: HTTP Request: POST http://172.20.0.3:8081/execute "HTTP/1.1 200 OK"
worker-d1-embb-1-1   | INFO:httpx:HTTP Request: POST http://broker-d1:8080/result "HTTP/1.1 200 OK"
broker-d1-1          | 2026-03-21 01:36:48,795 INFO httpx: HTTP Request: POST http://172.20.0.3:8081/execute "HTTP/1.1 200 OK"
worker-d1-embb-1-1   | INFO:     172.20.0.2:53614 - "POST /execute HTTP/1.1" 200 OK
broker-d1-1          | INFO:     172.20.0.3:50138 - "POST /result HTTP/1.1" 200 OK
worker-d1-embb-1-1   | INFO:     172.20.0.2:53582 - "POST /execute HTTP/1.1" 200 OK
broker-d1-1          | INFO:     172.20.0.3:50136 - "POST /result HTTP/1.1" 200 OK
worker-d1-embb-1-1   | INFO:httpx:HTTP Request: POST http://broker-d1:8080/result "HTTP/1.1 200 OK"
broker-d1-1          | 2026-03-21 01:36:48,796 INFO httpx: HTTP Request: POST http://172.20.0.3:8081/execute "HTTP/1.1 200 OK"
worker-d1-embb-1-1   | INFO:httpx:HTTP Request: POST http://broker-d1:8080/result "HTTP/1.1 200 OK"
broker-d1-1          | 2026-03-21 01:36:48,798 INFO httpx: HTTP Request: POST http://172.20.0.3:8081/execute "HTTP/1.1 200 OK"
worker-d1-embb-1-1   | INFO:httpx:HTTP Request: POST http://broker-d1:8080/result "HTTP/1.1 200 OK"
worker-d1-embb-1-1   | INFO:     172.20.0.2:53556 - "POST /execute HTTP/1.1" 200 OK
broker-d1-1          | INFO:     172.19.0.4:52750 - "POST /publish HTTP/1.1" 200 OK
broker-d1-1          | 2026-03-21 01:36:48,799 INFO httpx: HTTP Request: POST http://172.20.0.3:8081/execute "HTTP/1.1 200 OK"
broker-d1-1          | 2026-03-21 01:36:48,800 INFO httpx: HTTP Request: POST http://172.20.0.3:8081/execute "HTTP/1.1 200 OK"
broker-d1-1          | 2026-03-21 01:36:48,800 INFO __main__: Pipeline 'c4884c36-6477-4145-bc1b-2184ee303064' (type=sensor_fusion) dispatched with placement {'decide': 'd1-embb-1', 'fuse': 'd1-embb-1', 'sensor_0': 'd1-embb-1', 'sensor_1': 'd1-embb-1', 'sensor_2': 'd1-embb-1'}.
workload-1           | INFO:httpx:HTTP Request: POST http://broker-d1:8080/publish "HTTP/1.1 200 OK"
broker-d1-1          | INFO:     172.21.0.3:32828 - "POST /result HTTP/1.1" 200 OK
broker-d1-1          | 2026-03-21 01:36:49,093 INFO __main__: Pipeline '0a70fce5-0f3e-4760-9340-9bc4f1f3f1ff' completed successfully.
worker-d1-urllc-2-1  | INFO:httpx:HTTP Request: POST http://broker-d1:8080/result "HTTP/1.1 200 OK"
worker-d1-urllc-2-1  | INFO:     172.21.0.2:45048 - "POST /execute HTTP/1.1" 200 OK
broker-d1-1          | 2026-03-21 01:36:49,098 INFO httpx: HTTP Request: POST http://172.21.0.3:8081/execute "HTTP/1.1 200 OK"
broker-d1-1          | INFO:     172.21.0.3:33318 - "POST /result HTTP/1.1" 200 OK
worker-d1-urllc-2-1  | INFO:httpx:HTTP Request: POST http://broker-d1:8080/result "HTTP/1.1 200 OK"
worker-d1-urllc-2-1  | INFO:     172.21.0.2:44976 - "POST /execute HTTP/1.1" 200 OK
broker-d1-1          | 2026-03-21 01:36:49,103 INFO httpx: HTTP Request: POST http://172.21.0.3:8081/execute "HTTP/1.1 200 OK"
broker-d1-1          | INFO:     172.21.0.3:33292 - "POST /result HTTP/1.1" 200 OK
worker-d1-urllc-2-1  | INFO:httpx:HTTP Request: POST http://broker-d1:8080/result "HTTP/1.1 200 OK"
worker-d1-urllc-2-1  | INFO:     172.21.0.2:44962 - "POST /execute HTTP/1.1" 200 OK
broker-d1-1          | 2026-03-21 01:36:49,107 INFO httpx: HTTP Request: POST http://172.21.0.3:8081/execute "HTTP/1.1 200 OK"
broker-d1-1          | 2026-03-21 01:36:49,108 INFO __main__: Pipeline '0a70fce5-0f3e-4760-9340-9bc4f1f3f1ff' (type=cqi_prediction) dispatched with placement {'predict': 'd1-urllc-2', 'feature_extract': 'd1-urllc-2', 'collect': 'd1-urllc-2'}.
broker-d1-1          | INFO:     172.19.0.4:52708 - "POST /publish HTTP/1.1" 200 OK
workload-1           | INFO:httpx:HTTP Request: POST http://broker-d1:8080/publish "HTTP/1.1 200 OK"
broker-d1-1          | 2026-03-21 01:36:49,134 WARNING __main__: Pipeline 'f7ffcf6b-80f3-45da-aedd-a6c4e9310ebf' has 1 governance violation(s): ["Capacity: node 'd1-urllc-2' overloaded (demand=1.200, residual=1.000)."]
broker-d1-1          | 2026-03-21 01:36:49,234 WARNING __main__: Pipeline '8491a98f-7cf9-40d7-8709-c821b8bfee29' has 1 governance violation(s): ["Capacity: node 'd1-urllc-2' overloaded (demand=1.200, residual=1.000)."]
