broker-d1-1          | 2026-03-21 01:36:28,915 INFO httpx: HTTP Request: POST http://172.21.0.3:8081/execute "HTTP/1.1 200 OK"
broker-d1-1          | 2026-03-21 01:36:28,916 INFO __main__: Pipeline '1402aec7-666b-4081-b3ff-eba3c9f0abb4' (type=cqi_prediction) dispatched with placement {'predict': 'd1-urllc-2', 'feature_extract': 'd1-urllc-2', 'collect': 'd1-urllc-2'}.
workload-1           | INFO:httpx:HTTP Request: POST http://broker-d1:8080/publish "HTTP/1.1 200 OK"
broker-d1-1          | INFO:     172.20.0.3:38954 - "POST /result HTTP/1.1" 200 OK
broker-d1-1          | 2026-03-21 01:36:29,115 INFO __main__: Pipeline '59a3273b-727a-496a-91de-7efe6cb696c5' completed successfully.
worker-d1-embb-1-1   | INFO:httpx:HTTP Request: POST http://broker-d1:8080/result "HTTP/1.1 200 OK"
worker-d1-embb-1-1   | INFO:     172.20.0.2:36306 - "POST /execute HTTP/1.1" 200 OK
broker-d1-1          | 2026-03-21 01:36:29,120 INFO httpx: HTTP Request: POST http://172.20.0.3:8081/execute "HTTP/1.1 200 OK"
broker-d1-1          | INFO:     172.20.0.3:39292 - "POST /result HTTP/1.1" 200 OK
worker-d1-embb-1-1   | INFO:httpx:HTTP Request: POST http://broker-d1:8080/result "HTTP/1.1 200 OK"
worker-d1-embb-1-1   | INFO:     172.20.0.2:36246 - "POST /execute HTTP/1.1" 200 OK
broker-d1-1          | 2026-03-21 01:36:29,127 INFO httpx: HTTP Request: POST http://172.20.0.3:8081/execute "HTTP/1.1 200 OK"
broker-d1-1          | INFO:     172.20.0.3:38734 - "POST /result HTTP/1.1" 200 OK
worker-d1-embb-1-1   | INFO:httpx:HTTP Request: POST http://broker-d1:8080/result "HTTP/1.1 200 OK"
worker-d1-embb-1-1   | INFO:     172.20.0.2:60464 - "POST /execute HTTP/1.1" 200 OK
broker-d1-1          | 2026-03-21 01:36:29,131 INFO httpx: HTTP Request: POST http://172.20.0.3:8081/execute "HTTP/1.1 200 OK"
broker-d1-1          | 2026-03-21 01:36:29,132 INFO __main__: Pipeline '59a3273b-727a-496a-91de-7efe6cb696c5' (type=anomaly_detection) dispatched with placement {'detect': 'd1-embb-1', 'feature_extract': 'd1-embb-1', 'collect': 'd1-embb-1'}.
broker-d1-1          | INFO:     172.19.0.4:52708 - "POST /publish HTTP/1.1" 200 OK
workload-1           | INFO:httpx:HTTP Request: POST http://broker-d1:8080/publish "HTTP/1.1 200 OK"
broker-d1-1          | 2026-03-21 01:36:29,366 WARNING __main__: Pipeline '97b57efa-6faa-4616-82bf-c2bfc0c818aa' has 1 governance violation(s): ["Capacity: node 'd1-urllc-2' overloaded (demand=1.200, residual=1.000)."]
broker-d1-1          | 2026-03-21 01:36:29,378 WARNING __main__: Pipeline 'ada37b2f-cdef-4861-b773-8f8d937c16d8' has 1 governance violation(s): ["Capacity: node 'd1-urllc-2' overloaded (demand=1.200, residual=1.000)."]
broker-d1-1          | 2026-03-21 01:36:29,429 INFO __main__: Pipeline 'a8d8d891-85e8-49bc-b0e1-07a07ee47af5' completed successfully.
broker-d1-1          | INFO:     172.20.0.3:39292 - "POST /result HTTP/1.1" 200 OK
worker-d1-embb-1-1   | INFO:     172.20.0.2:36314 - "POST /execute HTTP/1.1" 200 OK
worker-d1-embb-1-1   | INFO:httpx:HTTP Request: POST http://broker-d1:8080/result "HTTP/1.1 200 OK"
broker-d1-1          | INFO:     172.20.0.3:39302 - "POST /result HTTP/1.1" 200 OK
worker-d1-embb-1-1   | INFO:     172.20.0.2:36296 - "POST /execute HTTP/1.1" 200 OK
broker-d1-1          | INFO:     172.20.0.3:39006 - "POST /result HTTP/1.1" 200 OK
broker-d1-1          | 2026-03-21 01:36:29,434 INFO httpx: HTTP Request: POST http://172.20.0.3:8081/execute "HTTP/1.1 200 OK"
worker-d1-embb-1-1   | INFO:httpx:HTTP Request: POST http://broker-d1:8080/result "HTTP/1.1 200 OK"
broker-d1-1          | 2026-03-21 01:36:29,441 INFO httpx: HTTP Request: POST http://172.20.0.3:8081/execute "HTTP/1.1 200 OK"
worker-d1-embb-1-1   | INFO:     172.20.0.2:36288 - "POST /execute HTTP/1.1" 200 OK
broker-d1-1          | INFO:     172.19.0.4:52722 - "POST /publish HTTP/1.1" 200 OK
worker-d1-embb-1-1   | INFO:httpx:HTTP Request: POST http://broker-d1:8080/result "HTTP/1.1 200 OK"
broker-d1-1          | 2026-03-21 01:36:29,447 INFO httpx: HTTP Request: POST http://172.20.0.3:8081/execute "HTTP/1.1 200 OK"
broker-d1-1          | 2026-03-21 01:36:29,448 INFO __main__: Pipeline 'a8d8d891-85e8-49bc-b0e1-07a07ee47af5' (type=anomaly_detection) dispatched with placement {'detect': 'd1-embb-1', 'feature_extract': 'd1-embb-1', 'collect': 'd1-embb-1'}.
workload-1           | INFO:httpx:HTTP Request: POST http://broker-d1:8080/publish "HTTP/1.1 200 OK"
broker-d1-1          | INFO:     172.20.0.3:39006 - "POST /result HTTP/1.1" 200 OK
broker-d1-1          | 2026-03-21 01:36:29,845 INFO __main__: Pipeline '48e8b6be-5bd6-4d8e-96c4-3fdf475cb645' completed successfully.
worker-d1-embb-1-1   | INFO:httpx:HTTP Request: POST http://broker-d1:8080/result "HTTP/1.1 200 OK"
worker-d1-embb-1-1   | INFO:     172.20.0.2:60416 - "POST /execute HTTP/1.1" 200 OK
broker-d1-1          | 2026-03-21 01:36:29,851 INFO httpx: HTTP Request: POST http://172.20.0.3:8081/execute "HTTP/1.1 200 OK"
broker-d1-1          | INFO:     172.20.0.3:38862 - "POST /result HTTP/1.1" 200 OK
worker-d1-embb-1-1   | INFO:httpx:HTTP Request: POST http://broker-d1:8080/result "HTTP/1.1 200 OK"
worker-d1-embb-1-1   | INFO:     172.20.0.2:36330 - "POST /execute HTTP/1.1" 200 OK
broker-d1-1          | 2026-03-21 01:36:29,856 INFO httpx: HTTP Request: POST http://172.20.0.3:8081/execute "HTTP/1.1 200 OK"
broker-d1-1          | INFO:     172.20.0.3:39318 - "POST /result HTTP/1.1" 200 OK
worker-d1-embb-1-1   | INFO:httpx:HTTP Request: POST http://broker-d1:8080/result "HTTP/1.1 200 OK"
worker-d1-embb-1-1   | INFO:     172.20.0.2:36312 - "POST /execute HTTP/1.1" 200 OK
broker-d1-1          | 2026-03-21 01:36:29,861 INFO httpx: HTTP Request: POST http://172.20.0.3:8081/execute "HTTP/1.1 200 OK"
broker-d1-1          | INFO:     172.19.0.4:52730 - "POST /publish HTTP/1.1" 200 OK
broker-d1-1          | 2026-03-21 01:36:29,862 INFO __main__: Pipeline '48e8b6be-5bd6-4d8e-96c4-3fdf475cb645' (type=anomaly_detection) dispatched with placement {'detect': 'd1-embb-1', 'feature_extract': 'd1-embb-1', 'collect': 'd1-embb-1'}.
workload-1           | INFO:httpx:HTTP Request: POST http://broker-d1:8080/publish "HTTP/1.1 200 OK"
broker-d1-1          | 2026-03-21 01:36:30,048 INFO __main__: Pipeline 'd4de166a-1ad5-48c9-b0a5-b5e031efdffd' completed successfully.
broker-d1-1          | INFO:     172.21.0.3:33358 - "POST /result HTTP/1.1" 200 OK
worker-d1-urllc-2-1  | INFO:     172.21.0.2:60524 - "POST /execute HTTP/1.1" 200 OK
broker-d1-1          | INFO:     172.21.0.3:33304 - "POST /result HTTP/1.1" 200 OK
worker-d1-urllc-2-1  | INFO:     172.21.0.2:60522 - "POST /execute HTTP/1.1" 200 OK
worker-d1-urllc-2-1  | INFO:httpx:HTTP Request: POST http://broker-d1:8080/result "HTTP/1.1 200 OK"
broker-d1-1          | 2026-03-21 01:36:30,054 INFO httpx: HTTP Request: POST http://172.21.0.3:8081/execute "HTTP/1.1 200 OK"
worker-d1-urllc-2-1  | INFO:httpx:HTTP Request: POST http://broker-d1:8080/result "HTTP/1.1 200 OK"
broker-d1-1          | 2026-03-21 01:36:30,057 INFO __main__: Pipeline '808be29d-8c86-4a07-b0a3-fff3699a1b59' completed successfully.
broker-d1-1          | INFO:     172.20.0.3:39006 - "POST /result HTTP/1.1" 200 OK
broker-d1-1          | INFO:     172.21.0.3:33292 - "POST /result HTTP/1.1" 200 OK
worker-d1-urllc-2-1  | INFO:     172.21.0.2:60546 - "POST /execute HTTP/1.1" 200 OK
worker-d1-embb-1-1   | INFO:     172.20.0.2:36246 - "POST /execute HTTP/1.1" 200 OK
worker-d1-embb-1-1   | INFO:httpx:HTTP Request: POST http://broker-d1:8080/result "HTTP/1.1 200 OK"
broker-d1-1          | 2026-03-21 01:36:30,059 INFO httpx: HTTP Request: POST http://172.21.0.3:8081/execute "HTTP/1.1 200 OK"
worker-d1-urllc-2-1  | INFO:httpx:HTTP Request: POST http://broker-d1:8080/result "HTTP/1.1 200 OK"
broker-d1-1          | 2026-03-21 01:36:30,063 INFO httpx: HTTP Request: POST http://172.20.0.3:8081/execute "HTTP/1.1 200 OK"
broker-d1-1          | INFO:     172.19.0.4:52744 - "POST /publish HTTP/1.1" 200 OK
broker-d1-1          | INFO:     172.20.0.3:38734 - "POST /result HTTP/1.1" 200 OK
worker-d1-embb-1-1   | INFO:     172.20.0.2:36258 - "POST /execute HTTP/1.1" 200 OK
broker-d1-1          | INFO:     172.20.0.3:38748 - "POST /result HTTP/1.1" 200 OK
worker-d1-embb-1-1   | INFO:     172.20.0.2:60364 - "POST /execute HTTP/1.1" 200 OK
broker-d1-1          | INFO:     172.19.0.4:52750 - "POST /publish HTTP/1.1" 200 OK
broker-d1-1          | 2026-03-21 01:36:30,064 INFO httpx: HTTP Request: POST http://172.21.0.3:8081/execute "HTTP/1.1 200 OK"
broker-d1-1          | 2026-03-21 01:36:30,065 INFO __main__: Pipeline 'd4de166a-1ad5-48c9-b0a5-b5e031efdffd' (type=cqi_prediction) dispatched with placement {'predict': 'd1-urllc-2', 'feature_extract': 'd1-urllc-2', 'collect': 'd1-urllc-2'}.
workload-1           | INFO:httpx:HTTP Request: POST http://broker-d1:8080/publish "HTTP/1.1 200 OK"
worker-d1-embb-1-1   | INFO:httpx:HTTP Request: POST http://broker-d1:8080/result "HTTP/1.1 200 OK"
broker-d1-1          | 2026-03-21 01:36:30,068 INFO httpx: HTTP Request: POST http://172.20.0.3:8081/execute "HTTP/1.1 200 OK"
worker-d1-embb-1-1   | INFO:httpx:HTTP Request: POST http://broker-d1:8080/result "HTTP/1.1 200 OK"
broker-d1-1          | 2026-03-21 01:36:30,071 INFO httpx: HTTP Request: POST http://172.20.0.3:8081/execute "HTTP/1.1 200 OK"
broker-d1-1          | 2026-03-21 01:36:30,072 INFO __main__: Pipeline '808be29d-8c86-4a07-b0a3-fff3699a1b59' (type=anomaly_detection) dispatched with placement {'detect': 'd1-embb-1', 'feature_extract': 'd1-embb-1', 'collect': 'd1-embb-1'}.
workload-1           | INFO:httpx:HTTP Request: POST http://broker-d1:8080/publish "HTTP/1.1 200 OK"
broker-d1-1          | INFO:     172.20.0.3:38734 - "POST /result HTTP/1.1" 200 OK
broker-d1-1          | 2026-03-21 01:36:30,190 INFO __main__: Pipeline 'd6e7677c-2094-42a3-ae2e-8ba817776819' completed successfully.
worker-d1-embb-1-1   | INFO:httpx:HTTP Request: POST http://broker-d1:8080/result "HTTP/1.1 200 OK"
worker-d1-embb-1-1   | INFO:     172.20.0.2:60436 - "POST /execute HTTP/1.1" 200 OK
broker-d1-1          | 2026-03-21 01:36:30,195 INFO httpx: HTTP Request: POST http://172.20.0.3:8081/execute "HTTP/1.1 200 OK"
broker-d1-1          | INFO:     172.20.0.3:38954 - "POST /result HTTP/1.1" 200 OK
worker-d1-embb-1-1   | INFO:httpx:HTTP Request: POST http://broker-d1:8080/result "HTTP/1.1 200 OK"
worker-d1-embb-1-1   | INFO:     172.20.0.2:60428 - "POST /execute HTTP/1.1" 200 OK
broker-d1-1          | 2026-03-21 01:36:30,201 INFO httpx: HTTP Request: POST http://172.20.0.3:8081/execute "HTTP/1.1 200 OK"
broker-d1-1          | INFO:     172.20.0.3:38928 - "POST /result HTTP/1.1" 200 OK
worker-d1-embb-1-1   | INFO:     172.20.0.2:60410 - "POST /execute HTTP/1.1" 200 OK
broker-d1-1          | INFO:     172.19.0.4:52720 - "POST /publish HTTP/1.1" 200 OK
worker-d1-embb-1-1   | INFO:httpx:HTTP Request: POST http://broker-d1:8080/result "HTTP/1.1 200 OK"
broker-d1-1          | 2026-03-21 01:36:30,206 INFO httpx: HTTP Request: POST http://172.20.0.3:8081/execute "HTTP/1.1 200 OK"
broker-d1-1          | 2026-03-21 01:36:30,207 INFO __main__: Pipeline 'd6e7677c-2094-42a3-ae2e-8ba817776819' (type=anomaly_detection) dispatched with placement {'detect': 'd1-embb-1', 'feature_extract': 'd1-embb-1', 'collect': 'd1-embb-1'}.
workload-1           | INFO:httpx:HTTP Request: POST http://broker-d1:8080/publish "HTTP/1.1 200 OK"
broker-d1-1          | INFO:     172.21.0.3:33292 - "POST /result HTTP/1.1" 200 OK
broker-d1-1          | 2026-03-21 01:36:30,593 INFO __main__: Pipeline '97b57efa-6faa-4616-82bf-c2bfc0c818aa' completed successfully.
worker-d1-urllc-2-1  | INFO:httpx:HTTP Request: POST http://broker-d1:8080/result "HTTP/1.1 200 OK"
worker-d1-urllc-2-1  | INFO:     172.21.0.2:60594 - "POST /execute HTTP/1.1" 200 OK
broker-d1-1          | 2026-03-21 01:36:30,598 INFO httpx: HTTP Request: POST http://172.21.0.3:8081/execute "HTTP/1.1 200 OK"
broker-d1-1          | INFO:     172.21.0.3:33338 - "POST /result HTTP/1.1" 200 OK
worker-d1-urllc-2-1  | INFO:httpx:HTTP Request: POST http://broker-d1:8080/result "HTTP/1.1 200 OK"
worker-d1-urllc-2-1  | INFO:     172.21.0.2:60572 - "POST /execute HTTP/1.1" 200 OK
broker-d1-1          | 2026-03-21 01:36:30,603 INFO httpx: HTTP Request: POST http://172.21.0.3:8081/execute "HTTP/1.1 200 OK"
broker-d1-1          | INFO:     172.21.0.3:33318 - "POST /result HTTP/1.1" 200 OK
worker-d1-urllc-2-1  | INFO:httpx:HTTP Request: POST http://broker-d1:8080/result "HTTP/1.1 200 OK"
worker-d1-urllc-2-1  | INFO:     172.21.0.2:60530 - "POST /execute HTTP/1.1" 200 OK
broker-d1-1          | 2026-03-21 01:36:30,607 INFO httpx: HTTP Request: POST http://172.21.0.3:8081/execute "HTTP/1.1 200 OK"
broker-d1-1          | INFO:     172.21.0.3:33292 - "POST /result HTTP/1.1" 200 OK
broker-d1-1          | 2026-03-21 01:36:30,609 INFO __main__: Pipeline 'ada37b2f-cdef-4861-b773-8f8d937c16d8' completed successfully.
broker-d1-1          | INFO:     172.19.0.4:52708 - "POST /publish HTTP/1.1" 200 OK
worker-d1-urllc-2-1  | INFO:     172.21.0.2:60606 - "POST /execute HTTP/1.1" 200 OK
worker-d1-urllc-2-1  | INFO:httpx:HTTP Request: POST http://broker-d1:8080/result "HTTP/1.1 200 OK"
broker-d1-1          | 2026-03-21 01:36:30,610 WARNING __main__: Pipeline 'ea04c9d8-351b-4635-b20f-e60b1c4f0b2a' has 1 governance violation(s): ["Capacity: node 'd1-urllc-2' overloaded (demand=1.200, residual=1.000)."]
broker-d1-1          | 2026-03-21 01:36:30,610 INFO __main__: Pipeline '97b57efa-6faa-4616-82bf-c2bfc0c818aa' (type=cqi_prediction) dispatched with placement {'predict': 'd1-urllc-2', 'feature_extract': 'd1-urllc-2', 'collect': 'd1-urllc-2'}.
workload-1           | INFO:httpx:HTTP Request: POST http://broker-d1:8080/publish "HTTP/1.1 200 OK"
broker-d1-1          | 2026-03-21 01:36:30,612 INFO httpx: HTTP Request: POST http://172.21.0.3:8081/execute "HTTP/1.1 200 OK"
broker-d1-1          | INFO:     172.21.0.3:33350 - "POST /result HTTP/1.1" 200 OK
worker-d1-urllc-2-1  | INFO:     172.21.0.2:60586 - "POST /execute HTTP/1.1" 200 OK
broker-d1-1          | INFO:     172.21.0.3:33334 - "POST /result HTTP/1.1" 200 OK
worker-d1-urllc-2-1  | INFO:     172.21.0.2:60558 - "POST /execute HTTP/1.1" 200 OK
worker-d1-urllc-2-1  | INFO:httpx:HTTP Request: POST http://broker-d1:8080/result "HTTP/1.1 200 OK"
broker-d1-1          | 2026-03-21 01:36:30,615 INFO httpx: HTTP Request: POST http://172.21.0.3:8081/execute "HTTP/1.1 200 OK"
worker-d1-urllc-2-1  | INFO:httpx:HTTP Request: POST http://broker-d1:8080/result "HTTP/1.1 200 OK"
broker-d1-1          | 2026-03-21 01:36:30,617 INFO httpx: HTTP Request: POST http://172.21.0.3:8081/execute "HTTP/1.1 200 OK"
broker-d1-1          | INFO:     172.19.0.4:52764 - "POST /publish HTTP/1.1" 200 OK
broker-d1-1          | 2026-03-21 01:36:30,618 INFO __main__: Pipeline 'ada37b2f-cdef-4861-b773-8f8d937c16d8' (type=cqi_prediction) dispatched with placement {'predict': 'd1-urllc-2', 'feature_extract': 'd1-urllc-2', 'collect': 'd1-urllc-2'}.
workload-1           | INFO:httpx:HTTP Request: POST http://broker-d1:8080/publish "HTTP/1.1 200 OK"
broker-d1-1          | 2026-03-21 01:36:30,634 WARNING __main__: Pipeline 'e05ea3a3-9ac3-475c-822a-9da8e5cefa33' has 1 governance violation(s): ["Capacity: node 'd1-urllc-2' overloaded (demand=1.200, residual=1.000)."]
broker-d2-1          | INFO:     127.0.0.1:41206 - "GET /health HTTP/1.1" 200 OK
broker-d1-1          | INFO:     127.0.0.1:41218 - "GET /health HTTP/1.1" 200 OK
broker-d1-1          | INFO:     172.20.0.3:39302 - "POST /result HTTP/1.1" 200 OK
broker-d1-1          | 2026-03-21 01:36:31,114 INFO __main__: Pipeline '01142c00-730f-4b7b-ab4c-39cd10bfc4a4' completed successfully.
worker-d1-embb-1-1   | INFO:     172.20.0.2:36246 - "POST /execute HTTP/1.1" 200 OK
worker-d1-embb-1-1   | INFO:httpx:HTTP Request: POST http://broker-d1:8080/result "HTTP/1.1 200 OK"
broker-d1-1          | INFO:     172.20.0.3:38734 - "POST /result HTTP/1.1" 200 OK
broker-d1-1          | 2026-03-21 01:36:31,119 INFO httpx: HTTP Request: POST http://172.20.0.3:8081/execute "HTTP/1.1 200 OK"
worker-d1-embb-1-1   | INFO:     172.20.0.2:60416 - "POST /execute HTTP/1.1" 200 OK
broker-d1-1          | INFO:     172.20.0.3:38862 - "POST /result HTTP/1.1" 200 OK
worker-d1-embb-1-1   | INFO:     172.20.0.2:36314 - "POST /execute HTTP/1.1" 200 OK
broker-d1-1          | INFO:     172.19.0.4:52722 - "POST /publish HTTP/1.1" 200 OK
worker-d1-embb-1-1   | INFO:httpx:HTTP Request: POST http://broker-d1:8080/result "HTTP/1.1 200 OK"
broker-d1-1          | 2026-03-21 01:36:31,127 INFO httpx: HTTP Request: POST http://172.20.0.3:8081/execute "HTTP/1.1 200 OK"
worker-d1-embb-1-1   | INFO:httpx:HTTP Request: POST http://broker-d1:8080/result "HTTP/1.1 200 OK"
broker-d1-1          | 2026-03-21 01:36:31,130 INFO httpx: HTTP Request: POST http://172.20.0.3:8081/execute "HTTP/1.1 200 OK"
broker-d1-1          | 2026-03-21 01:36:31,131 INFO __main__: Pipeline '01142c00-730f-4b7b-ab4c-39cd10bfc4a4' (type=anomaly_detection) dispatched with placement {'detect': 'd1-embb-1', 'feature_extract': 'd1-embb-1', 'collect': 'd1-embb-1'}.
workload-1           | INFO:httpx:HTTP Request: POST http://broker-d1:8080/publish "HTTP/1.1 200 OK"
broker-d1-1          | 2026-03-21 01:36:31,357 WARNING __main__: Pipeline '79bb35ad-37ce-4129-895c-d29d7e21c346' has 1 governance violation(s): ["Capacity: node 'd1-urllc-2' overloaded (demand=1.200, residual=1.000)."]
broker-d1-1          | 2026-03-21 01:36:31,481 WARNING __main__: Pipeline 'fa85f722-2110-4f01-814c-c4a9945c2e1d' has 1 governance violation(s): ["Capacity: node 'd1-urllc-2' overloaded (demand=1.200, residual=1.000)."]
broker-d1-1          | INFO:     172.20.0.3:39382 - "POST /result HTTP/1.1" 200 OK
broker-d1-1          | 2026-03-21 01:36:31,538 INFO __main__: Pipeline '917a1022-5db3-4992-86dd-93422907d7a6' completed successfully.
worker-d1-embb-1-1   | INFO:httpx:HTTP Request: POST http://broker-d1:8080/result "HTTP/1.1 200 OK"
worker-d1-embb-1-1   | INFO:     172.20.0.2:60436 - "POST /execute HTTP/1.1" 200 OK
broker-d1-1          | 2026-03-21 01:36:31,543 INFO httpx: HTTP Request: POST http://172.20.0.3:8081/execute "HTTP/1.1 200 OK"
broker-d1-1          | INFO:     172.20.0.3:38954 - "POST /result HTTP/1.1" 200 OK
worker-d1-embb-1-1   | INFO:httpx:HTTP Request: POST http://broker-d1:8080/result "HTTP/1.1 200 OK"
worker-d1-embb-1-1   | INFO:     172.20.0.2:60364 - "POST /execute HTTP/1.1" 200 OK
broker-d1-1          | 2026-03-21 01:36:31,549 INFO httpx: HTTP Request: POST http://172.20.0.3:8081/execute "HTTP/1.1 200 OK"
broker-d1-1          | INFO:     172.20.0.3:38748 - "POST /result HTTP/1.1" 200 OK
worker-d1-embb-1-1   | INFO:httpx:HTTP Request: POST http://broker-d1:8080/result "HTTP/1.1 200 OK"
worker-d1-embb-1-1   | INFO:     172.20.0.2:36258 - "POST /execute HTTP/1.1" 200 OK
broker-d1-1          | 2026-03-21 01:36:31,554 INFO httpx: HTTP Request: POST http://172.20.0.3:8081/execute "HTTP/1.1 200 OK"
broker-d1-1          | 2026-03-21 01:36:31,555 INFO __main__: Pipeline '917a1022-5db3-4992-86dd-93422907d7a6' (type=anomaly_detection) dispatched with placement {'detect': 'd1-embb-1', 'feature_extract': 'd1-embb-1', 'collect': 'd1-embb-1'}.
broker-d1-1          | INFO:     172.19.0.4:52720 - "POST /publish HTTP/1.1" 200 OK
workload-1           | INFO:httpx:HTTP Request: POST http://broker-d1:8080/publish "HTTP/1.1 200 OK"
broker-d1-1          | INFO:     172.20.0.3:39450 - "POST /result HTTP/1.1" 200 OK
broker-d1-1          | 2026-03-21 01:36:31,806 INFO __main__: Pipeline 'b0a0379e-ba96-425d-981c-e29dc2cdbdf1' completed successfully.
worker-d1-embb-1-1   | INFO:httpx:HTTP Request: POST http://broker-d1:8080/result "HTTP/1.1 200 OK"
worker-d1-embb-1-1   | INFO:     172.20.0.2:60464 - "POST /execute HTTP/1.1" 200 OK
broker-d1-1          | 2026-03-21 01:36:31,812 INFO httpx: HTTP Request: POST http://172.20.0.3:8081/execute "HTTP/1.1 200 OK"
broker-d1-1          | INFO:     172.20.0.3:39006 - "POST /result HTTP/1.1" 200 OK
worker-d1-embb-1-1   | INFO:     172.20.0.2:60428 - "POST /execute HTTP/1.1" 200 OK
worker-d1-embb-1-1   | INFO:httpx:HTTP Request: POST http://broker-d1:8080/result "HTTP/1.1 200 OK"
broker-d1-1          | 2026-03-21 01:36:31,817 INFO httpx: HTTP Request: POST http://172.20.0.3:8081/execute "HTTP/1.1 200 OK"
broker-d1-1          | INFO:     172.20.0.3:38928 - "POST /result HTTP/1.1" 200 OK
worker-d1-embb-1-1   | INFO:httpx:HTTP Request: POST http://broker-d1:8080/result "HTTP/1.1 200 OK"
worker-d1-embb-1-1   | INFO:     172.20.0.2:60410 - "POST /execute HTTP/1.1" 200 OK
broker-d1-1          | INFO:     172.19.0.4:52730 - "POST /publish HTTP/1.1" 200 OK
broker-d1-1          | 2026-03-21 01:36:31,822 INFO httpx: HTTP Request: POST http://172.20.0.3:8081/execute "HTTP/1.1 200 OK"
broker-d1-1          | 2026-03-21 01:36:31,824 INFO __main__: Pipeline 'b0a0379e-ba96-425d-981c-e29dc2cdbdf1' (type=anomaly_detection) dispatched with placement {'detect': 'd1-embb-1', 'feature_extract': 'd1-embb-1', 'collect': 'd1-embb-1'}.
broker-d1-1          | INFO:     172.21.0.3:33358 - "POST /result HTTP/1.1" 200 OK
worker-d1-urllc-2-1  | INFO:     172.21.0.2:60572 - "POST /execute HTTP/1.1" 200 OK
workload-1           | INFO:httpx:HTTP Request: POST http://broker-d1:8080/publish "HTTP/1.1 200 OK"
broker-d1-1          | 2026-03-21 01:36:31,828 INFO __main__: Pipeline 'ea04c9d8-351b-4635-b20f-e60b1c4f0b2a' completed successfully.
worker-d1-urllc-2-1  | INFO:httpx:HTTP Request: POST http://broker-d1:8080/result "HTTP/1.1 200 OK"
broker-d1-1          | INFO:     172.21.0.3:33318 - "POST /result HTTP/1.1" 200 OK
broker-d1-1          | 2026-03-21 01:36:31,832 INFO httpx: HTTP Request: POST http://172.21.0.3:8081/execute "HTTP/1.1 200 OK"
worker-d1-urllc-2-1  | INFO:httpx:HTTP Request: POST http://broker-d1:8080/result "HTTP/1.1 200 OK"
worker-d1-urllc-2-1  | INFO:     172.21.0.2:60530 - "POST /execute HTTP/1.1" 200 OK
broker-d1-1          | INFO:     172.21.0.3:33292 - "POST /result HTTP/1.1" 200 OK
worker-d1-urllc-2-1  | INFO:     172.21.0.2:60522 - "POST /execute HTTP/1.1" 200 OK
broker-d1-1          | 2026-03-21 01:36:31,836 INFO httpx: HTTP Request: POST http://172.21.0.3:8081/execute "HTTP/1.1 200 OK"
worker-d1-urllc-2-1  | INFO:httpx:HTTP Request: POST http://broker-d1:8080/result "HTTP/1.1 200 OK"
broker-d1-1          | 2026-03-21 01:36:31,838 INFO httpx: HTTP Request: POST http://172.21.0.3:8081/execute "HTTP/1.1 200 OK"
broker-d1-1          | 2026-03-21 01:36:31,838 INFO __main__: Pipeline 'ea04c9d8-351b-4635-b20f-e60b1c4f0b2a' (type=cqi_prediction) dispatched with placement {'predict': 'd1-urllc-2', 'feature_extract': 'd1-urllc-2', 'collect': 'd1-urllc-2'}.
broker-d1-1          | INFO:     172.19.0.4:52744 - "POST /publish HTTP/1.1" 200 OK
broker-d1-1          | INFO:     172.21.0.3:33292 - "POST /result HTTP/1.1" 200 OK
worker-d1-urllc-2-1  | INFO:     172.21.0.2:60586 - "POST /execute HTTP/1.1" 200 OK
broker-d1-1          | INFO:     172.21.0.3:33334 - "POST /result HTTP/1.1" 200 OK
worker-d1-urllc-2-1  | INFO:     172.21.0.2:60546 - "POST /execute HTTP/1.1" 200 OK
broker-d1-1          | INFO:     172.21.0.3:33304 - "POST /result HTTP/1.1" 200 OK
worker-d1-urllc-2-1  | INFO:     172.21.0.2:60524 - "POST /execute HTTP/1.1" 200 OK
workload-1           | INFO:httpx:HTTP Request: POST http://broker-d1:8080/publish "HTTP/1.1 200 OK"
broker-d1-1          | 2026-03-21 01:36:31,850 INFO __main__: Pipeline 'e05ea3a3-9ac3-475c-822a-9da8e5cefa33' completed successfully.
worker-d1-urllc-2-1  | INFO:httpx:HTTP Request: POST http://broker-d1:8080/result "HTTP/1.1 200 OK"
broker-d1-1          | 2026-03-21 01:36:31,853 INFO httpx: HTTP Request: POST http://172.21.0.3:8081/execute "HTTP/1.1 200 OK"
worker-d1-urllc-2-1  | INFO:httpx:HTTP Request: POST http://broker-d1:8080/result "HTTP/1.1 200 OK"
broker-d1-1          | 2026-03-21 01:36:31,857 INFO httpx: HTTP Request: POST http://172.21.0.3:8081/execute "HTTP/1.1 200 OK"
worker-d1-urllc-2-1  | INFO:httpx:HTTP Request: POST http://broker-d1:8080/result "HTTP/1.1 200 OK"
broker-d1-1          | INFO:     172.19.0.4:52708 - "POST /publish HTTP/1.1" 200 OK
broker-d1-1          | 2026-03-21 01:36:31,860 INFO httpx: HTTP Request: POST http://172.21.0.3:8081/execute "HTTP/1.1 200 OK"
broker-d1-1          | 2026-03-21 01:36:31,860 INFO __main__: Pipeline 'e05ea3a3-9ac3-475c-822a-9da8e5cefa33' (type=cqi_prediction) dispatched with placement {'predict': 'd1-urllc-2', 'feature_extract': 'd1-urllc-2', 'collect': 'd1-urllc-2'}.
workload-1           | INFO:httpx:HTTP Request: POST http://broker-d1:8080/publish "HTTP/1.1 200 OK"
worker-d2-embb-1-1   | INFO:     172.18.0.2:55122 - "GET /health HTTP/1.1" 200 OK
worker-d2-embb-2-1   | INFO:     172.18.0.2:41294 - "GET /health HTTP/1.1" 200 OK
broker-d2-1          | 2026-03-21 01:36:32,189 INFO httpx: HTTP Request: GET http://172.18.0.3:8081/health "HTTP/1.1 200 OK"
broker-d2-1          | 2026-03-21 01:36:32,189 INFO httpx: HTTP Request: GET http://172.18.0.4:8081/health "HTTP/1.1 200 OK"
worker-d1-urllc-1-1  | INFO:     172.21.0.2:50282 - "GET /health HTTP/1.1" 200 OK
worker-d1-urllc-2-1  | INFO:     172.21.0.2:60648 - "GET /health HTTP/1.1" 200 OK
worker-d1-embb-1-1   | INFO:     172.20.0.2:60726 - "GET /health HTTP/1.1" 200 OK
broker-d1-1          | 2026-03-21 01:36:32,196 INFO httpx: HTTP Request: GET http://172.21.0.4:8081/health "HTTP/1.1 200 OK"
broker-d1-1          | 2026-03-21 01:36:32,197 INFO httpx: HTTP Request: GET http://172.20.0.3:8081/health "HTTP/1.1 200 OK"
broker-d1-1          | 2026-03-21 01:36:32,198 INFO httpx: HTTP Request: GET http://172.21.0.3:8081/health "HTTP/1.1 200 OK"
broker-d1-1          | 2026-03-21 01:36:32,211 INFO __main__: Pipeline 'ac8303d8-251b-41bf-b196-9a90959b3631' completed successfully.
broker-d1-1          | INFO:     172.20.0.3:39486 - "POST /result HTTP/1.1" 200 OK
worker-d1-embb-1-1   | INFO:     172.20.0.2:60528 - "POST /execute HTTP/1.1" 200 OK
broker-d1-1          | INFO:     172.20.0.3:39302 - "POST /result HTTP/1.1" 200 OK
worker-d1-embb-1-1   | INFO:httpx:HTTP Request: POST http://broker-d1:8080/result "HTTP/1.1 200 OK"
broker-d1-1          | 2026-03-21 01:36:32,216 INFO httpx: HTTP Request: POST http://172.20.0.3:8081/execute "HTTP/1.1 200 OK"
worker-d1-embb-1-1   | INFO:     172.20.0.2:60484 - "POST /execute HTTP/1.1" 200 OK
broker-d1-1          | INFO:     172.20.0.3:39292 - "POST /result HTTP/1.1" 200 OK
worker-d1-embb-1-1   | INFO:     172.20.0.2:60452 - "POST /execute HTTP/1.1" 200 OK
worker-d1-embb-1-1   | INFO:httpx:HTTP Request: POST http://broker-d1:8080/result "HTTP/1.1 200 OK"
broker-d1-1          | 2026-03-21 01:36:32,221 INFO httpx: HTTP Request: POST http://172.20.0.3:8081/execute "HTTP/1.1 200 OK"
worker-d1-embb-1-1   | INFO:httpx:HTTP Request: POST http://broker-d1:8080/result "HTTP/1.1 200 OK"
broker-d1-1          | INFO:     172.19.0.4:52750 - "POST /publish HTTP/1.1" 200 OK
broker-d1-1          | 2026-03-21 01:36:32,225 INFO httpx: HTTP Request: POST http://172.20.0.3:8081/execute "HTTP/1.1 200 OK"
broker-d1-1          | 2026-03-21 01:36:32,226 INFO __main__: Pipeline 'ac8303d8-251b-41bf-b196-9a90959b3631' (type=anomaly_detection) dispatched with placement {'detect': 'd1-embb-1', 'feature_extract': 'd1-embb-1', 'collect': 'd1-embb-1'}.
workload-1           | INFO:httpx:HTTP Request: POST http://broker-d1:8080/publish "HTTP/1.1 200 OK"
broker-d1-1          | 2026-03-21 01:36:32,285 INFO __main__: Pipeline '3d3f2e5d-c980-4444-9968-6248064305fe' completed successfully.
broker-d1-1          | INFO:     172.20.0.3:39292 - "POST /result HTTP/1.1" 200 OK
worker-d1-embb-1-1   | INFO:httpx:HTTP Request: POST http://broker-d1:8080/result "HTTP/1.1 200 OK"
worker-d1-embb-1-1   | INFO:     172.20.0.2:60542 - "POST /execute HTTP/1.1" 200 OK
broker-d1-1          | 2026-03-21 01:36:32,291 INFO httpx: HTTP Request: POST http://172.20.0.3:8081/execute "HTTP/1.1 200 OK"
broker-d1-1          | INFO:     172.20.0.3:39318 - "POST /result HTTP/1.1" 200 OK
worker-d1-embb-1-1   | INFO:httpx:HTTP Request: POST http://broker-d1:8080/result "HTTP/1.1 200 OK"
worker-d1-embb-1-1   | INFO:     172.20.0.2:36314 - "POST /execute HTTP/1.1" 200 OK
broker-d1-1          | 2026-03-21 01:36:32,297 INFO httpx: HTTP Request: POST http://172.20.0.3:8081/execute "HTTP/1.1 200 OK"
broker-d1-1          | INFO:     172.20.0.3:38734 - "POST /result HTTP/1.1" 200 OK
worker-d1-embb-1-1   | INFO:     172.20.0.2:60480 - "POST /execute HTTP/1.1" 200 OK
worker-d1-embb-1-1   | INFO:httpx:HTTP Request: POST http://broker-d1:8080/result "HTTP/1.1 200 OK"
broker-d1-1          | 2026-03-21 01:36:32,302 INFO httpx: HTTP Request: POST http://172.20.0.3:8081/execute "HTTP/1.1 200 OK"
broker-d1-1          | INFO:     172.19.0.4:52764 - "POST /publish HTTP/1.1" 200 OK
broker-d1-1          | 2026-03-21 01:36:32,303 INFO __main__: Pipeline '3d3f2e5d-c980-4444-9968-6248064305fe' (type=anomaly_detection) dispatched with placement {'detect': 'd1-embb-1', 'feature_extract': 'd1-embb-1', 'collect': 'd1-embb-1'}.
workload-1           | INFO:httpx:HTTP Request: POST http://broker-d1:8080/publish "HTTP/1.1 200 OK"
broker-d1-1          | 2026-03-21 01:36:32,327 INFO __main__: Pipeline '07b77bfc-939f-44da-8766-db26fa2d7c07' completed successfully.
broker-d1-1          | INFO:     172.20.0.3:38734 - "POST /result HTTP/1.1" 200 OK
worker-d1-embb-1-1   | INFO:     172.20.0.2:60566 - "POST /execute HTTP/1.1" 200 OK
worker-d1-embb-1-1   | INFO:httpx:HTTP Request: POST http://broker-d1:8080/result "HTTP/1.1 200 OK"
broker-d1-1          | INFO:     172.20.0.3:39370 - "POST /result HTTP/1.1" 200 OK
worker-d1-embb-1-1   | INFO:     172.20.0.2:60416 - "POST /execute HTTP/1.1" 200 OK
broker-d1-1          | 2026-03-21 01:36:32,333 INFO httpx: HTTP Request: POST http://172.20.0.3:8081/execute "HTTP/1.1 200 OK"
worker-d1-embb-1-1   | INFO:httpx:HTTP Request: POST http://broker-d1:8080/result "HTTP/1.1 200 OK"
broker-d1-1          | INFO:     172.20.0.3:38862 - "POST /result HTTP/1.1" 200 OK
worker-d1-embb-1-1   | INFO:     172.20.0.2:60498 - "POST /execute HTTP/1.1" 200 OK
broker-d1-1          | INFO:     172.19.0.4:52780 - "POST /publish HTTP/1.1" 200 OK
broker-d1-1          | 2026-03-21 01:36:32,338 INFO httpx: HTTP Request: POST http://172.20.0.3:8081/execute "HTTP/1.1 200 OK"
worker-d1-embb-1-1   | INFO:httpx:HTTP Request: POST http://broker-d1:8080/result "HTTP/1.1 200 OK"
broker-d1-1          | 2026-03-21 01:36:32,343 INFO httpx: HTTP Request: POST http://172.20.0.3:8081/execute "HTTP/1.1 200 OK"
broker-d1-1          | 2026-03-21 01:36:32,344 INFO __main__: Pipeline '07b77bfc-939f-44da-8766-db26fa2d7c07' (type=anomaly_detection) dispatched with placement {'detect': 'd1-embb-1', 'feature_extract': 'd1-embb-1', 'collect': 'd1-embb-1'}.
workload-1           | INFO:httpx:HTTP Request: POST http://broker-d1:8080/publish "HTTP/1.1 200 OK"
broker-d1-1          | 2026-03-21 01:36:32,589 INFO __main__: Pipeline '79bb35ad-37ce-4129-895c-d29d7e21c346' completed successfully.
broker-d1-1          | INFO:     172.21.0.3:33318 - "POST /result HTTP/1.1" 200 OK
worker-d1-urllc-2-1  | INFO:     172.21.0.2:60632 - "POST /execute HTTP/1.1" 200 OK
worker-d1-urllc-2-1  | INFO:httpx:HTTP Request: POST http://broker-d1:8080/result "HTTP/1.1 200 OK"
broker-d1-1          | INFO:     172.21.0.3:33292 - "POST /result HTTP/1.1" 200 OK
worker-d1-urllc-2-1  | INFO:     172.21.0.2:60614 - "POST /execute HTTP/1.1" 200 OK
broker-d1-1          | 2026-03-21 01:36:32,595 INFO httpx: HTTP Request: POST http://172.21.0.3:8081/execute "HTTP/1.1 200 OK"
worker-d1-urllc-2-1  | INFO:httpx:HTTP Request: POST http://broker-d1:8080/result "HTTP/1.1 200 OK"
broker-d1-1          | 2026-03-21 01:36:32,600 INFO httpx: HTTP Request: POST http://172.21.0.3:8081/execute "HTTP/1.1 200 OK"
broker-d1-1          | INFO:     172.21.0.3:33338 - "POST /result HTTP/1.1" 200 OK
worker-d1-urllc-2-1  | INFO:     172.21.0.2:60594 - "POST /execute HTTP/1.1" 200 OK
broker-d1-1          | INFO:     172.19.0.4:52722 - "POST /publish HTTP/1.1" 200 OK
worker-d1-urllc-2-1  | INFO:httpx:HTTP Request: POST http://broker-d1:8080/result "HTTP/1.1 200 OK"
broker-d1-1          | 2026-03-21 01:36:32,604 INFO httpx: HTTP Request: POST http://172.21.0.3:8081/execute "HTTP/1.1 200 OK"
broker-d1-1          | 2026-03-21 01:36:32,605 INFO __main__: Pipeline '79bb35ad-37ce-4129-895c-d29d7e21c346' (type=cqi_prediction) dispatched with placement {'predict': 'd1-urllc-2', 'feature_extract': 'd1-urllc-2', 'collect': 'd1-urllc-2'}.
workload-1           | INFO:httpx:HTTP Request: POST http://broker-d1:8080/publish "HTTP/1.1 200 OK"
broker-d1-1          | INFO:     172.20.0.3:49726 - "POST /result HTTP/1.1" 200 OK
broker-d1-1          | 2026-03-21 01:36:32,636 INFO __main__: Pipeline 'eff578de-ea35-43e9-943e-0b1c78f9837f' completed successfully.
worker-d1-embb-1-1   | INFO:httpx:HTTP Request: POST http://broker-d1:8080/result "HTTP/1.1 200 OK"
worker-d1-embb-1-1   | INFO:     172.20.0.2:60652 - "POST /execute HTTP/1.1" 200 OK
broker-d1-1          | 2026-03-21 01:36:32,641 INFO httpx: HTTP Request: POST http://172.20.0.3:8081/execute "HTTP/1.1 200 OK"
broker-d1-1          | INFO:     172.20.0.3:38928 - "POST /result HTTP/1.1" 200 OK
worker-d1-embb-1-1   | INFO:httpx:HTTP Request: POST http://broker-d1:8080/result "HTTP/1.1 200 OK"
worker-d1-embb-1-1   | INFO:     172.20.0.2:60556 - "POST /execute HTTP/1.1" 200 OK
broker-d1-1          | 2026-03-21 01:36:32,646 INFO httpx: HTTP Request: POST http://172.20.0.3:8081/execute "HTTP/1.1 200 OK"
broker-d1-1          | INFO:     172.20.0.3:39366 - "POST /result HTTP/1.1" 200 OK
worker-d1-embb-1-1   | INFO:httpx:HTTP Request: POST http://broker-d1:8080/result "HTTP/1.1 200 OK"
worker-d1-embb-1-1   | INFO:     172.20.0.2:60512 - "POST /execute HTTP/1.1" 200 OK
broker-d1-1          | INFO:     172.19.0.4:52786 - "POST /publish HTTP/1.1" 200 OK
broker-d1-1          | 2026-03-21 01:36:32,650 INFO httpx: HTTP Request: POST http://172.20.0.3:8081/execute "HTTP/1.1 200 OK"
broker-d1-1          | 2026-03-21 01:36:32,651 INFO __main__: Pipeline 'eff578de-ea35-43e9-943e-0b1c78f9837f' (type=anomaly_detection) dispatched with placement {'detect': 'd1-embb-1', 'feature_extract': 'd1-embb-1', 'collect': 'd1-embb-1'}.
workload-1           | INFO:httpx:HTTP Request: POST http://broker-d1:8080/publish "HTTP/1.1 200 OK"
broker-d1-1          | 2026-03-21 01:36:32,705 INFO __main__: Pipeline 'fa85f722-2110-4f01-814c-c4a9945c2e1d' completed successfully.
broker-d1-1          | INFO:     172.21.0.3:33292 - "POST /result HTTP/1.1" 200 OK
worker-d1-urllc-2-1  | INFO:     172.21.0.2:60636 - "POST /execute HTTP/1.1" 200 OK
broker-d1-1          | INFO:     172.21.0.3:33304 - "POST /result HTTP/1.1" 200 OK
worker-d1-urllc-2-1  | INFO:httpx:HTTP Request: POST http://broker-d1:8080/result "HTTP/1.1 200 OK"
broker-d1-1          | 2026-03-21 01:36:32,711 INFO httpx: HTTP Request: POST http://172.21.0.3:8081/execute "HTTP/1.1 200 OK"
worker-d1-urllc-2-1  | INFO:     172.21.0.2:60628 - "POST /execute HTTP/1.1" 200 OK
broker-d1-1          | INFO:     172.21.0.3:33350 - "POST /result HTTP/1.1" 200 OK
worker-d1-urllc-2-1  | INFO:     172.21.0.2:60618 - "POST /execute HTTP/1.1" 200 OK
worker-d1-urllc-2-1  | INFO:httpx:HTTP Request: POST http://broker-d1:8080/result "HTTP/1.1 200 OK"
broker-d1-1          | 2026-03-21 01:36:32,717 INFO httpx: HTTP Request: POST http://172.21.0.3:8081/execute "HTTP/1.1 200 OK"
worker-d1-urllc-2-1  | INFO:httpx:HTTP Request: POST http://broker-d1:8080/result "HTTP/1.1 200 OK"
broker-d1-1          | 2026-03-21 01:36:32,720 INFO httpx: HTTP Request: POST http://172.21.0.3:8081/execute "HTTP/1.1 200 OK"
broker-d1-1          | INFO:     172.19.0.4:52804 - "POST /publish HTTP/1.1" 200 OK
broker-d1-1          | 2026-03-21 01:36:32,721 INFO __main__: Pipeline 'fa85f722-2110-4f01-814c-c4a9945c2e1d' (type=cqi_prediction) dispatched with placement {'predict': 'd1-urllc-2', 'feature_extract': 'd1-urllc-2', 'collect': 'd1-urllc-2'}.
workload-1           | INFO:httpx:HTTP Request: POST http://broker-d1:8080/publish "HTTP/1.1 200 OK"
broker-d1-1          | 2026-03-21 01:36:32,764 WARNING __main__: Pipeline '663418d6-73a0-4094-9c72-9f5de8502f5c' has 1 governance violation(s): ["Capacity: node 'd1-urllc-2' overloaded (demand=1.200, residual=1.000)."]
broker-d1-1          | 2026-03-21 01:36:32,840 WARNING __main__: Pipeline '70aebf09-3962-4209-9e2e-1f4854f2af0d' has 1 governance violation(s): ["Capacity: node 'd1-urllc-2' overloaded (demand=1.200, residual=1.000)."]
broker-d1-1          | INFO:     172.20.0.3:49758 - "POST /result HTTP/1.1" 200 OK
broker-d1-1          | 2026-03-21 01:36:33,005 INFO __main__: Pipeline 'dca2b8f2-01a6-4f8c-af04-3bb6aa4b77f2' completed successfully.
worker-d1-embb-1-1   | INFO:httpx:HTTP Request: POST http://broker-d1:8080/result "HTTP/1.1 200 OK"
worker-d1-embb-1-1   | INFO:     172.20.0.2:60772 - "POST /execute HTTP/1.1" 200 OK
broker-d1-1          | INFO:     172.20.0.3:39302 - "POST /result HTTP/1.1" 200 OK
broker-d1-1          | INFO:     172.20.0.3:49764 - "POST /result HTTP/1.1" 200 OK
worker-d1-embb-1-1   | INFO:     172.20.0.2:60622 - "POST /execute HTTP/1.1" 200 OK
broker-d1-1          | 2026-03-21 01:36:33,007 INFO httpx: HTTP Request: POST http://172.20.0.3:8081/execute "HTTP/1.1 200 OK"
broker-d1-1          | 2026-03-21 01:36:33,009 INFO __main__: Pipeline '3be3fcd6-26e2-4d74-963c-e923c6a2a60f' completed successfully.
worker-d1-embb-1-1   | INFO:httpx:HTTP Request: POST http://broker-d1:8080/result "HTTP/1.1 200 OK"
broker-d1-1          | INFO:     172.20.0.3:39382 - "POST /result HTTP/1.1" 200 OK
broker-d1-1          | INFO:     172.20.0.3:39484 - "POST /result HTTP/1.1" 200 OK
worker-d1-embb-1-1   | INFO:     172.20.0.2:60734 - "POST /execute HTTP/1.1" 200 OK
worker-d1-embb-1-1   | INFO:     172.20.0.2:60582 - "POST /execute HTTP/1.1" 200 OK
worker-d1-embb-1-1   | INFO:     172.20.0.2:60666 - "POST /execute HTTP/1.1" 200 OK
broker-d1-1          | 2026-03-21 01:36:33,010 INFO httpx: HTTP Request: POST http://172.20.0.3:8081/execute "HTTP/1.1 200 OK"
broker-d1-1          | 2026-03-21 01:36:33,011 INFO httpx: HTTP Request: POST http://172.20.0.3:8081/execute "HTTP/1.1 200 OK"
worker-d1-embb-1-1   | INFO:httpx:HTTP Request: POST http://broker-d1:8080/result "HTTP/1.1 200 OK"
worker-d1-embb-1-1   | INFO:httpx:HTTP Request: POST http://broker-d1:8080/result "HTTP/1.1 200 OK"
worker-d1-embb-1-1   | INFO:httpx:HTTP Request: POST http://broker-d1:8080/result "HTTP/1.1 200 OK"
broker-d1-1          | INFO:     172.20.0.3:39006 - "POST /result HTTP/1.1" 200 OK
worker-d1-embb-1-1   | INFO:     172.20.0.2:60636 - "POST /execute HTTP/1.1" 200 OK
broker-d1-1          | 2026-03-21 01:36:33,013 INFO httpx: HTTP Request: POST http://172.20.0.3:8081/execute "HTTP/1.1 200 OK"
broker-d1-1          | 2026-03-21 01:36:33,014 INFO httpx: HTTP Request: POST http://172.20.0.3:8081/execute "HTTP/1.1 200 OK"
worker-d1-embb-1-1   | INFO:httpx:HTTP Request: POST http://broker-d1:8080/result "HTTP/1.1 200 OK"
broker-d1-1          | INFO:     172.19.0.4:53056 - "POST /publish HTTP/1.1" 200 OK
broker-d1-1          | 2026-03-21 01:36:33,017 INFO httpx: HTTP Request: POST http://172.20.0.3:8081/execute "HTTP/1.1 200 OK"
broker-d1-1          | 2026-03-21 01:36:33,018 INFO __main__: Pipeline '3be3fcd6-26e2-4d74-963c-e923c6a2a60f' (type=anomaly_detection) dispatched with placement {'detect': 'd1-embb-1', 'feature_extract': 'd1-embb-1', 'collect': 'd1-embb-1'}.
workload-1           | INFO:httpx:HTTP Request: POST http://broker-d1:8080/publish "HTTP/1.1 200 OK"
broker-d1-1          | 2026-03-21 01:36:33,189 WARNING __main__: Received result for unknown pipeline 'dca2b8f2-01a6-4f8c-af04-3bb6aa4b77f2'.
broker-d1-1          | INFO:     172.20.0.3:49846 - "POST /result HTTP/1.1" 200 OK
broker-d1-1          | INFO:     172.20.0.3:49856 - "POST /result HTTP/1.1" 200 OK
broker-d1-1          | 2026-03-21 01:36:33,190 WARNING __main__: Received result for unknown pipeline 'dca2b8f2-01a6-4f8c-af04-3bb6aa4b77f2'.
worker-d1-embb-1-1   | INFO:httpx:HTTP Request: POST http://broker-d1:8080/result "HTTP/1.1 200 OK"
worker-d1-embb-1-1   | INFO:     172.20.0.2:60828 - "POST /execute HTTP/1.1" 200 OK
broker-d1-1          | INFO:     172.20.0.3:49866 - "POST /result HTTP/1.1" 200 OK
worker-d1-embb-1-1   | INFO:     172.20.0.2:60844 - "POST /execute HTTP/1.1" 200 OK
worker-d1-embb-1-1   | INFO:     172.20.0.2:60820 - "POST /execute HTTP/1.1" 200 OK
broker-d1-1          | 2026-03-21 01:36:33,191 WARNING __main__: Received result for unknown pipeline 'dca2b8f2-01a6-4f8c-af04-3bb6aa4b77f2'.
worker-d1-embb-1-1   | INFO:httpx:HTTP Request: POST http://broker-d1:8080/result "HTTP/1.1 200 OK"
worker-d1-embb-1-1   | INFO:httpx:HTTP Request: POST http://broker-d1:8080/result "HTTP/1.1 200 OK"
broker-d1-1          | 2026-03-21 01:36:33,193 INFO httpx: HTTP Request: POST http://172.20.0.3:8081/execute "HTTP/1.1 200 OK"
broker-d1-1          | INFO:     172.20.0.3:49682 - "POST /result HTTP/1.1" 200 OK
broker-d1-1          | INFO:     172.20.0.3:49692 - "POST /result HTTP/1.1" 200 OK
worker-d1-embb-1-1   | INFO:     172.20.0.2:60690 - "POST /execute HTTP/1.1" 200 OK
broker-d1-1          | INFO:     172.20.0.3:39500 - "POST /result HTTP/1.1" 200 OK
broker-d1-1          | 2026-03-21 01:36:33,195 INFO httpx: HTTP Request: POST http://172.20.0.3:8081/execute "HTTP/1.1 200 OK"
broker-d1-1          | 2026-03-21 01:36:33,196 INFO httpx: HTTP Request: POST http://172.20.0.3:8081/execute "HTTP/1.1 200 OK"
worker-d1-embb-1-1   | INFO:httpx:HTTP Request: POST http://broker-d1:8080/result "HTTP/1.1 200 OK"
worker-d1-embb-1-1   | INFO:httpx:HTTP Request: POST http://broker-d1:8080/result "HTTP/1.1 200 OK"
broker-d1-1          | 2026-03-21 01:36:33,200 INFO httpx: HTTP Request: POST http://172.20.0.3:8081/execute "HTTP/1.1 200 OK"
worker-d1-embb-1-1   | INFO:     172.20.0.2:60676 - "POST /execute HTTP/1.1" 200 OK
worker-d1-embb-1-1   | INFO:     172.20.0.2:60670 - "POST /execute HTTP/1.1" 200 OK
broker-d1-1          | INFO:     172.20.0.3:39464 - "POST /result HTTP/1.1" 200 OK
worker-d1-embb-1-1   | INFO:httpx:HTTP Request: POST http://broker-d1:8080/result "HTTP/1.1 200 OK"
broker-d1-1          | 2026-03-21 01:36:33,201 INFO httpx: HTTP Request: POST http://172.20.0.3:8081/execute "HTTP/1.1 200 OK"
broker-d1-1          | INFO:     172.20.0.3:39456 - "POST /result HTTP/1.1" 200 OK
worker-d1-embb-1-1   | INFO:     172.20.0.2:60610 - "POST /execute HTTP/1.1" 200 OK
worker-d1-embb-1-1   | INFO:httpx:HTTP Request: POST http://broker-d1:8080/result "HTTP/1.1 200 OK"
broker-d1-1          | 2026-03-21 01:36:33,202 INFO httpx: HTTP Request: POST http://172.20.0.3:8081/execute "HTTP/1.1 200 OK"
broker-d1-1          | INFO:     172.20.0.3:39450 - "POST /result HTTP/1.1" 200 OK
worker-d1-embb-1-1   | INFO:     172.20.0.2:60618 - "POST /execute HTTP/1.1" 200 OK
worker-d1-embb-1-1   | INFO:     172.20.0.2:60602 - "POST /execute HTTP/1.1" 200 OK
worker-d1-embb-1-1   | INFO:httpx:HTTP Request: POST http://broker-d1:8080/result "HTTP/1.1 200 OK"
broker-d1-1          | 2026-03-21 01:36:33,204 INFO httpx: HTTP Request: POST http://172.20.0.3:8081/execute "HTTP/1.1 200 OK"
worker-d1-embb-1-1   | INFO:httpx:HTTP Request: POST http://broker-d1:8080/result "HTTP/1.1 200 OK"
broker-d1-1          | 2026-03-21 01:36:33,205 INFO httpx: HTTP Request: POST http://172.20.0.3:8081/execute "HTTP/1.1 200 OK"
broker-d1-1          | 2026-03-21 01:36:33,206 INFO httpx: HTTP Request: POST http://172.20.0.3:8081/execute "HTTP/1.1 200 OK"
broker-d1-1          | INFO:     172.20.0.3:38954 - "POST /result HTTP/1.1" 200 OK
broker-d1-1          | INFO:     172.20.0.3:38748 - "POST /result HTTP/1.1" 200 OK
worker-d1-embb-1-1   | INFO:     172.20.0.2:60596 - "POST /execute HTTP/1.1" 200 OK
worker-d1-embb-1-1   | INFO:     172.20.0.2:60576 - "POST /execute HTTP/1.1" 200 OK
worker-d1-embb-1-1   | INFO:httpx:HTTP Request: POST http://broker-d1:8080/result "HTTP/1.1 200 OK"
broker-d1-1          | 2026-03-21 01:36:33,208 INFO httpx: HTTP Request: POST http://172.20.0.3:8081/execute "HTTP/1.1 200 OK"
worker-d1-embb-1-1   | INFO:httpx:HTTP Request: POST http://broker-d1:8080/result "HTTP/1.1 200 OK"
broker-d1-1          | 2026-03-21 01:36:33,209 INFO httpx: HTTP Request: POST http://172.20.0.3:8081/execute "HTTP/1.1 200 OK"
broker-d1-1          | INFO:     172.19.0.4:52720 - "POST /publish HTTP/1.1" 200 OK
broker-d1-1          | 2026-03-21 01:36:33,209 INFO __main__: Pipeline 'dca2b8f2-01a6-4f8c-af04-3bb6aa4b77f2' (type=sensor_fusion) dispatched with placement {'decide': 'd1-embb-1', 'fuse': 'd1-embb-1', 'sensor_0': 'd1-embb-1', 'sensor_1': 'd1-embb-1', 'sensor_2': 'd1-embb-1'}.
workload-1           | INFO:httpx:HTTP Request: POST http://broker-d1:8080/publish "HTTP/1.1 200 OK"
broker-d1-1          | INFO:     172.20.0.3:49926 - "POST /result HTTP/1.1" 200 OK
worker-d1-embb-1-1   | INFO:     172.20.0.2:60970 - "POST /execute HTTP/1.1" 200 OK
broker-d1-1          | INFO:     172.20.0.3:49770 - "POST /result HTTP/1.1" 200 OK
broker-d1-1          | 2026-03-21 01:36:33,625 INFO __main__: Pipeline '0c9ddf89-c4c2-4350-9f62-e11da395842f' completed successfully.
worker-d1-embb-1-1   | INFO:httpx:HTTP Request: POST http://broker-d1:8080/result "HTTP/1.1 200 OK"
broker-d1-1          | 2026-03-21 01:36:33,629 INFO httpx: HTTP Request: POST http://172.20.0.3:8081/execute "HTTP/1.1 200 OK"
worker-d1-embb-1-1   | INFO:     172.20.0.2:60762 - "POST /execute HTTP/1.1" 200 OK
broker-d1-1          | INFO:     172.20.0.3:39292 - "POST /result HTTP/1.1" 200 OK
worker-d1-embb-1-1   | INFO:     172.20.0.2:60710 - "POST /execute HTTP/1.1" 200 OK
worker-d1-embb-1-1   | INFO:httpx:HTTP Request: POST http://broker-d1:8080/result "HTTP/1.1 200 OK"
broker-d1-1          | 2026-03-21 01:36:33,635 INFO httpx: HTTP Request: POST http://172.20.0.3:8081/execute "HTTP/1.1 200 OK"
worker-d1-embb-1-1   | INFO:httpx:HTTP Request: POST http://broker-d1:8080/result "HTTP/1.1 200 OK"
broker-d1-1          | 2026-03-21 01:36:33,639 INFO httpx: HTTP Request: POST http://172.20.0.3:8081/execute "HTTP/1.1 200 OK"
broker-d1-1          | INFO:     172.20.0.3:49954 - "POST /result HTTP/1.1" 200 OK
broker-d1-1          | 2026-03-21 01:36:33,778 INFO __main__: Pipeline '16dab09b-1705-43c7-b432-069656f9502e' completed successfully.
worker-d1-embb-1-1   | INFO:     172.20.0.2:60900 - "POST /execute HTTP/1.1" 200 OK
worker-d1-embb-1-1   | INFO:httpx:HTTP Request: POST http://broker-d1:8080/result "HTTP/1.1 200 OK"
broker-d1-1          | 2026-03-21 01:36:33,782 INFO httpx: HTTP Request: POST http://172.20.0.3:8081/execute "HTTP/1.1 200 OK"
broker-d1-1          | INFO:     172.20.0.3:39366 - "POST /result HTTP/1.1" 200 OK
worker-d1-embb-1-1   | INFO:     172.20.0.2:60856 - "POST /execute HTTP/1.1" 200 OK
broker-d1-1          | INFO:     172.20.0.3:38928 - "POST /result HTTP/1.1" 200 OK
worker-d1-embb-1-1   | INFO:     172.20.0.2:60808 - "POST /execute HTTP/1.1" 200 OK
worker-d1-embb-1-1   | INFO:httpx:HTTP Request: POST http://broker-d1:8080/result "HTTP/1.1 200 OK"
broker-d1-1          | 2026-03-21 01:36:33,786 INFO httpx: HTTP Request: POST http://172.20.0.3:8081/execute "HTTP/1.1 200 OK"
worker-d1-embb-1-1   | INFO:httpx:HTTP Request: POST http://broker-d1:8080/result "HTTP/1.1 200 OK"
broker-d1-1          | 2026-03-21 01:36:33,790 INFO httpx: HTTP Request: POST http://172.20.0.3:8081/execute "HTTP/1.1 200 OK"
broker-d1-1          | INFO:     172.19.0.4:52730 - "POST /publish HTTP/1.1" 200 OK
broker-d1-1          | 2026-03-21 01:36:33,790 INFO __main__: Pipeline '16dab09b-1705-43c7-b432-069656f9502e' (type=anomaly_detection) dispatched with placement {'detect': 'd1-embb-1', 'feature_extract': 'd1-embb-1', 'collect': 'd1-embb-1'}.
workload-1           | INFO:httpx:HTTP Request: POST http://broker-d1:8080/publish "HTTP/1.1 200 OK"
broker-d1-1          | INFO:     172.20.0.3:49976 - "POST /result HTTP/1.1" 200 OK
broker-d1-1          | 2026-03-21 01:36:33,813 WARNING __main__: Received result for unknown pipeline '0c9ddf89-c4c2-4350-9f62-e11da395842f'.
broker-d1-1          | INFO:     172.20.0.3:49964 - "POST /result HTTP/1.1" 200 OK
broker-d1-1          | INFO:     172.20.0.3:49980 - "POST /result HTTP/1.1" 200 OK
worker-d1-embb-1-1   | INFO:     172.20.0.2:32830 - "POST /execute HTTP/1.1" 200 OK
broker-d1-1          | 2026-03-21 01:36:33,814 WARNING __main__: Received result for unknown pipeline '0c9ddf89-c4c2-4350-9f62-e11da395842f'.
worker-d1-embb-1-1   | INFO:httpx:HTTP Request: POST http://broker-d1:8080/result "HTTP/1.1 200 OK"
broker-d1-1          | 2026-03-21 01:36:33,815 WARNING __main__: Received result for unknown pipeline '0c9ddf89-c4c2-4350-9f62-e11da395842f'.
broker-d1-1          | 2026-03-21 01:36:33,816 INFO httpx: HTTP Request: POST http://172.20.0.3:8081/execute "HTTP/1.1 200 OK"
worker-d1-embb-1-1   | INFO:httpx:HTTP Request: POST http://broker-d1:8080/result "HTTP/1.1 200 OK"
broker-d1-1          | INFO:     172.20.0.3:49826 - "POST /result HTTP/1.1" 200 OK
worker-d1-embb-1-1   | INFO:     172.20.0.2:32822 - "POST /execute HTTP/1.1" 200 OK
worker-d1-embb-1-1   | INFO:     172.20.0.2:32832 - "POST /execute HTTP/1.1" 200 OK
broker-d1-1          | INFO:     172.20.0.3:49820 - "POST /result HTTP/1.1" 200 OK
broker-d1-1          | INFO:     172.20.0.3:49832 - "POST /result HTTP/1.1" 200 OK
broker-d1-1          | 2026-03-21 01:36:33,819 INFO httpx: HTTP Request: POST http://172.20.0.3:8081/execute "HTTP/1.1 200 OK"
worker-d1-embb-1-1   | INFO:httpx:HTTP Request: POST http://broker-d1:8080/result "HTTP/1.1 200 OK"
broker-d1-1          | 2026-03-21 01:36:33,820 INFO httpx: HTTP Request: POST http://172.20.0.3:8081/execute "HTTP/1.1 200 OK"
worker-d1-embb-1-1   | INFO:httpx:HTTP Request: POST http://broker-d1:8080/result "HTTP/1.1 200 OK"
worker-d1-embb-1-1   | INFO:     172.20.0.2:60788 - "POST /execute HTTP/1.1" 200 OK
