broker-d1-1          | 2026-03-21 01:36:49,311 WARNING __main__: Pipeline 'c51a208e-64d0-4e11-8295-f1d4306d4442' has 1 governance violation(s): ["Capacity: node 'd1-urllc-2' overloaded (demand=1.200, residual=1.000)."]
broker-d1-1          | INFO:     172.21.0.3:33318 - "POST /result HTTP/1.1" 200 OK
broker-d1-1          | 2026-03-21 01:36:49,339 INFO __main__: Pipeline '2ddb86cd-eb80-4cd0-ad51-0e3c969290c5' completed successfully.
worker-d1-urllc-2-1  | INFO:httpx:HTTP Request: POST http://broker-d1:8080/result "HTTP/1.1 200 OK"
worker-d1-urllc-2-1  | INFO:     172.21.0.2:45070 - "POST /execute HTTP/1.1" 200 OK
broker-d1-1          | 2026-03-21 01:36:49,345 INFO httpx: HTTP Request: POST http://172.21.0.3:8081/execute "HTTP/1.1 200 OK"
broker-d1-1          | INFO:     172.21.0.3:33334 - "POST /result HTTP/1.1" 200 OK
worker-d1-urllc-2-1  | INFO:httpx:HTTP Request: POST http://broker-d1:8080/result "HTTP/1.1 200 OK"
worker-d1-urllc-2-1  | INFO:     172.21.0.2:45006 - "POST /execute HTTP/1.1" 200 OK
broker-d1-1          | 2026-03-21 01:36:49,352 INFO httpx: HTTP Request: POST http://172.21.0.3:8081/execute "HTTP/1.1 200 OK"
broker-d1-1          | INFO:     172.21.0.3:33304 - "POST /result HTTP/1.1" 200 OK
worker-d1-urllc-2-1  | INFO:httpx:HTTP Request: POST http://broker-d1:8080/result "HTTP/1.1 200 OK"
worker-d1-urllc-2-1  | INFO:     172.21.0.2:44986 - "POST /execute HTTP/1.1" 200 OK
broker-d1-1          | 2026-03-21 01:36:49,356 INFO httpx: HTTP Request: POST http://172.21.0.3:8081/execute "HTTP/1.1 200 OK"
broker-d1-1          | 2026-03-21 01:36:49,357 INFO __main__: Pipeline '2ddb86cd-eb80-4cd0-ad51-0e3c969290c5' (type=cqi_prediction) dispatched with placement {'predict': 'd1-urllc-2', 'feature_extract': 'd1-urllc-2', 'collect': 'd1-urllc-2'}.
broker-d1-1          | INFO:     172.19.0.4:52722 - "POST /publish HTTP/1.1" 200 OK
workload-1           | INFO:httpx:HTTP Request: POST http://broker-d1:8080/publish "HTTP/1.1 200 OK"
broker-d1-1          | 2026-03-21 01:36:49,443 INFO __main__: Pipeline '172fc150-f8cd-41fc-8a7d-4d728fccea05' completed successfully.
broker-d1-1          | INFO:     172.21.0.3:33318 - "POST /result HTTP/1.1" 200 OK
worker-d1-urllc-2-1  | INFO:     172.21.0.2:45078 - "POST /execute HTTP/1.1" 200 OK
worker-d1-urllc-2-1  | INFO:httpx:HTTP Request: POST http://broker-d1:8080/result "HTTP/1.1 200 OK"
broker-d1-1          | 2026-03-21 01:36:49,447 INFO httpx: HTTP Request: POST http://172.21.0.3:8081/execute "HTTP/1.1 200 OK"
broker-d1-1          | INFO:     172.21.0.3:33350 - "POST /result HTTP/1.1" 200 OK
worker-d1-urllc-2-1  | INFO:httpx:HTTP Request: POST http://broker-d1:8080/result "HTTP/1.1 200 OK"
worker-d1-urllc-2-1  | INFO:     172.21.0.2:45028 - "POST /execute HTTP/1.1" 200 OK
broker-d1-1          | 2026-03-21 01:36:49,452 INFO httpx: HTTP Request: POST http://172.21.0.3:8081/execute "HTTP/1.1 200 OK"
broker-d1-1          | INFO:     172.21.0.3:51710 - "POST /result HTTP/1.1" 200 OK
worker-d1-urllc-2-1  | INFO:httpx:HTTP Request: POST http://broker-d1:8080/result "HTTP/1.1 200 OK"
worker-d1-urllc-2-1  | INFO:     172.21.0.2:44994 - "POST /execute HTTP/1.1" 200 OK
broker-d1-1          | 2026-03-21 01:36:49,460 INFO httpx: HTTP Request: POST http://172.21.0.3:8081/execute "HTTP/1.1 200 OK"
broker-d1-1          | INFO:     172.19.0.4:52730 - "POST /publish HTTP/1.1" 200 OK
broker-d1-1          | 2026-03-21 01:36:49,462 INFO __main__: Pipeline '172fc150-f8cd-41fc-8a7d-4d728fccea05' (type=cqi_prediction) dispatched with placement {'predict': 'd1-urllc-2', 'feature_extract': 'd1-urllc-2', 'collect': 'd1-urllc-2'}.
workload-1           | INFO:httpx:HTTP Request: POST http://broker-d1:8080/publish "HTTP/1.1 200 OK"
broker-d1-1          | INFO:     172.21.0.3:33318 - "POST /result HTTP/1.1" 200 OK
worker-d1-urllc-2-1  | INFO:     172.21.0.2:45090 - "POST /execute HTTP/1.1" 200 OK
broker-d1-1          | INFO:     172.21.0.3:32798 - "POST /result HTTP/1.1" 200 OK
broker-d1-1          | 2026-03-21 01:36:49,465 INFO __main__: Pipeline '4e4a4cd2-4844-4bab-bbac-d24684d8e6b0' completed successfully.
worker-d1-urllc-2-1  | INFO:httpx:HTTP Request: POST http://broker-d1:8080/result "HTTP/1.1 200 OK"
broker-d1-1          | 2026-03-21 01:36:49,468 INFO httpx: HTTP Request: POST http://172.21.0.3:8081/execute "HTTP/1.1 200 OK"
worker-d1-urllc-2-1  | INFO:httpx:HTTP Request: POST http://broker-d1:8080/result "HTTP/1.1 200 OK"
worker-d1-urllc-2-1  | INFO:     172.21.0.2:45032 - "POST /execute HTTP/1.1" 200 OK
broker-d1-1          | INFO:     172.21.0.3:32788 - "POST /result HTTP/1.1" 200 OK
worker-d1-urllc-2-1  | INFO:     172.21.0.2:45014 - "POST /execute HTTP/1.1" 200 OK
broker-d1-1          | 2026-03-21 01:36:49,471 INFO httpx: HTTP Request: POST http://172.21.0.3:8081/execute "HTTP/1.1 200 OK"
worker-d1-urllc-2-1  | INFO:httpx:HTTP Request: POST http://broker-d1:8080/result "HTTP/1.1 200 OK"
broker-d1-1          | 2026-03-21 01:36:49,475 INFO httpx: HTTP Request: POST http://172.21.0.3:8081/execute "HTTP/1.1 200 OK"
broker-d1-1          | 2026-03-21 01:36:49,476 INFO __main__: Pipeline '4e4a4cd2-4844-4bab-bbac-d24684d8e6b0' (type=cqi_prediction) dispatched with placement {'predict': 'd1-urllc-2', 'feature_extract': 'd1-urllc-2', 'collect': 'd1-urllc-2'}.
broker-d1-1          | INFO:     172.19.0.4:52780 - "POST /publish HTTP/1.1" 200 OK
workload-1           | INFO:httpx:HTTP Request: POST http://broker-d1:8080/publish "HTTP/1.1 200 OK"
broker-d1-1          | INFO:     172.20.0.3:50138 - "POST /result HTTP/1.1" 200 OK
broker-d1-1          | 2026-03-21 01:36:49,506 INFO __main__: Pipeline '9863e79f-fe8d-4402-9914-52b3814ef6be' completed successfully.
worker-d1-embb-1-1   | INFO:httpx:HTTP Request: POST http://broker-d1:8080/result "HTTP/1.1 200 OK"
worker-d1-embb-1-1   | INFO:     172.20.0.2:53730 - "POST /execute HTTP/1.1" 200 OK
broker-d1-1          | 2026-03-21 01:36:49,512 INFO httpx: HTTP Request: POST http://172.20.0.3:8081/execute "HTTP/1.1 200 OK"
broker-d1-1          | INFO:     172.20.0.3:49998 - "POST /result HTTP/1.1" 200 OK
worker-d1-embb-1-1   | INFO:httpx:HTTP Request: POST http://broker-d1:8080/result "HTTP/1.1 200 OK"
worker-d1-embb-1-1   | INFO:     172.20.0.2:53716 - "POST /execute HTTP/1.1" 200 OK
broker-d1-1          | 2026-03-21 01:36:49,518 INFO httpx: HTTP Request: POST http://172.20.0.3:8081/execute "HTTP/1.1 200 OK"
broker-d1-1          | INFO:     172.20.0.3:49996 - "POST /result HTTP/1.1" 200 OK
worker-d1-embb-1-1   | INFO:httpx:HTTP Request: POST http://broker-d1:8080/result "HTTP/1.1 200 OK"
worker-d1-embb-1-1   | INFO:     172.20.0.2:53706 - "POST /execute HTTP/1.1" 200 OK
broker-d1-1          | 2026-03-21 01:36:49,523 INFO httpx: HTTP Request: POST http://172.20.0.3:8081/execute "HTTP/1.1 200 OK"
broker-d1-1          | INFO:     172.19.0.4:52786 - "POST /publish HTTP/1.1" 200 OK
broker-d1-1          | 2026-03-21 01:36:49,523 INFO __main__: Pipeline '9863e79f-fe8d-4402-9914-52b3814ef6be' (type=anomaly_detection) dispatched with placement {'detect': 'd1-embb-1', 'feature_extract': 'd1-embb-1', 'collect': 'd1-embb-1'}.
workload-1           | INFO:httpx:HTTP Request: POST http://broker-d1:8080/publish "HTTP/1.1 200 OK"
broker-d1-1          | INFO:     172.21.0.3:33318 - "POST /result HTTP/1.1" 200 OK
broker-d1-1          | 2026-03-21 01:36:49,587 INFO __main__: Pipeline '36e402be-4b39-4c60-92fa-aba3edb79812' completed successfully.
worker-d1-urllc-2-1  | INFO:httpx:HTTP Request: POST http://broker-d1:8080/result "HTTP/1.1 200 OK"
worker-d1-urllc-2-1  | INFO:     172.21.0.2:45106 - "POST /execute HTTP/1.1" 200 OK
broker-d1-1          | 2026-03-21 01:36:49,593 INFO httpx: HTTP Request: POST http://172.21.0.3:8081/execute "HTTP/1.1 200 OK"
broker-d1-1          | INFO:     172.21.0.3:32814 - "POST /result HTTP/1.1" 200 OK
worker-d1-urllc-2-1  | INFO:httpx:HTTP Request: POST http://broker-d1:8080/result "HTTP/1.1 200 OK"
worker-d1-urllc-2-1  | INFO:     172.21.0.2:45056 - "POST /execute HTTP/1.1" 200 OK
broker-d1-1          | 2026-03-21 01:36:49,598 INFO httpx: HTTP Request: POST http://172.21.0.3:8081/execute "HTTP/1.1 200 OK"
broker-d1-1          | INFO:     172.21.0.3:33338 - "POST /result HTTP/1.1" 200 OK
worker-d1-urllc-2-1  | INFO:httpx:HTTP Request: POST http://broker-d1:8080/result "HTTP/1.1 200 OK"
worker-d1-urllc-2-1  | INFO:     172.21.0.2:45044 - "POST /execute HTTP/1.1" 200 OK
broker-d1-1          | 2026-03-21 01:36:49,603 INFO httpx: HTTP Request: POST http://172.21.0.3:8081/execute "HTTP/1.1 200 OK"
broker-d1-1          | 2026-03-21 01:36:49,604 INFO __main__: Pipeline '36e402be-4b39-4c60-92fa-aba3edb79812' (type=cqi_prediction) dispatched with placement {'predict': 'd1-urllc-2', 'feature_extract': 'd1-urllc-2', 'collect': 'd1-urllc-2'}.
broker-d1-1          | INFO:     172.19.0.4:57746 - "POST /publish HTTP/1.1" 200 OK
workload-1           | INFO:httpx:HTTP Request: POST http://broker-d1:8080/publish "HTTP/1.1 200 OK"
broker-d1-1          | 2026-03-21 01:36:49,625 WARNING __main__: Pipeline '25c8e1f4-7710-4abb-9808-90a50b7b63bf' has 1 governance violation(s): ["Capacity: node 'd1-urllc-2' overloaded (demand=1.200, residual=1.000)."]
broker-d1-1          | INFO:     172.20.0.3:49998 - "POST /result HTTP/1.1" 200 OK
broker-d1-1          | 2026-03-21 01:36:49,759 INFO __main__: Pipeline 'd76342e9-b7c8-49a6-9c22-070029ba28b1' completed successfully.
worker-d1-embb-1-1   | INFO:httpx:HTTP Request: POST http://broker-d1:8080/result "HTTP/1.1 200 OK"
worker-d1-embb-1-1   | INFO:     172.20.0.2:53736 - "POST /execute HTTP/1.1" 200 OK
broker-d1-1          | 2026-03-21 01:36:49,765 INFO httpx: HTTP Request: POST http://172.20.0.3:8081/execute "HTTP/1.1 200 OK"
broker-d1-1          | INFO:     172.20.0.3:49918 - "POST /result HTTP/1.1" 200 OK
worker-d1-embb-1-1   | INFO:httpx:HTTP Request: POST http://broker-d1:8080/result "HTTP/1.1 200 OK"
worker-d1-embb-1-1   | INFO:     172.20.0.2:53726 - "POST /execute HTTP/1.1" 200 OK
broker-d1-1          | 2026-03-21 01:36:49,770 INFO httpx: HTTP Request: POST http://172.20.0.3:8081/execute "HTTP/1.1 200 OK"
broker-d1-1          | INFO:     172.20.0.3:49942 - "POST /result HTTP/1.1" 200 OK
worker-d1-embb-1-1   | INFO:httpx:HTTP Request: POST http://broker-d1:8080/result "HTTP/1.1 200 OK"
worker-d1-embb-1-1   | INFO:     172.20.0.2:53724 - "POST /execute HTTP/1.1" 200 OK
broker-d1-1          | 2026-03-21 01:36:49,774 INFO httpx: HTTP Request: POST http://172.20.0.3:8081/execute "HTTP/1.1 200 OK"
broker-d1-1          | 2026-03-21 01:36:49,775 INFO __main__: Pipeline 'd76342e9-b7c8-49a6-9c22-070029ba28b1' (type=anomaly_detection) dispatched with placement {'detect': 'd1-embb-1', 'feature_extract': 'd1-embb-1', 'collect': 'd1-embb-1'}.
broker-d1-1          | INFO:     172.19.0.4:52720 - "POST /publish HTTP/1.1" 200 OK
workload-1           | INFO:httpx:HTTP Request: POST http://broker-d1:8080/publish "HTTP/1.1 200 OK"
broker-d1-1          | 2026-03-21 01:36:49,821 WARNING __main__: Pipeline '25cc1724-14f0-4301-86b0-36da86382c4d' has 1 governance violation(s): ["Capacity: node 'd1-urllc-2' overloaded (demand=1.200, residual=1.000)."]
broker-d1-1          | 2026-03-21 01:36:50,360 WARNING __main__: Pipeline 'e1f17617-2967-4f95-961a-eaa3370b91c3' has 1 governance violation(s): ["Capacity: node 'd1-urllc-2' overloaded (demand=1.200, residual=1.000)."]
broker-d1-1          | INFO:     172.21.0.3:32814 - "POST /result HTTP/1.1" 200 OK
broker-d1-1          | 2026-03-21 01:36:50,363 INFO __main__: Pipeline 'f7ffcf6b-80f3-45da-aedd-a6c4e9310ebf' completed successfully.
worker-d1-urllc-2-1  | INFO:httpx:HTTP Request: POST http://broker-d1:8080/result "HTTP/1.1 200 OK"
worker-d1-urllc-2-1  | INFO:     172.21.0.2:45186 - "POST /execute HTTP/1.1" 200 OK
broker-d1-1          | 2026-03-21 01:36:50,368 INFO httpx: HTTP Request: POST http://172.21.0.3:8081/execute "HTTP/1.1 200 OK"
broker-d1-1          | INFO:     172.21.0.3:33318 - "POST /result HTTP/1.1" 200 OK
worker-d1-urllc-2-1  | INFO:httpx:HTTP Request: POST http://broker-d1:8080/result "HTTP/1.1 200 OK"
worker-d1-urllc-2-1  | INFO:     172.21.0.2:45138 - "POST /execute HTTP/1.1" 200 OK
broker-d1-1          | 2026-03-21 01:36:50,374 INFO httpx: HTTP Request: POST http://172.21.0.3:8081/execute "HTTP/1.1 200 OK"
broker-d1-1          | INFO:     172.21.0.3:33292 - "POST /result HTTP/1.1" 200 OK
worker-d1-urllc-2-1  | INFO:httpx:HTTP Request: POST http://broker-d1:8080/result "HTTP/1.1 200 OK"
worker-d1-urllc-2-1  | INFO:     172.21.0.2:45118 - "POST /execute HTTP/1.1" 200 OK
broker-d1-1          | 2026-03-21 01:36:50,377 INFO httpx: HTTP Request: POST http://172.21.0.3:8081/execute "HTTP/1.1 200 OK"
broker-d1-1          | INFO:     172.19.0.4:52744 - "POST /publish HTTP/1.1" 200 OK
broker-d1-1          | 2026-03-21 01:36:50,378 INFO __main__: Pipeline 'f7ffcf6b-80f3-45da-aedd-a6c4e9310ebf' (type=cqi_prediction) dispatched with placement {'predict': 'd1-urllc-2', 'feature_extract': 'd1-urllc-2', 'collect': 'd1-urllc-2'}.
workload-1           | INFO:httpx:HTTP Request: POST http://broker-d1:8080/publish "HTTP/1.1 200 OK"
broker-d1-1          | INFO:     172.21.0.3:33292 - "POST /result HTTP/1.1" 200 OK
broker-d1-1          | 2026-03-21 01:36:50,468 INFO __main__: Pipeline '8491a98f-7cf9-40d7-8709-c821b8bfee29' completed successfully.
worker-d1-urllc-2-1  | INFO:httpx:HTTP Request: POST http://broker-d1:8080/result "HTTP/1.1 200 OK"
worker-d1-urllc-2-1  | INFO:     172.21.0.2:45200 - "POST /execute HTTP/1.1" 200 OK
broker-d1-1          | 2026-03-21 01:36:50,473 INFO httpx: HTTP Request: POST http://172.21.0.3:8081/execute "HTTP/1.1 200 OK"
broker-d1-1          | INFO:     172.21.0.3:33338 - "POST /result HTTP/1.1" 200 OK
worker-d1-urllc-2-1  | INFO:     172.21.0.2:45156 - "POST /execute HTTP/1.1" 200 OK
worker-d1-urllc-2-1  | INFO:httpx:HTTP Request: POST http://broker-d1:8080/result "HTTP/1.1 200 OK"
broker-d1-1          | 2026-03-21 01:36:50,481 INFO httpx: HTTP Request: POST http://172.21.0.3:8081/execute "HTTP/1.1 200 OK"
broker-d1-1          | INFO:     172.21.0.3:32828 - "POST /result HTTP/1.1" 200 OK
worker-d1-urllc-2-1  | INFO:httpx:HTTP Request: POST http://broker-d1:8080/result "HTTP/1.1 200 OK"
worker-d1-urllc-2-1  | INFO:     172.21.0.2:45132 - "POST /execute HTTP/1.1" 200 OK
broker-d1-1          | 2026-03-21 01:36:50,485 INFO httpx: HTTP Request: POST http://172.21.0.3:8081/execute "HTTP/1.1 200 OK"
broker-d1-1          | INFO:     172.19.0.4:52750 - "POST /publish HTTP/1.1" 200 OK
broker-d1-1          | 2026-03-21 01:36:50,486 INFO __main__: Pipeline '8491a98f-7cf9-40d7-8709-c821b8bfee29' (type=cqi_prediction) dispatched with placement {'predict': 'd1-urllc-2', 'feature_extract': 'd1-urllc-2', 'collect': 'd1-urllc-2'}.
workload-1           | INFO:httpx:HTTP Request: POST http://broker-d1:8080/publish "HTTP/1.1 200 OK"
broker-d1-1          | INFO:     172.20.0.3:50150 - "POST /result HTTP/1.1" 200 OK
broker-d1-1          | 2026-03-21 01:36:50,524 INFO __main__: Pipeline '0be8270c-7690-458f-b767-7db80c2c0797' completed successfully.
worker-d1-embb-1-1   | INFO:     172.20.0.2:53852 - "POST /execute HTTP/1.1" 200 OK
worker-d1-embb-1-1   | INFO:httpx:HTTP Request: POST http://broker-d1:8080/result "HTTP/1.1 200 OK"
broker-d1-1          | 2026-03-21 01:36:50,530 INFO httpx: HTTP Request: POST http://172.20.0.3:8081/execute "HTTP/1.1 200 OK"
broker-d1-1          | INFO:     172.20.0.3:49996 - "POST /result HTTP/1.1" 200 OK
worker-d1-embb-1-1   | INFO:     172.20.0.2:53806 - "POST /execute HTTP/1.1" 200 OK
worker-d1-embb-1-1   | INFO:httpx:HTTP Request: POST http://broker-d1:8080/result "HTTP/1.1 200 OK"
broker-d1-1          | 2026-03-21 01:36:50,536 INFO httpx: HTTP Request: POST http://172.20.0.3:8081/execute "HTTP/1.1 200 OK"
broker-d1-1          | INFO:     172.20.0.3:50092 - "POST /result HTTP/1.1" 200 OK
worker-d1-embb-1-1   | INFO:httpx:HTTP Request: POST http://broker-d1:8080/result "HTTP/1.1 200 OK"
broker-d1-1          | 2026-03-21 01:36:50,539 INFO __main__: Pipeline 'c51a208e-64d0-4e11-8295-f1d4306d4442' completed successfully.
worker-d1-embb-1-1   | INFO:     172.20.0.2:53800 - "POST /execute HTTP/1.1" 200 OK
broker-d1-1          | INFO:     172.21.0.3:33318 - "POST /result HTTP/1.1" 200 OK
broker-d1-1          | 2026-03-21 01:36:50,541 INFO httpx: HTTP Request: POST http://172.20.0.3:8081/execute "HTTP/1.1 200 OK"
worker-d1-urllc-2-1  | INFO:httpx:HTTP Request: POST http://broker-d1:8080/result "HTTP/1.1 200 OK"
broker-d1-1          | 2026-03-21 01:36:50,542 INFO __main__: Pipeline '0be8270c-7690-458f-b767-7db80c2c0797' (type=anomaly_detection) dispatched with placement {'detect': 'd1-embb-1', 'feature_extract': 'd1-embb-1', 'collect': 'd1-embb-1'}.
broker-d1-1          | INFO:     172.19.0.4:52764 - "POST /publish HTTP/1.1" 200 OK
worker-d1-urllc-2-1  | INFO:     172.21.0.2:45228 - "POST /execute HTTP/1.1" 200 OK
broker-d1-1          | INFO:     172.21.0.3:33350 - "POST /result HTTP/1.1" 200 OK
worker-d1-urllc-2-1  | INFO:     172.21.0.2:45160 - "POST /execute HTTP/1.1" 200 OK
broker-d1-1          | 2026-03-21 01:36:50,543 INFO httpx: HTTP Request: POST http://172.21.0.3:8081/execute "HTTP/1.1 200 OK"
workload-1           | INFO:httpx:HTTP Request: POST http://broker-d1:8080/publish "HTTP/1.1 200 OK"
worker-d1-urllc-2-1  | INFO:httpx:HTTP Request: POST http://broker-d1:8080/result "HTTP/1.1 200 OK"
broker-d1-1          | INFO:     172.21.0.3:33304 - "POST /result HTTP/1.1" 200 OK
worker-d1-urllc-2-1  | INFO:     172.21.0.2:45152 - "POST /execute HTTP/1.1" 200 OK
broker-d1-1          | INFO:     172.19.0.4:54972 - "POST /publish HTTP/1.1" 200 OK
broker-d1-1          | 2026-03-21 01:36:50,548 INFO httpx: HTTP Request: POST http://172.21.0.3:8081/execute "HTTP/1.1 200 OK"
worker-d1-urllc-2-1  | INFO:httpx:HTTP Request: POST http://broker-d1:8080/result "HTTP/1.1 200 OK"
broker-d1-1          | 2026-03-21 01:36:50,551 INFO httpx: HTTP Request: POST http://172.21.0.3:8081/execute "HTTP/1.1 200 OK"
broker-d1-1          | 2026-03-21 01:36:50,552 INFO __main__: Pipeline 'c51a208e-64d0-4e11-8295-f1d4306d4442' (type=cqi_prediction) dispatched with placement {'predict': 'd1-urllc-2', 'feature_extract': 'd1-urllc-2', 'collect': 'd1-urllc-2'}.
broker-d1-1          | INFO:     172.20.0.3:49996 - "POST /result HTTP/1.1" 200 OK
worker-d1-embb-1-1   | INFO:     172.20.0.2:53854 - "POST /execute HTTP/1.1" 200 OK
workload-1           | INFO:httpx:HTTP Request: POST http://broker-d1:8080/publish "HTTP/1.1 200 OK"
broker-d1-1          | 2026-03-21 01:36:50,558 INFO __main__: Pipeline '243d4ae6-22e8-467e-ace3-cf31427093f8' completed successfully.
worker-d1-embb-1-1   | INFO:httpx:HTTP Request: POST http://broker-d1:8080/result "HTTP/1.1 200 OK"
broker-d1-1          | 2026-03-21 01:36:50,561 INFO httpx: HTTP Request: POST http://172.20.0.3:8081/execute "HTTP/1.1 200 OK"
broker-d1-1          | INFO:     172.20.0.3:49918 - "POST /result HTTP/1.1" 200 OK
worker-d1-embb-1-1   | INFO:httpx:HTTP Request: POST http://broker-d1:8080/result "HTTP/1.1 200 OK"
worker-d1-embb-1-1   | INFO:     172.20.0.2:53796 - "POST /execute HTTP/1.1" 200 OK
broker-d1-1          | INFO:     172.20.0.3:49984 - "POST /result HTTP/1.1" 200 OK
broker-d1-1          | 2026-03-21 01:36:50,565 INFO httpx: HTTP Request: POST http://172.20.0.3:8081/execute "HTTP/1.1 200 OK"
worker-d1-embb-1-1   | INFO:httpx:HTTP Request: POST http://broker-d1:8080/result "HTTP/1.1 200 OK"
worker-d1-embb-1-1   | INFO:     172.20.0.2:53746 - "POST /execute HTTP/1.1" 200 OK
broker-d1-1          | 2026-03-21 01:36:50,570 INFO httpx: HTTP Request: POST http://172.20.0.3:8081/execute "HTTP/1.1 200 OK"
broker-d1-1          | INFO:     172.20.0.3:50158 - "POST /result HTTP/1.1" 200 OK
broker-d1-1          | 2026-03-21 01:36:50,747 WARNING __main__: Received result for unknown pipeline '243d4ae6-22e8-467e-ace3-cf31427093f8'.
broker-d1-1          | INFO:     172.20.0.3:50174 - "POST /result HTTP/1.1" 200 OK
worker-d1-embb-1-1   | INFO:httpx:HTTP Request: POST http://broker-d1:8080/result "HTTP/1.1 200 OK"
broker-d1-1          | 2026-03-21 01:36:50,749 WARNING __main__: Received result for unknown pipeline '243d4ae6-22e8-467e-ace3-cf31427093f8'.
worker-d1-embb-1-1   | INFO:     172.20.0.2:53870 - "POST /execute HTTP/1.1" 200 OK
broker-d1-1          | INFO:     172.20.0.3:50232 - "POST /result HTTP/1.1" 200 OK
worker-d1-embb-1-1   | INFO:     172.20.0.2:53880 - "POST /execute HTTP/1.1" 200 OK
worker-d1-embb-1-1   | INFO:     172.20.0.2:53868 - "POST /execute HTTP/1.1" 200 OK
broker-d1-1          | 2026-03-21 01:36:50,750 WARNING __main__: Received result for unknown pipeline '243d4ae6-22e8-467e-ace3-cf31427093f8'.
worker-d1-embb-1-1   | INFO:httpx:HTTP Request: POST http://broker-d1:8080/result "HTTP/1.1 200 OK"
worker-d1-embb-1-1   | INFO:httpx:HTTP Request: POST http://broker-d1:8080/result "HTTP/1.1 200 OK"
broker-d1-1          | 2026-03-21 01:36:50,751 INFO httpx: HTTP Request: POST http://172.20.0.3:8081/execute "HTTP/1.1 200 OK"
broker-d1-1          | INFO:     172.20.0.3:49998 - "POST /result HTTP/1.1" 200 OK
broker-d1-1          | INFO:     172.20.0.3:50138 - "POST /result HTTP/1.1" 200 OK
broker-d1-1          | INFO:     172.20.0.3:49942 - "POST /result HTTP/1.1" 200 OK
worker-d1-embb-1-1   | INFO:     172.20.0.2:53824 - "POST /execute HTTP/1.1" 200 OK
broker-d1-1          | INFO:     172.20.0.3:50134 - "POST /result HTTP/1.1" 200 OK
broker-d1-1          | 2026-03-21 01:36:50,753 INFO httpx: HTTP Request: POST http://172.20.0.3:8081/execute "HTTP/1.1 200 OK"
broker-d1-1          | 2026-03-21 01:36:50,755 INFO httpx: HTTP Request: POST http://172.20.0.3:8081/execute "HTTP/1.1 200 OK"
worker-d1-embb-1-1   | INFO:httpx:HTTP Request: POST http://broker-d1:8080/result "HTTP/1.1 200 OK"
broker-d1-1          | 2026-03-21 01:36:50,759 INFO httpx: HTTP Request: POST http://172.20.0.3:8081/execute "HTTP/1.1 200 OK"
worker-d1-embb-1-1   | INFO:     172.20.0.2:53840 - "POST /execute HTTP/1.1" 200 OK
broker-d1-1          | INFO:     172.20.0.3:50136 - "POST /result HTTP/1.1" 200 OK
worker-d1-embb-1-1   | INFO:     172.20.0.2:53816 - "POST /execute HTTP/1.1" 200 OK
worker-d1-embb-1-1   | INFO:httpx:HTTP Request: POST http://broker-d1:8080/result "HTTP/1.1 200 OK"
worker-d1-embb-1-1   | INFO:httpx:HTTP Request: POST http://broker-d1:8080/result "HTTP/1.1 200 OK"
broker-d1-1          | 2026-03-21 01:36:50,765 INFO httpx: HTTP Request: POST http://172.20.0.3:8081/execute "HTTP/1.1 200 OK"
broker-d1-1          | 2026-03-21 01:36:50,766 INFO httpx: HTTP Request: POST http://172.20.0.3:8081/execute "HTTP/1.1 200 OK"
broker-d1-1          | INFO:     172.20.0.3:50124 - "POST /result HTTP/1.1" 200 OK
worker-d1-embb-1-1   | INFO:     172.20.0.2:53778 - "POST /execute HTTP/1.1" 200 OK
worker-d1-embb-1-1   | INFO:     172.20.0.2:53786 - "POST /execute HTTP/1.1" 200 OK
worker-d1-embb-1-1   | INFO:httpx:HTTP Request: POST http://broker-d1:8080/result "HTTP/1.1 200 OK"
broker-d1-1          | 2026-03-21 01:36:50,768 INFO httpx: HTTP Request: POST http://172.20.0.3:8081/execute "HTTP/1.1 200 OK"
worker-d1-embb-1-1   | INFO:httpx:HTTP Request: POST http://broker-d1:8080/result "HTTP/1.1 200 OK"
worker-d1-embb-1-1   | INFO:httpx:HTTP Request: POST http://broker-d1:8080/result "HTTP/1.1 200 OK"
worker-d1-embb-1-1   | INFO:     172.20.0.2:53766 - "POST /execute HTTP/1.1" 200 OK
broker-d1-1          | INFO:     172.20.0.3:49978 - "POST /result HTTP/1.1" 200 OK
broker-d1-1          | INFO:     172.20.0.3:49924 - "POST /result HTTP/1.1" 200 OK
worker-d1-embb-1-1   | INFO:     172.20.0.2:53756 - "POST /execute HTTP/1.1" 200 OK
broker-d1-1          | 2026-03-21 01:36:50,770 INFO httpx: HTTP Request: POST http://172.20.0.3:8081/execute "HTTP/1.1 200 OK"
broker-d1-1          | 2026-03-21 01:36:50,771 INFO httpx: HTTP Request: POST http://172.20.0.3:8081/execute "HTTP/1.1 200 OK"
worker-d1-embb-1-1   | INFO:httpx:HTTP Request: POST http://broker-d1:8080/result "HTTP/1.1 200 OK"
broker-d1-1          | 2026-03-21 01:36:50,772 INFO httpx: HTTP Request: POST http://172.20.0.3:8081/execute "HTTP/1.1 200 OK"
worker-d1-embb-1-1   | INFO:     172.20.0.2:53738 - "POST /execute HTTP/1.1" 200 OK
broker-d1-1          | INFO:     172.19.0.4:52708 - "POST /publish HTTP/1.1" 200 OK
worker-d1-embb-1-1   | INFO:httpx:HTTP Request: POST http://broker-d1:8080/result "HTTP/1.1 200 OK"
broker-d1-1          | 2026-03-21 01:36:50,774 INFO httpx: HTTP Request: POST http://172.20.0.3:8081/execute "HTTP/1.1 200 OK"
broker-d1-1          | 2026-03-21 01:36:50,774 INFO __main__: Pipeline '243d4ae6-22e8-467e-ace3-cf31427093f8' (type=sensor_fusion) dispatched with placement {'decide': 'd1-embb-1', 'fuse': 'd1-embb-1', 'sensor_0': 'd1-embb-1', 'sensor_1': 'd1-embb-1', 'sensor_2': 'd1-embb-1'}.
workload-1           | INFO:httpx:HTTP Request: POST http://broker-d1:8080/publish "HTTP/1.1 200 OK"
broker-d1-1          | INFO:     172.21.0.3:33304 - "POST /result HTTP/1.1" 200 OK
broker-d1-1          | 2026-03-21 01:36:50,858 INFO __main__: Pipeline '25c8e1f4-7710-4abb-9808-90a50b7b63bf' completed successfully.
worker-d1-urllc-2-1  | INFO:httpx:HTTP Request: POST http://broker-d1:8080/result "HTTP/1.1 200 OK"
worker-d1-urllc-2-1  | INFO:     172.21.0.2:45242 - "POST /execute HTTP/1.1" 200 OK
broker-d1-1          | 2026-03-21 01:36:50,868 INFO httpx: HTTP Request: POST http://172.21.0.3:8081/execute "HTTP/1.1 200 OK"
broker-d1-1          | INFO:     172.21.0.3:32788 - "POST /result HTTP/1.1" 200 OK
worker-d1-urllc-2-1  | INFO:     172.21.0.2:45192 - "POST /execute HTTP/1.1" 200 OK
worker-d1-urllc-2-1  | INFO:httpx:HTTP Request: POST http://broker-d1:8080/result "HTTP/1.1 200 OK"
broker-d1-1          | 2026-03-21 01:36:50,873 INFO httpx: HTTP Request: POST http://172.21.0.3:8081/execute "HTTP/1.1 200 OK"
broker-d1-1          | INFO:     172.21.0.3:33334 - "POST /result HTTP/1.1" 200 OK
worker-d1-urllc-2-1  | INFO:httpx:HTTP Request: POST http://broker-d1:8080/result "HTTP/1.1 200 OK"
worker-d1-urllc-2-1  | INFO:     172.21.0.2:45170 - "POST /execute HTTP/1.1" 200 OK
broker-d1-1          | 2026-03-21 01:36:50,879 INFO httpx: HTTP Request: POST http://172.21.0.3:8081/execute "HTTP/1.1 200 OK"
broker-d1-1          | 2026-03-21 01:36:50,880 INFO __main__: Pipeline '25c8e1f4-7710-4abb-9808-90a50b7b63bf' (type=cqi_prediction) dispatched with placement {'predict': 'd1-urllc-2', 'feature_extract': 'd1-urllc-2', 'collect': 'd1-urllc-2'}.
broker-d1-1          | INFO:     172.19.0.4:52722 - "POST /publish HTTP/1.1" 200 OK
workload-1           | INFO:httpx:HTTP Request: POST http://broker-d1:8080/publish "HTTP/1.1 200 OK"
broker-d2-1          | INFO:     127.0.0.1:47222 - "GET /health HTTP/1.1" 200 OK
broker-d1-1          | INFO:     127.0.0.1:47234 - "GET /health HTTP/1.1" 200 OK
broker-d1-1          | INFO:     172.21.0.3:33318 - "POST /result HTTP/1.1" 200 OK
broker-d1-1          | 2026-03-21 01:36:51,053 INFO __main__: Pipeline '25cc1724-14f0-4301-86b0-36da86382c4d' completed successfully.
worker-d1-urllc-2-1  | INFO:httpx:HTTP Request: POST http://broker-d1:8080/result "HTTP/1.1 200 OK"
worker-d1-urllc-2-1  | INFO:     172.21.0.2:45250 - "POST /execute HTTP/1.1" 200 OK
broker-d1-1          | 2026-03-21 01:36:51,059 INFO httpx: HTTP Request: POST http://172.21.0.3:8081/execute "HTTP/1.1 200 OK"
broker-d1-1          | INFO:     172.21.0.3:32798 - "POST /result HTTP/1.1" 200 OK
worker-d1-urllc-2-1  | INFO:httpx:HTTP Request: POST http://broker-d1:8080/result "HTTP/1.1 200 OK"
worker-d1-urllc-2-1  | INFO:     172.21.0.2:45232 - "POST /execute HTTP/1.1" 200 OK
broker-d1-1          | 2026-03-21 01:36:51,064 INFO httpx: HTTP Request: POST http://172.21.0.3:8081/execute "HTTP/1.1 200 OK"
broker-d1-1          | INFO:     172.21.0.3:51710 - "POST /result HTTP/1.1" 200 OK
worker-d1-urllc-2-1  | INFO:httpx:HTTP Request: POST http://broker-d1:8080/result "HTTP/1.1 200 OK"
worker-d1-urllc-2-1  | INFO:     172.21.0.2:45212 - "POST /execute HTTP/1.1" 200 OK
broker-d1-1          | INFO:     172.19.0.4:52720 - "POST /publish HTTP/1.1" 200 OK
broker-d1-1          | 2026-03-21 01:36:51,068 INFO httpx: HTTP Request: POST http://172.21.0.3:8081/execute "HTTP/1.1 200 OK"
broker-d1-1          | 2026-03-21 01:36:51,069 INFO __main__: Pipeline '25cc1724-14f0-4301-86b0-36da86382c4d' (type=cqi_prediction) dispatched with placement {'predict': 'd1-urllc-2', 'feature_extract': 'd1-urllc-2', 'collect': 'd1-urllc-2'}.
workload-1           | INFO:httpx:HTTP Request: POST http://broker-d1:8080/publish "HTTP/1.1 200 OK"
broker-d1-1          | 2026-03-21 01:36:51,362 WARNING __main__: Pipeline '04dbb925-e892-4ad4-adae-e2d27054c64b' has 1 governance violation(s): ["Capacity: node 'd1-urllc-2' overloaded (demand=1.200, residual=1.000)."]
broker-d1-1          | INFO:     172.21.0.3:33334 - "POST /result HTTP/1.1" 200 OK
broker-d1-1          | 2026-03-21 01:36:51,592 INFO __main__: Pipeline 'e1f17617-2967-4f95-961a-eaa3370b91c3' completed successfully.
worker-d1-urllc-2-1  | INFO:httpx:HTTP Request: POST http://broker-d1:8080/result "HTTP/1.1 200 OK"
worker-d1-urllc-2-1  | INFO:     172.21.0.2:45170 - "POST /execute HTTP/1.1" 200 OK
broker-d1-1          | 2026-03-21 01:36:51,599 INFO httpx: HTTP Request: POST http://172.21.0.3:8081/execute "HTTP/1.1 200 OK"
broker-d1-1          | INFO:     172.21.0.3:33304 - "POST /result HTTP/1.1" 200 OK
worker-d1-urllc-2-1  | INFO:     172.21.0.2:45266 - "POST /execute HTTP/1.1" 200 OK
worker-d1-urllc-2-1  | INFO:httpx:HTTP Request: POST http://broker-d1:8080/result "HTTP/1.1 200 OK"
broker-d1-1          | INFO:     172.21.0.3:33292 - "POST /result HTTP/1.1" 200 OK
broker-d1-1          | 2026-03-21 01:36:51,605 INFO httpx: HTTP Request: POST http://172.21.0.3:8081/execute "HTTP/1.1 200 OK"
worker-d1-urllc-2-1  | INFO:httpx:HTTP Request: POST http://broker-d1:8080/result "HTTP/1.1 200 OK"
worker-d1-urllc-2-1  | INFO:     172.21.0.2:45260 - "POST /execute HTTP/1.1" 200 OK
broker-d1-1          | 2026-03-21 01:36:51,609 INFO httpx: HTTP Request: POST http://172.21.0.3:8081/execute "HTTP/1.1 200 OK"
broker-d1-1          | 2026-03-21 01:36:51,610 INFO __main__: Pipeline 'e1f17617-2967-4f95-961a-eaa3370b91c3' (type=cqi_prediction) dispatched with placement {'predict': 'd1-urllc-2', 'feature_extract': 'd1-urllc-2', 'collect': 'd1-urllc-2'}.
broker-d1-1          | INFO:     172.19.0.4:52730 - "POST /publish HTTP/1.1" 200 OK
workload-1           | INFO:httpx:HTTP Request: POST http://broker-d1:8080/publish "HTTP/1.1 200 OK"
broker-d1-1          | INFO:     172.20.0.3:38070 - "POST /result HTTP/1.1" 200 OK
broker-d1-1          | 2026-03-21 01:36:51,847 INFO __main__: Pipeline '640bd178-62f6-410d-be54-a5f9488a9f49' completed successfully.
worker-d1-embb-1-1   | INFO:httpx:HTTP Request: POST http://broker-d1:8080/result "HTTP/1.1 200 OK"
worker-d1-embb-1-1   | INFO:     172.20.0.2:54026 - "POST /execute HTTP/1.1" 200 OK
broker-d1-1          | 2026-03-21 01:36:51,852 INFO httpx: HTTP Request: POST http://172.20.0.3:8081/execute "HTTP/1.1 200 OK"
broker-d1-1          | INFO:     172.20.0.3:50136 - "POST /result HTTP/1.1" 200 OK
worker-d1-embb-1-1   | INFO:httpx:HTTP Request: POST http://broker-d1:8080/result "HTTP/1.1 200 OK"
worker-d1-embb-1-1   | INFO:     172.20.0.2:53942 - "POST /execute HTTP/1.1" 200 OK
broker-d1-1          | 2026-03-21 01:36:51,859 INFO httpx: HTTP Request: POST http://172.20.0.3:8081/execute "HTTP/1.1 200 OK"
broker-d1-1          | INFO:     172.20.0.3:49984 - "POST /result HTTP/1.1" 200 OK
worker-d1-embb-1-1   | INFO:httpx:HTTP Request: POST http://broker-d1:8080/result "HTTP/1.1 200 OK"
worker-d1-embb-1-1   | INFO:     172.20.0.2:53904 - "POST /execute HTTP/1.1" 200 OK
broker-d1-1          | 2026-03-21 01:36:51,868 INFO httpx: HTTP Request: POST http://172.20.0.3:8081/execute "HTTP/1.1 200 OK"
broker-d1-1          | INFO:     172.20.0.3:38104 - "POST /result HTTP/1.1" 200 OK
broker-d1-1          | 2026-03-21 01:36:52,013 WARNING __main__: Received result for unknown pipeline '640bd178-62f6-410d-be54-a5f9488a9f49'.
worker-d1-embb-1-1   | INFO:httpx:HTTP Request: POST http://broker-d1:8080/result "HTTP/1.1 200 OK"
worker-d1-embb-1-1   | INFO:     172.20.0.2:54050 - "POST /execute HTTP/1.1" 200 OK
broker-d1-1          | INFO:     172.20.0.3:50158 - "POST /result HTTP/1.1" 200 OK
broker-d1-1          | 2026-03-21 01:36:52,019 INFO httpx: HTTP Request: POST http://172.20.0.3:8081/execute "HTTP/1.1 200 OK"
worker-d1-embb-1-1   | INFO:httpx:HTTP Request: POST http://broker-d1:8080/result "HTTP/1.1 200 OK"
worker-d1-embb-1-1   | INFO:     172.20.0.2:53948 - "POST /execute HTTP/1.1" 200 OK
broker-d1-1          | 2026-03-21 01:36:52,026 INFO httpx: HTTP Request: POST http://172.20.0.3:8081/execute "HTTP/1.1 200 OK"
broker-d1-1          | INFO:     172.20.0.3:50092 - "POST /result HTTP/1.1" 200 OK
worker-d1-embb-1-1   | INFO:httpx:HTTP Request: POST http://broker-d1:8080/result "HTTP/1.1 200 OK"
worker-d1-embb-1-1   | INFO:     172.20.0.2:53920 - "POST /execute HTTP/1.1" 200 OK
broker-d1-1          | INFO:     172.20.0.3:38114 - "POST /result HTTP/1.1" 200 OK
broker-d1-1          | 2026-03-21 01:36:52,030 WARNING __main__: Received result for unknown pipeline '640bd178-62f6-410d-be54-a5f9488a9f49'.
broker-d1-1          | 2026-03-21 01:36:52,031 INFO httpx: HTTP Request: POST http://172.20.0.3:8081/execute "HTTP/1.1 200 OK"
worker-d1-embb-1-1   | INFO:     172.20.0.2:54064 - "POST /execute HTTP/1.1" 200 OK
broker-d1-1          | INFO:     172.20.0.3:38118 - "POST /result HTTP/1.1" 200 OK
broker-d1-1          | INFO:     172.20.0.3:50174 - "POST /result HTTP/1.1" 200 OK
worker-d1-embb-1-1   | INFO:     172.20.0.2:54066 - "POST /execute HTTP/1.1" 200 OK
worker-d1-embb-1-1   | INFO:httpx:HTTP Request: POST http://broker-d1:8080/result "HTTP/1.1 200 OK"
broker-d1-1          | 2026-03-21 01:36:52,033 INFO httpx: HTTP Request: POST http://172.20.0.3:8081/execute "HTTP/1.1 200 OK"
broker-d1-1          | 2026-03-21 01:36:52,035 WARNING __main__: Received result for unknown pipeline '640bd178-62f6-410d-be54-a5f9488a9f49'.
worker-d1-embb-1-1   | INFO:httpx:HTTP Request: POST http://broker-d1:8080/result "HTTP/1.1 200 OK"
worker-d1-embb-1-1   | INFO:     172.20.0.2:53950 - "POST /execute HTTP/1.1" 200 OK
broker-d1-1          | INFO:     172.20.0.3:50232 - "POST /result HTTP/1.1" 200 OK
broker-d1-1          | INFO:     172.20.0.3:50150 - "POST /result HTTP/1.1" 200 OK
worker-d1-embb-1-1   | INFO:     172.20.0.2:53952 - "POST /execute HTTP/1.1" 200 OK
worker-d1-embb-1-1   | INFO:httpx:HTTP Request: POST http://broker-d1:8080/result "HTTP/1.1 200 OK"
broker-d1-1          | 2026-03-21 01:36:52,036 INFO httpx: HTTP Request: POST http://172.20.0.3:8081/execute "HTTP/1.1 200 OK"
broker-d1-1          | 2026-03-21 01:36:52,038 INFO httpx: HTTP Request: POST http://172.20.0.3:8081/execute "HTTP/1.1 200 OK"
worker-d1-embb-1-1   | INFO:httpx:HTTP Request: POST http://broker-d1:8080/result "HTTP/1.1 200 OK"
broker-d1-1          | 2026-03-21 01:36:52,040 INFO httpx: HTTP Request: POST http://172.20.0.3:8081/execute "HTTP/1.1 200 OK"
worker-d1-embb-1-1   | INFO:     172.20.0.2:53934 - "POST /execute HTTP/1.1" 200 OK
broker-d1-1          | INFO:     172.20.0.3:50224 - "POST /result HTTP/1.1" 200 OK
worker-d1-embb-1-1   | INFO:httpx:HTTP Request: POST http://broker-d1:8080/result "HTTP/1.1 200 OK"
worker-d1-embb-1-1   | INFO:httpx:HTTP Request: POST http://broker-d1:8080/result "HTTP/1.1 200 OK"
worker-d1-embb-1-1   | INFO:     172.20.0.2:53936 - "POST /execute HTTP/1.1" 200 OK
broker-d1-1          | INFO:     172.20.0.3:49918 - "POST /result HTTP/1.1" 200 OK
broker-d1-1          | 2026-03-21 01:36:52,041 INFO httpx: HTTP Request: POST http://172.20.0.3:8081/execute "HTTP/1.1 200 OK"
worker-d1-embb-1-1   | INFO:httpx:HTTP Request: POST http://broker-d1:8080/result "HTTP/1.1 200 OK"
broker-d1-1          | 2026-03-21 01:36:52,042 INFO httpx: HTTP Request: POST http://172.20.0.3:8081/execute "HTTP/1.1 200 OK"
worker-d1-embb-1-1   | INFO:     172.20.0.2:53896 - "POST /execute HTTP/1.1" 200 OK
broker-d1-1          | INFO:     172.20.0.3:49996 - "POST /result HTTP/1.1" 200 OK
worker-d1-embb-1-1   | INFO:     172.20.0.2:53918 - "POST /execute HTTP/1.1" 200 OK
broker-d1-1          | INFO:     172.19.0.4:52744 - "POST /publish HTTP/1.1" 200 OK
worker-d1-embb-1-1   | INFO:httpx:HTTP Request: POST http://broker-d1:8080/result "HTTP/1.1 200 OK"
broker-d1-1          | 2026-03-21 01:36:52,043 INFO httpx: HTTP Request: POST http://172.20.0.3:8081/execute "HTTP/1.1 200 OK"
broker-d1-1          | 2026-03-21 01:36:52,044 INFO httpx: HTTP Request: POST http://172.20.0.3:8081/execute "HTTP/1.1 200 OK"
broker-d1-1          | 2026-03-21 01:36:52,045 INFO __main__: Pipeline '640bd178-62f6-410d-be54-a5f9488a9f49' (type=sensor_fusion) dispatched with placement {'decide': 'd1-embb-1', 'fuse': 'd1-embb-1', 'sensor_0': 'd1-embb-1', 'sensor_1': 'd1-embb-1', 'sensor_2': 'd1-embb-1'}.
workload-1           | INFO:httpx:HTTP Request: POST http://broker-d1:8080/publish "HTTP/1.1 200 OK"
broker-d1-1          | 2026-03-21 01:36:52,048 WARNING __main__: Pipeline '90f9f44e-2c2f-4511-a1d7-c46ea1978dee' has 1 governance violation(s): ["Capacity: node 'd1-urllc-2' overloaded (demand=1.200, residual=1.000)."]
broker-d1-1          | 2026-03-21 01:36:52,164 WARNING __main__: Pipeline '31b7b7c5-043b-4770-9ba6-eba55d4727d6' has 1 governance violation(s): ["Capacity: node 'd1-urllc-2' overloaded (demand=1.200, residual=1.000)."]
worker-d1-urllc-2-1  | INFO:     172.21.0.2:45336 - "GET /health HTTP/1.1" 200 OK
worker-d1-urllc-1-1  | INFO:     172.21.0.2:38882 - "GET /health HTTP/1.1" 200 OK
worker-d1-embb-1-1   | INFO:     172.20.0.2:54192 - "GET /health HTTP/1.1" 200 OK
broker-d1-1          | 2026-03-21 01:36:52,256 INFO httpx: HTTP Request: GET http://172.21.0.3:8081/health "HTTP/1.1 200 OK"
broker-d1-1          | 2026-03-21 01:36:52,258 INFO httpx: HTTP Request: GET http://172.20.0.3:8081/health "HTTP/1.1 200 OK"
worker-d2-embb-2-1   | INFO:     172.18.0.2:45760 - "GET /health HTTP/1.1" 200 OK
worker-d2-embb-1-1   | INFO:     172.18.0.2:44090 - "GET /health HTTP/1.1" 200 OK
broker-d1-1          | 2026-03-21 01:36:52,258 INFO httpx: HTTP Request: GET http://172.21.0.4:8081/health "HTTP/1.1 200 OK"
broker-d2-1          | 2026-03-21 01:36:52,261 INFO httpx: HTTP Request: GET http://172.18.0.3:8081/health "HTTP/1.1 200 OK"
broker-d2-1          | 2026-03-21 01:36:52,263 INFO httpx: HTTP Request: GET http://172.18.0.4:8081/health "HTTP/1.1 200 OK"
broker-d1-1          | INFO:     172.20.0.3:50224 - "POST /result HTTP/1.1" 200 OK
broker-d1-1          | 2026-03-21 01:36:52,303 INFO __main__: Pipeline '4c2c3a13-1ec6-4c1f-8c33-16912dfc8189' completed successfully.
worker-d1-embb-1-1   | INFO:httpx:HTTP Request: POST http://broker-d1:8080/result "HTTP/1.1 200 OK"
worker-d1-embb-1-1   | INFO:     172.20.0.2:54072 - "POST /execute HTTP/1.1" 200 OK
broker-d1-1          | 2026-03-21 01:36:52,309 INFO httpx: HTTP Request: POST http://172.20.0.3:8081/execute "HTTP/1.1 200 OK"
broker-d1-1          | INFO:     172.20.0.3:50324 - "POST /result HTTP/1.1" 200 OK
worker-d1-embb-1-1   | INFO:httpx:HTTP Request: POST http://broker-d1:8080/result "HTTP/1.1 200 OK"
worker-d1-embb-1-1   | INFO:     172.20.0.2:53978 - "POST /execute HTTP/1.1" 200 OK
broker-d1-1          | 2026-03-21 01:36:52,314 INFO httpx: HTTP Request: POST http://172.20.0.3:8081/execute "HTTP/1.1 200 OK"
broker-d1-1          | INFO:     172.20.0.3:49978 - "POST /result HTTP/1.1" 200 OK
worker-d1-embb-1-1   | INFO:httpx:HTTP Request: POST http://broker-d1:8080/result "HTTP/1.1 200 OK"
worker-d1-embb-1-1   | INFO:     172.20.0.2:53954 - "POST /execute HTTP/1.1" 200 OK
broker-d1-1          | 2026-03-21 01:36:52,319 INFO httpx: HTTP Request: POST http://172.20.0.3:8081/execute "HTTP/1.1 200 OK"
broker-d1-1          | 2026-03-21 01:36:52,366 WARNING __main__: Pipeline 'dbec8210-76a4-4bca-9122-e87ef6a9f4ed' has 1 governance violation(s): ["Capacity: node 'd1-urllc-2' overloaded (demand=1.200, residual=1.000)."]
broker-d1-1          | INFO:     172.20.0.3:49978 - "POST /result HTTP/1.1" 200 OK
broker-d1-1          | 2026-03-21 01:36:52,369 INFO __main__: Pipeline 'ffbe834d-4fc0-4973-bc99-c35086043fe7' completed successfully.
worker-d1-embb-1-1   | INFO:httpx:HTTP Request: POST http://broker-d1:8080/result "HTTP/1.1 200 OK"
worker-d1-embb-1-1   | INFO:     172.20.0.2:54068 - "POST /execute HTTP/1.1" 200 OK
broker-d1-1          | 2026-03-21 01:36:52,374 INFO httpx: HTTP Request: POST http://172.20.0.3:8081/execute "HTTP/1.1 200 OK"
broker-d1-1          | INFO:     172.20.0.3:50308 - "POST /result HTTP/1.1" 200 OK
worker-d1-embb-1-1   | INFO:httpx:HTTP Request: POST http://broker-d1:8080/result "HTTP/1.1 200 OK"
worker-d1-embb-1-1   | INFO:     172.20.0.2:54034 - "POST /execute HTTP/1.1" 200 OK
broker-d1-1          | 2026-03-21 01:36:52,378 INFO httpx: HTTP Request: POST http://172.20.0.3:8081/execute "HTTP/1.1 200 OK"
broker-d1-1          | INFO:     172.20.0.3:50138 - "POST /result HTTP/1.1" 200 OK
worker-d1-embb-1-1   | INFO:     172.20.0.2:53980 - "POST /execute HTTP/1.1" 200 OK
worker-d1-embb-1-1   | INFO:httpx:HTTP Request: POST http://broker-d1:8080/result "HTTP/1.1 200 OK"
broker-d1-1          | INFO:     172.19.0.4:52720 - "POST /publish HTTP/1.1" 200 OK
broker-d1-1          | 2026-03-21 01:36:52,382 INFO httpx: HTTP Request: POST http://172.20.0.3:8081/execute "HTTP/1.1 200 OK"
broker-d1-1          | 2026-03-21 01:36:52,383 INFO __main__: Pipeline 'ffbe834d-4fc0-4973-bc99-c35086043fe7' (type=anomaly_detection) dispatched with placement {'detect': 'd1-embb-1', 'feature_extract': 'd1-embb-1', 'collect': 'd1-embb-1'}.
workload-1           | INFO:httpx:HTTP Request: POST http://broker-d1:8080/publish "HTTP/1.1 200 OK"
broker-d1-1          | INFO:     172.20.0.3:49978 - "POST /result HTTP/1.1" 200 OK
broker-d1-1          | 2026-03-21 01:36:52,476 WARNING __main__: Received result for unknown pipeline '4c2c3a13-1ec6-4c1f-8c33-16912dfc8189'.
worker-d1-embb-1-1   | INFO:httpx:HTTP Request: POST http://broker-d1:8080/result "HTTP/1.1 200 OK"
broker-d1-1          | INFO:     172.20.0.3:50138 - "POST /result HTTP/1.1" 200 OK
worker-d1-embb-1-1   | INFO:     172.20.0.2:54088 - "POST /execute HTTP/1.1" 200 OK
broker-d1-1          | 2026-03-21 01:36:52,479 WARNING __main__: Received result for unknown pipeline '4c2c3a13-1ec6-4c1f-8c33-16912dfc8189'.
worker-d1-embb-1-1   | INFO:httpx:HTTP Request: POST http://broker-d1:8080/result "HTTP/1.1 200 OK"
worker-d1-embb-1-1   | INFO:     172.20.0.2:54106 - "POST /execute HTTP/1.1" 200 OK
broker-d1-1          | 2026-03-21 01:36:52,486 WARNING __main__: Received result for unknown pipeline '4c2c3a13-1ec6-4c1f-8c33-16912dfc8189'.
broker-d1-1          | INFO:     172.20.0.3:50224 - "POST /result HTTP/1.1" 200 OK
worker-d1-embb-1-1   | INFO:httpx:HTTP Request: POST http://broker-d1:8080/result "HTTP/1.1 200 OK"
broker-d1-1          | 2026-03-21 01:36:52,487 INFO httpx: HTTP Request: POST http://172.20.0.3:8081/execute "HTTP/1.1 200 OK"
worker-d1-embb-1-1   | INFO:     172.20.0.2:54120 - "POST /execute HTTP/1.1" 200 OK
broker-d1-1          | 2026-03-21 01:36:52,489 INFO httpx: HTTP Request: POST http://172.20.0.3:8081/execute "HTTP/1.1 200 OK"
broker-d1-1          | INFO:     172.20.0.3:50136 - "POST /result HTTP/1.1" 200 OK
broker-d1-1          | 2026-03-21 01:36:52,491 INFO httpx: HTTP Request: POST http://172.20.0.3:8081/execute "HTTP/1.1 200 OK"
broker-d1-1          | INFO:     172.20.0.3:38072 - "POST /result HTTP/1.1" 200 OK
worker-d1-embb-1-1   | INFO:     172.20.0.2:53984 - "POST /execute HTTP/1.1" 200 OK
worker-d1-embb-1-1   | INFO:httpx:HTTP Request: POST http://broker-d1:8080/result "HTTP/1.1 200 OK"
broker-d1-1          | INFO:     172.20.0.3:38076 - "POST /result HTTP/1.1" 200 OK
worker-d1-embb-1-1   | INFO:     172.20.0.2:54010 - "POST /execute HTTP/1.1" 200 OK
broker-d1-1          | INFO:     172.20.0.3:49998 - "POST /result HTTP/1.1" 200 OK
worker-d1-embb-1-1   | INFO:     172.20.0.2:53996 - "POST /execute HTTP/1.1" 200 OK
worker-d1-embb-1-1   | INFO:httpx:HTTP Request: POST http://broker-d1:8080/result "HTTP/1.1 200 OK"
broker-d1-1          | 2026-03-21 01:36:52,494 INFO httpx: HTTP Request: POST http://172.20.0.3:8081/execute "HTTP/1.1 200 OK"
worker-d1-embb-1-1   | INFO:httpx:HTTP Request: POST http://broker-d1:8080/result "HTTP/1.1 200 OK"
broker-d1-1          | 2026-03-21 01:36:52,496 INFO httpx: HTTP Request: POST http://172.20.0.3:8081/execute "HTTP/1.1 200 OK"
broker-d1-1          | INFO:     172.20.0.3:50134 - "POST /result HTTP/1.1" 200 OK
broker-d1-1          | INFO:     172.20.0.3:50124 - "POST /result HTTP/1.1" 200 OK
worker-d1-embb-1-1   | INFO:     172.20.0.2:53958 - "POST /execute HTTP/1.1" 200 OK
worker-d1-embb-1-1   | INFO:     172.20.0.2:53976 - "POST /execute HTTP/1.1" 200 OK
broker-d1-1          | 2026-03-21 01:36:52,497 INFO httpx: HTTP Request: POST http://172.20.0.3:8081/execute "HTTP/1.1 200 OK"
worker-d1-embb-1-1   | INFO:httpx:HTTP Request: POST http://broker-d1:8080/result "HTTP/1.1 200 OK"
broker-d1-1          | 2026-03-21 01:36:52,499 INFO httpx: HTTP Request: POST http://172.20.0.3:8081/execute "HTTP/1.1 200 OK"
worker-d1-embb-1-1   | INFO:httpx:HTTP Request: POST http://broker-d1:8080/result "HTTP/1.1 200 OK"
broker-d1-1          | 2026-03-21 01:36:52,501 INFO httpx: HTTP Request: POST http://172.20.0.3:8081/execute "HTTP/1.1 200 OK"
broker-d1-1          | INFO:     172.20.0.3:49924 - "POST /result HTTP/1.1" 200 OK
worker-d1-embb-1-1   | INFO:     172.20.0.2:53970 - "POST /execute HTTP/1.1" 200 OK
broker-d1-1          | INFO:     172.20.0.3:49942 - "POST /result HTTP/1.1" 200 OK
worker-d1-embb-1-1   | INFO:     172.20.0.2:53756 - "POST /execute HTTP/1.1" 200 OK
worker-d1-embb-1-1   | INFO:httpx:HTTP Request: POST http://broker-d1:8080/result "HTTP/1.1 200 OK"
broker-d1-1          | 2026-03-21 01:36:52,502 INFO httpx: HTTP Request: POST http://172.20.0.3:8081/execute "HTTP/1.1 200 OK"
worker-d1-embb-1-1   | INFO:httpx:HTTP Request: POST http://broker-d1:8080/result "HTTP/1.1 200 OK"
broker-d1-1          | 2026-03-21 01:36:52,504 INFO httpx: HTTP Request: POST http://172.20.0.3:8081/execute "HTTP/1.1 200 OK"
worker-d1-embb-1-1   | INFO:httpx:HTTP Request: POST http://broker-d1:8080/result "HTTP/1.1 200 OK"
worker-d1-embb-1-1   | INFO:     172.20.0.2:53738 - "POST /execute HTTP/1.1" 200 OK
broker-d1-1          | INFO:     172.19.0.4:52708 - "POST /publish HTTP/1.1" 200 OK
broker-d1-1          | 2026-03-21 01:36:52,505 INFO httpx: HTTP Request: POST http://172.20.0.3:8081/execute "HTTP/1.1 200 OK"
broker-d1-1          | 2026-03-21 01:36:52,506 INFO __main__: Pipeline '4c2c3a13-1ec6-4c1f-8c33-16912dfc8189' (type=sensor_fusion) dispatched with placement {'decide': 'd1-embb-1', 'fuse': 'd1-embb-1', 'sensor_0': 'd1-embb-1', 'sensor_1': 'd1-embb-1', 'sensor_2': 'd1-embb-1'}.
workload-1           | INFO:httpx:HTTP Request: POST http://broker-d1:8080/publish "HTTP/1.1 200 OK"
broker-d1-1          | INFO:     172.21.0.3:51710 - "POST /result HTTP/1.1" 200 OK
broker-d1-1          | 2026-03-21 01:36:52,591 INFO __main__: Pipeline '04dbb925-e892-4ad4-adae-e2d27054c64b' completed successfully.
worker-d1-urllc-2-1  | INFO:httpx:HTTP Request: POST http://broker-d1:8080/result "HTTP/1.1 200 OK"
worker-d1-urllc-2-1  | INFO:     172.21.0.2:45298 - "POST /execute HTTP/1.1" 200 OK
broker-d1-1          | 2026-03-21 01:36:52,597 INFO httpx: HTTP Request: POST http://172.21.0.3:8081/execute "HTTP/1.1 200 OK"
broker-d1-1          | INFO:     172.21.0.3:33292 - "POST /result HTTP/1.1" 200 OK
worker-d1-urllc-2-1  | INFO:     172.21.0.2:45292 - "POST /execute HTTP/1.1" 200 OK
worker-d1-urllc-2-1  | INFO:httpx:HTTP Request: POST http://broker-d1:8080/result "HTTP/1.1 200 OK"
broker-d1-1          | 2026-03-21 01:36:52,603 INFO httpx: HTTP Request: POST http://172.21.0.3:8081/execute "HTTP/1.1 200 OK"
broker-d1-1          | INFO:     172.21.0.3:33318 - "POST /result HTTP/1.1" 200 OK
worker-d1-urllc-2-1  | INFO:httpx:HTTP Request: POST http://broker-d1:8080/result "HTTP/1.1 200 OK"
worker-d1-urllc-2-1  | INFO:     172.21.0.2:45276 - "POST /execute HTTP/1.1" 200 OK
broker-d1-1          | 2026-03-21 01:36:52,609 INFO httpx: HTTP Request: POST http://172.21.0.3:8081/execute "HTTP/1.1 200 OK"
broker-d1-1          | 2026-03-21 01:36:52,611 INFO __main__: Pipeline '04dbb925-e892-4ad4-adae-e2d27054c64b' (type=cqi_prediction) dispatched with placement {'predict': 'd1-urllc-2', 'feature_extract': 'd1-urllc-2', 'collect': 'd1-urllc-2'}.
broker-d1-1          | INFO:     172.19.0.4:52722 - "POST /publish HTTP/1.1" 200 OK
workload-1           | INFO:httpx:HTTP Request: POST http://broker-d1:8080/publish "HTTP/1.1 200 OK"
broker-d1-1          | INFO:     172.20.0.3:50136 - "POST /result HTTP/1.1" 200 OK
broker-d1-1          | 2026-03-21 01:36:52,838 INFO __main__: Pipeline '22400048-9042-428d-8443-791439fdb017' completed successfully.
worker-d1-embb-1-1   | INFO:httpx:HTTP Request: POST http://broker-d1:8080/result "HTTP/1.1 200 OK"
worker-d1-embb-1-1   | INFO:     172.20.0.2:54158 - "POST /execute HTTP/1.1" 200 OK
broker-d1-1          | 2026-03-21 01:36:52,845 INFO httpx: HTTP Request: POST http://172.20.0.3:8081/execute "HTTP/1.1 200 OK"
broker-d1-1          | INFO:     172.20.0.3:38108 - "POST /result HTTP/1.1" 200 OK
worker-d1-embb-1-1   | INFO:httpx:HTTP Request: POST http://broker-d1:8080/result "HTTP/1.1 200 OK"
worker-d1-embb-1-1   | INFO:     172.20.0.2:54076 - "POST /execute HTTP/1.1" 200 OK
broker-d1-1          | 2026-03-21 01:36:52,851 INFO httpx: HTTP Request: POST http://172.20.0.3:8081/execute "HTTP/1.1 200 OK"
broker-d1-1          | INFO:     172.20.0.3:38066 - "POST /result HTTP/1.1" 200 OK
worker-d1-embb-1-1   | INFO:httpx:HTTP Request: POST http://broker-d1:8080/result "HTTP/1.1 200 OK"
worker-d1-embb-1-1   | INFO:     172.20.0.2:54070 - "POST /execute HTTP/1.1" 200 OK
